<html>
<body>
<pre>
<h1>µVision Build Log</h1>
<h2>Tool Versions:</h2>
IDE-Version: ¶ÃVision V5.24.2.0
Copyright (C) 2017 ARM Ltd and ARM Germany GmbH. All rights reserved.
License Information: w 2296695162@qq.com, w, LIC=YA39H-WTPY7-WFEI7-EF612-R77GI-ILR5J
 
Tool Versions:
Toolchain:       MDK-ARM Plus  Version: 5.24.1
Toolchain Path:  F:\keiil5\ARM\ARMCC\Bin
C Compiler:      Armcc.exe V5.06 update 5 (build 528)
Assembler:       Armasm.exe V5.06 update 5 (build 528)
Linker/Locator:  ArmLink.exe V5.06 update 5 (build 528)
Library Manager: ArmAr.exe V5.06 update 5 (build 528)
Hex Converter:   FromElf.exe V5.06 update 5 (build 528)
CPU DLL:         SARMCM3.DLL V5.24.1
Dialog DLL:      DCM.DLL V1.16.0.0
Target DLL:      STLink\ST-LINKIII-KEIL_SWO.dll V3.0.1.0
Dialog DLL:      TCM.DLL V1.32.0.0
 
<h2>Project:</h2>
F:\stm32+freertos÷«ƒ‹ ÷±Ì\Project.uvprojx
Project File Date:  11/27/2025

<h2>Output:</h2>
*** Using Compiler 'V5.06 update 5 (build 528)', folder: 'F:\keiil5\ARM\ARMCC\Bin'
Rebuild target 'Target 1'
compiling stm32f10x_it.c...
compiling misc.c...
compiling croutine.c...
compiling list.c...
compiling main.c...
compiling event_groups.c...
compiling heap_4.c...
compiling freertos_debug.c...
compiling timers.c...
compiling queue.c...
compiling stream_buffer.c...
compiling port.c...
compiling tasks.c...
compiling stm32f10x_adc.c...
compiling stm32f10x_bkp.c...
compiling stm32f10x_crc.c...
compiling stm32f10x_cec.c...
compiling stm32f10x_can.c...
compiling stm32f10x_dbgmcu.c...
compiling stm32f10x_dac.c...
compiling stm32f10x_exti.c...
compiling stm32f10x_dma.c...
compiling stm32f10x_flash.c...
compiling stm32f10x_fsmc.c...
compiling stm32f10x_gpio.c...
compiling stm32f10x_i2c.c...
compiling stm32f10x_iwdg.c...
compiling stm32f10x_pwr.c...
compiling stm32f10x_rtc.c...
compiling stm32f10x_rcc.c...
compiling stm32f10x_sdio.c...
compiling stm32f10x_spi.c...
compiling stm32f10x_wwdg.c...
compiling bsp_rtc.c...
compiling stm32f10x_tim.c...
compiling stm32f10x_usart.c...
compiling bsp_usart.c...
compiling bsp_adc.c...
compiling bsp_timer.c...
compiling bsp_key.c...
compiling OLED_Data.c...
assembling startup_stm32f10x_md.s...
compiling kalman.c...
compiling core_cm3.c...
compiling bsp_led.c...
compiling bsp_mpu6050.c...
compiling step_algo.c...
compiling bsp_i2c.c...
compiling bsp_spi.c...
compiling bsp_flash.c...
compiling system_stm32f10x.c...
compiling bsp_delay.c...
compiling bsp_oled.c...
compiling bsp_sys.c...
compiling Storage.c...
compiling pedometer.c...
Middlewares\Algorithm\pedometer.c(14): warning:  #177-D: variable "LastAccelMag"  was declared but never referenced
  static float LastAccelMag = 0;
Middlewares\Algorithm\pedometer.c: 1 warning, 0 errors
compiling menu.c...
compiling debug_serial.c...
compiling task_display.c...
compiling task_manager.c...
compiling task_datasync.c...
compiling task_input.c...
compiling UI_Manager.c...
App\UI\UI_Manager.c(8): warning:  #550-D: variable "LastPage"  was set but never used
  static PageState_t LastPage = PAGE_CLOCK;
App\UI\UI_Manager.c: 1 warning, 0 errors
compiling task_sensor.c...
compiling DataCenter.c...
compiling SetTime.c...
compiling dino.c...
App\UI\dino.c(161): warning:  #1-D: last line of file ends without a newline
  }
App\UI\dino.c: 1 warning, 0 errors
compiling Page_Clock.c...
compiling Page_Menu.c...
compiling Page_Apps.c...
linking...
Program Size: Code=40842 RO-data=10002 RW-data=376 ZI-data=10512  
".\Objects\Project.axf" - 0 Error(s), 3 Warning(s).

<h2>Software Packages used:</h2>

Package Vendor: Keil
                http://www.keil.com/pack/Keil.STM32F1xx_DFP.2.2.0.pack
                Keil.STM32F1xx_DFP.2.2.0
                STMicroelectronics STM32F1 Series Device Support, Drivers and Examples

<h2>Collection of Component include folders:</h2>
  .\RTE\_Target_1
  F:\keiil5\ARM\PACK\Keil\STM32F1xx_DFP\2.2.0\Device\Include

<h2>Collection of Component Files used:</h2>
Build Time Elapsed:  00:00:02
</pre>
</body>
</html>
