<!doctype html public "-//w3c//dtd html 4.0 transitional//en">
<html><head>
<title>Static Call Graph - [.\Objects\Project.axf]</title></head>
<body><HR>
<H1>Static Call Graph for image .\Objects\Project.axf</H1><HR>
<BR><P>#&#060CALLGRAPH&#062# ARM Linker, 5060528: Last Updated: Thu Nov 27 19:42:00 2025
<BR><P>
<H3>Maximum Stack Usage =        496 bytes + Unknown(Functions without stacksize, Cycles, Untraceable Function Pointers)</H3><H3>
Call chain for Maximum Stack Depth:</H3>
DisplayTask &rArr; UI_Refresh &rArr; Page_MPU6050_Draw &rArr; OLED_Printf &rArr; OLED_ShowString &rArr; OLED_ShowChar &rArr; OLED_ShowImage &rArr; OLED_ClearArea
<P>
<H3>
Functions with no stack information
</H3><UL>
 <LI><a href="#[af]">__user_initial_stackheap</a>
</UL>
</UL>
<P>
<H3>
Mutually Recursive functions
</H3> <LI><a href="#[20]">ADC1_2_IRQHandler</a>&nbsp;&nbsp;&nbsp;&rArr;&nbsp;&nbsp;&nbsp;<a href="#[20]">ADC1_2_IRQHandler</a><BR>
</UL>
<P>
<H3>
Function Pointers
</H3><UL>
 <LI><a href="#[20]">ADC1_2_IRQHandler</a> from startup_stm32f10x_md.o(.text) referenced from startup_stm32f10x_md.o(RESET)
 <LI><a href="#[8]">BusFault_Handler</a> from stm32f10x_it.o(i.BusFault_Handler) referenced from startup_stm32f10x_md.o(RESET)
 <LI><a href="#[23]">CAN1_RX1_IRQHandler</a> from startup_stm32f10x_md.o(.text) referenced from startup_stm32f10x_md.o(RESET)
 <LI><a href="#[24]">CAN1_SCE_IRQHandler</a> from startup_stm32f10x_md.o(.text) referenced from startup_stm32f10x_md.o(RESET)
 <LI><a href="#[19]">DMA1_Channel1_IRQHandler</a> from startup_stm32f10x_md.o(.text) referenced from startup_stm32f10x_md.o(RESET)
 <LI><a href="#[1a]">DMA1_Channel2_IRQHandler</a> from startup_stm32f10x_md.o(.text) referenced from startup_stm32f10x_md.o(RESET)
 <LI><a href="#[1b]">DMA1_Channel3_IRQHandler</a> from startup_stm32f10x_md.o(.text) referenced from startup_stm32f10x_md.o(RESET)
 <LI><a href="#[1c]">DMA1_Channel4_IRQHandler</a> from startup_stm32f10x_md.o(.text) referenced from startup_stm32f10x_md.o(RESET)
 <LI><a href="#[1d]">DMA1_Channel5_IRQHandler</a> from startup_stm32f10x_md.o(.text) referenced from startup_stm32f10x_md.o(RESET)
 <LI><a href="#[1e]">DMA1_Channel6_IRQHandler</a> from startup_stm32f10x_md.o(.text) referenced from startup_stm32f10x_md.o(RESET)
 <LI><a href="#[1f]">DMA1_Channel7_IRQHandler</a> from startup_stm32f10x_md.o(.text) referenced from startup_stm32f10x_md.o(RESET)
 <LI><a href="#[42]">DataSyncTask</a> from task_datasync.o(i.DataSyncTask) referenced from task_manager.o(i.StartTask)
 <LI><a href="#[b]">DebugMon_Handler</a> from stm32f10x_it.o(i.DebugMon_Handler) referenced from startup_stm32f10x_md.o(RESET)
 <LI><a href="#[3f]">DisplayTask</a> from task_display.o(i.DisplayTask) referenced from task_manager.o(i.StartTask)
 <LI><a href="#[14]">EXTI0_IRQHandler</a> from startup_stm32f10x_md.o(.text) referenced from startup_stm32f10x_md.o(RESET)
 <LI><a href="#[36]">EXTI15_10_IRQHandler</a> from startup_stm32f10x_md.o(.text) referenced from startup_stm32f10x_md.o(RESET)
 <LI><a href="#[15]">EXTI1_IRQHandler</a> from startup_stm32f10x_md.o(.text) referenced from startup_stm32f10x_md.o(RESET)
 <LI><a href="#[16]">EXTI2_IRQHandler</a> from startup_stm32f10x_md.o(.text) referenced from startup_stm32f10x_md.o(RESET)
 <LI><a href="#[17]">EXTI3_IRQHandler</a> from startup_stm32f10x_md.o(.text) referenced from startup_stm32f10x_md.o(RESET)
 <LI><a href="#[18]">EXTI4_IRQHandler</a> from startup_stm32f10x_md.o(.text) referenced from startup_stm32f10x_md.o(RESET)
 <LI><a href="#[25]">EXTI9_5_IRQHandler</a> from startup_stm32f10x_md.o(.text) referenced from startup_stm32f10x_md.o(RESET)
 <LI><a href="#[12]">FLASH_IRQHandler</a> from startup_stm32f10x_md.o(.text) referenced from startup_stm32f10x_md.o(RESET)
 <LI><a href="#[6]">HardFault_Handler</a> from stm32f10x_it.o(i.HardFault_Handler) referenced from startup_stm32f10x_md.o(RESET)
 <LI><a href="#[2e]">I2C1_ER_IRQHandler</a> from startup_stm32f10x_md.o(.text) referenced from startup_stm32f10x_md.o(RESET)
 <LI><a href="#[2d]">I2C1_EV_IRQHandler</a> from startup_stm32f10x_md.o(.text) referenced from startup_stm32f10x_md.o(RESET)
 <LI><a href="#[30]">I2C2_ER_IRQHandler</a> from startup_stm32f10x_md.o(.text) referenced from startup_stm32f10x_md.o(RESET)
 <LI><a href="#[2f]">I2C2_EV_IRQHandler</a> from startup_stm32f10x_md.o(.text) referenced from startup_stm32f10x_md.o(RESET)
 <LI><a href="#[40]">KeyProcessTask</a> from task_input.o(i.KeyProcessTask) referenced from task_manager.o(i.StartTask)
 <LI><a href="#[41]">MPU6050Task</a> from task_sensor.o(i.MPU6050Task) referenced from task_manager.o(i.StartTask)
 <LI><a href="#[7]">MemManage_Handler</a> from stm32f10x_it.o(i.MemManage_Handler) referenced from startup_stm32f10x_md.o(RESET)
 <LI><a href="#[5]">NMI_Handler</a> from stm32f10x_it.o(i.NMI_Handler) referenced from startup_stm32f10x_md.o(RESET)
 <LI><a href="#[f]">PVD_IRQHandler</a> from startup_stm32f10x_md.o(.text) referenced from startup_stm32f10x_md.o(RESET)
 <LI><a href="#[c]">PendSV_Handler</a> from port.o(.emb_text) referenced from startup_stm32f10x_md.o(RESET)
 <LI><a href="#[13]">RCC_IRQHandler</a> from startup_stm32f10x_md.o(.text) referenced from startup_stm32f10x_md.o(RESET)
 <LI><a href="#[37]">RTCAlarm_IRQHandler</a> from startup_stm32f10x_md.o(.text) referenced from startup_stm32f10x_md.o(RESET)
 <LI><a href="#[11]">RTC_IRQHandler</a> from startup_stm32f10x_md.o(.text) referenced from startup_stm32f10x_md.o(RESET)
 <LI><a href="#[4]">Reset_Handler</a> from startup_stm32f10x_md.o(.text) referenced from startup_stm32f10x_md.o(RESET)
 <LI><a href="#[31]">SPI1_IRQHandler</a> from startup_stm32f10x_md.o(.text) referenced from startup_stm32f10x_md.o(RESET)
 <LI><a href="#[32]">SPI2_IRQHandler</a> from startup_stm32f10x_md.o(.text) referenced from startup_stm32f10x_md.o(RESET)
 <LI><a href="#[a]">SVC_Handler</a> from port.o(.emb_text) referenced from startup_stm32f10x_md.o(RESET)
 <LI><a href="#[43]">StartTask</a> from task_manager.o(i.StartTask) referenced from main.o(i.main)
 <LI><a href="#[d]">SysTick_Handler</a> from bsp_delay.o(i.SysTick_Handler) referenced from startup_stm32f10x_md.o(RESET)
 <LI><a href="#[39]">SystemInit</a> from system_stm32f10x.o(i.SystemInit) referenced from startup_stm32f10x_md.o(.text)
 <LI><a href="#[10]">TAMPER_IRQHandler</a> from startup_stm32f10x_md.o(.text) referenced from startup_stm32f10x_md.o(RESET)
 <LI><a href="#[26]">TIM1_BRK_IRQHandler</a> from startup_stm32f10x_md.o(.text) referenced from startup_stm32f10x_md.o(RESET)
 <LI><a href="#[29]">TIM1_CC_IRQHandler</a> from startup_stm32f10x_md.o(.text) referenced from startup_stm32f10x_md.o(RESET)
 <LI><a href="#[28]">TIM1_TRG_COM_IRQHandler</a> from startup_stm32f10x_md.o(.text) referenced from startup_stm32f10x_md.o(RESET)
 <LI><a href="#[27]">TIM1_UP_IRQHandler</a> from startup_stm32f10x_md.o(.text) referenced from startup_stm32f10x_md.o(RESET)
 <LI><a href="#[2a]">TIM2_IRQHandler</a> from bsp_timer.o(i.TIM2_IRQHandler) referenced from startup_stm32f10x_md.o(RESET)
 <LI><a href="#[2b]">TIM3_IRQHandler</a> from startup_stm32f10x_md.o(.text) referenced from startup_stm32f10x_md.o(RESET)
 <LI><a href="#[2c]">TIM4_IRQHandler</a> from startup_stm32f10x_md.o(.text) referenced from startup_stm32f10x_md.o(RESET)
 <LI><a href="#[33]">USART1_IRQHandler</a> from startup_stm32f10x_md.o(.text) referenced from startup_stm32f10x_md.o(RESET)
 <LI><a href="#[34]">USART2_IRQHandler</a> from startup_stm32f10x_md.o(.text) referenced from startup_stm32f10x_md.o(RESET)
 <LI><a href="#[35]">USART3_IRQHandler</a> from startup_stm32f10x_md.o(.text) referenced from startup_stm32f10x_md.o(RESET)
 <LI><a href="#[38]">USBWakeUp_IRQHandler</a> from startup_stm32f10x_md.o(.text) referenced from startup_stm32f10x_md.o(RESET)
 <LI><a href="#[21]">USB_HP_CAN1_TX_IRQHandler</a> from startup_stm32f10x_md.o(.text) referenced from startup_stm32f10x_md.o(RESET)
 <LI><a href="#[22]">USB_LP_CAN1_RX0_IRQHandler</a> from startup_stm32f10x_md.o(.text) referenced from startup_stm32f10x_md.o(RESET)
 <LI><a href="#[9]">UsageFault_Handler</a> from stm32f10x_it.o(i.UsageFault_Handler) referenced from startup_stm32f10x_md.o(RESET)
 <LI><a href="#[e]">WWDG_IRQHandler</a> from startup_stm32f10x_md.o(.text) referenced from startup_stm32f10x_md.o(RESET)
 <LI><a href="#[47]">__main</a> from __main.o(!!!main) referenced from startup_stm32f10x_md.o(.text)
 <LI><a href="#[3e]">_get_lc_ctype</a> from lc_ctype_c.o(locale$$code) referenced from rt_ctype_table.o(.text)
 <LI><a href="#[3c]">_printf_input_char</a> from _printf_char_common.o(.text) referenced from _printf_char_common.o(.text)
 <LI><a href="#[3b]">_sputc</a> from _sputc.o(.text) referenced from vsprintf.o(.text)
 <LI><a href="#[3d]">fputc</a> from bsp_usart.o(i.fputc) referenced from _printf_char_file.o(.text)
 <LI><a href="#[45]">prvIdleTask</a> from tasks.o(i.prvIdleTask) referenced from tasks.o(i.vTaskStartScheduler)
 <LI><a href="#[44]">prvTaskExitError</a> from port.o(i.prvTaskExitError) referenced from port.o(i.pxPortInitialiseStack)
 <LI><a href="#[46]">prvTimerTask</a> from timers.o(i.prvTimerTask) referenced from timers.o(i.xTimerCreateTimerTask)
</UL>
<P>
<H3>
Global Symbols
</H3>
<P><STRONG><a name="[47]"></a>__main</STRONG> (Thumb, 8 bytes, Stack size 0 bytes, __main.o(!!!main))
<BR><BR>[Calls]<UL><LI><a href="#[49]">&gt;&gt;</a>&nbsp;&nbsp;&nbsp;__rt_entry
<LI><a href="#[48]">&gt;&gt;</a>&nbsp;&nbsp;&nbsp;__scatterload
</UL>

<P><STRONG><a name="[48]"></a>__scatterload</STRONG> (Thumb, 0 bytes, Stack size unknown bytes, __scatter.o(!!!scatter))
<BR><BR>[Called By]<UL><LI><a href="#[47]">&gt;&gt;</a>&nbsp;&nbsp;&nbsp;__main
</UL>

<P><STRONG><a name="[4a]"></a>__scatterload_rt2</STRONG> (Thumb, 44 bytes, Stack size unknown bytes, __scatter.o(!!!scatter), UNUSED)
<BR><BR>[Calls]<UL><LI><a href="#[49]">&gt;&gt;</a>&nbsp;&nbsp;&nbsp;__rt_entry
</UL>

<P><STRONG><a name="[1f5]"></a>__scatterload_rt2_thumb_only</STRONG> (Thumb, 0 bytes, Stack size unknown bytes, __scatter.o(!!!scatter), UNUSED)

<P><STRONG><a name="[1f6]"></a>__scatterload_null</STRONG> (Thumb, 0 bytes, Stack size unknown bytes, __scatter.o(!!!scatter), UNUSED)

<P><STRONG><a name="[1f7]"></a>__decompress</STRONG> (Thumb, 90 bytes, Stack size unknown bytes, __dczerorl2.o(!!dczerorl2), UNUSED)

<P><STRONG><a name="[1f8]"></a>__decompress1</STRONG> (Thumb, 0 bytes, Stack size unknown bytes, __dczerorl2.o(!!dczerorl2), UNUSED)

<P><STRONG><a name="[1f9]"></a>__scatterload_zeroinit</STRONG> (Thumb, 28 bytes, Stack size unknown bytes, __scatter_zi.o(!!handler_zi), UNUSED)

<P><STRONG><a name="[4b]"></a>_printf_n</STRONG> (Thumb, 0 bytes, Stack size unknown bytes, _printf_n.o(.ARM.Collect$$_printf_percent$$00000001))
<BR><BR>[Calls]<UL><LI><a href="#[4c]">&gt;&gt;</a>&nbsp;&nbsp;&nbsp;_printf_charcount
</UL>

<P><STRONG><a name="[8c]"></a>_printf_percent</STRONG> (Thumb, 0 bytes, Stack size unknown bytes, _printf_percent.o(.ARM.Collect$$_printf_percent$$00000000))
<BR><BR>[Called By]<UL><LI><a href="#[8a]">&gt;&gt;</a>&nbsp;&nbsp;&nbsp;__printf
</UL>

<P><STRONG><a name="[4d]"></a>_printf_p</STRONG> (Thumb, 0 bytes, Stack size unknown bytes, _printf_p.o(.ARM.Collect$$_printf_percent$$00000002))
<BR><BR>[Stack]<UL><LI>Max Depth = 64 + Unknown Stack Size
<LI>Call Chain = _printf_p &rArr; _printf_hex_ptr &rArr; _printf_longlong_hex &rArr; _printf_int_common &rArr; _printf_post_padding
</UL>
<BR>[Calls]<UL><LI><a href="#[4e]">&gt;&gt;</a>&nbsp;&nbsp;&nbsp;_printf_hex_ptr
</UL>

<P><STRONG><a name="[4f]"></a>_printf_f</STRONG> (Thumb, 0 bytes, Stack size unknown bytes, _printf_f.o(.ARM.Collect$$_printf_percent$$00000003))
<BR><BR>[Stack]<UL><LI>Max Depth = 324 + Unknown Stack Size
<LI>Call Chain = _printf_f &rArr; _printf_fp_dec &rArr; _printf_fp_dec_real &rArr; _fp_digits &rArr; _btod_etento &rArr; _btod_emul &rArr; _e2e
</UL>
<BR>[Calls]<UL><LI><a href="#[50]">&gt;&gt;</a>&nbsp;&nbsp;&nbsp;_printf_fp_dec
</UL>

<P><STRONG><a name="[51]"></a>_printf_e</STRONG> (Thumb, 0 bytes, Stack size unknown bytes, _printf_e.o(.ARM.Collect$$_printf_percent$$00000004))
<BR><BR>[Stack]<UL><LI>Max Depth = 324 + Unknown Stack Size
<LI>Call Chain = _printf_e &rArr; _printf_fp_dec &rArr; _printf_fp_dec_real &rArr; _fp_digits &rArr; _btod_etento &rArr; _btod_emul &rArr; _e2e
</UL>
<BR>[Calls]<UL><LI><a href="#[50]">&gt;&gt;</a>&nbsp;&nbsp;&nbsp;_printf_fp_dec
</UL>

<P><STRONG><a name="[52]"></a>_printf_g</STRONG> (Thumb, 0 bytes, Stack size unknown bytes, _printf_g.o(.ARM.Collect$$_printf_percent$$00000005))
<BR><BR>[Stack]<UL><LI>Max Depth = 324 + Unknown Stack Size
<LI>Call Chain = _printf_g &rArr; _printf_fp_dec &rArr; _printf_fp_dec_real &rArr; _fp_digits &rArr; _btod_etento &rArr; _btod_emul &rArr; _e2e
</UL>
<BR>[Calls]<UL><LI><a href="#[50]">&gt;&gt;</a>&nbsp;&nbsp;&nbsp;_printf_fp_dec
</UL>

<P><STRONG><a name="[53]"></a>_printf_a</STRONG> (Thumb, 0 bytes, Stack size unknown bytes, _printf_a.o(.ARM.Collect$$_printf_percent$$00000006))
<BR><BR>[Stack]<UL><LI>Max Depth = 112 + Unknown Stack Size
<LI>Call Chain = _printf_a &rArr; _printf_fp_hex &rArr; _printf_fp_hex_real &rArr; _printf_fp_infnan &rArr; _printf_post_padding
</UL>
<BR>[Calls]<UL><LI><a href="#[54]">&gt;&gt;</a>&nbsp;&nbsp;&nbsp;_printf_fp_hex
</UL>

<P><STRONG><a name="[1fa]"></a>_printf_ll</STRONG> (Thumb, 0 bytes, Stack size unknown bytes, _printf_ll.o(.ARM.Collect$$_printf_percent$$00000007))

<P><STRONG><a name="[55]"></a>_printf_i</STRONG> (Thumb, 0 bytes, Stack size unknown bytes, _printf_i.o(.ARM.Collect$$_printf_percent$$00000008))
<BR><BR>[Stack]<UL><LI>Max Depth = 72 + Unknown Stack Size
<LI>Call Chain = _printf_i &rArr; _printf_int_dec &rArr; _printf_int_common &rArr; _printf_post_padding
</UL>
<BR>[Calls]<UL><LI><a href="#[56]">&gt;&gt;</a>&nbsp;&nbsp;&nbsp;_printf_int_dec
</UL>

<P><STRONG><a name="[57]"></a>_printf_d</STRONG> (Thumb, 0 bytes, Stack size unknown bytes, _printf_d.o(.ARM.Collect$$_printf_percent$$00000009))
<BR><BR>[Stack]<UL><LI>Max Depth = 72 + Unknown Stack Size
<LI>Call Chain = _printf_d &rArr; _printf_int_dec &rArr; _printf_int_common &rArr; _printf_post_padding
</UL>
<BR>[Calls]<UL><LI><a href="#[56]">&gt;&gt;</a>&nbsp;&nbsp;&nbsp;_printf_int_dec
</UL>

<P><STRONG><a name="[58]"></a>_printf_u</STRONG> (Thumb, 0 bytes, Stack size unknown bytes, _printf_u.o(.ARM.Collect$$_printf_percent$$0000000A))
<BR><BR>[Stack]<UL><LI>Max Depth = 72 + Unknown Stack Size
<LI>Call Chain = _printf_u &rArr; _printf_int_dec &rArr; _printf_int_common &rArr; _printf_post_padding
</UL>
<BR>[Calls]<UL><LI><a href="#[56]">&gt;&gt;</a>&nbsp;&nbsp;&nbsp;_printf_int_dec
</UL>

<P><STRONG><a name="[59]"></a>_printf_o</STRONG> (Thumb, 0 bytes, Stack size unknown bytes, _printf_o.o(.ARM.Collect$$_printf_percent$$0000000B))
<BR><BR>[Stack]<UL><LI>Max Depth = 64 + Unknown Stack Size
<LI>Call Chain = _printf_o &rArr; _printf_int_oct &rArr; _printf_longlong_oct &rArr; _printf_int_common &rArr; _printf_post_padding
</UL>
<BR>[Calls]<UL><LI><a href="#[5a]">&gt;&gt;</a>&nbsp;&nbsp;&nbsp;_printf_int_oct
</UL>

<P><STRONG><a name="[5b]"></a>_printf_x</STRONG> (Thumb, 0 bytes, Stack size unknown bytes, _printf_x.o(.ARM.Collect$$_printf_percent$$0000000C))
<BR><BR>[Stack]<UL><LI>Max Depth = 80 + Unknown Stack Size
<LI>Call Chain = _printf_x &rArr; _printf_int_hex &rArr; _printf_longlong_hex &rArr; _printf_int_common &rArr; _printf_post_padding
</UL>
<BR>[Calls]<UL><LI><a href="#[5c]">&gt;&gt;</a>&nbsp;&nbsp;&nbsp;_printf_int_hex
</UL>

<P><STRONG><a name="[5d]"></a>_printf_lli</STRONG> (Thumb, 0 bytes, Stack size unknown bytes, _printf_lli.o(.ARM.Collect$$_printf_percent$$0000000D))
<BR><BR>[Stack]<UL><LI>Max Depth = 72 + Unknown Stack Size
<LI>Call Chain = _printf_lli &rArr; _printf_longlong_dec &rArr; _printf_int_common &rArr; _printf_post_padding
</UL>
<BR>[Calls]<UL><LI><a href="#[5e]">&gt;&gt;</a>&nbsp;&nbsp;&nbsp;_printf_longlong_dec
</UL>

<P><STRONG><a name="[5f]"></a>_printf_lld</STRONG> (Thumb, 0 bytes, Stack size unknown bytes, _printf_lld.o(.ARM.Collect$$_printf_percent$$0000000E))
<BR><BR>[Stack]<UL><LI>Max Depth = 72 + Unknown Stack Size
<LI>Call Chain = _printf_lld &rArr; _printf_longlong_dec &rArr; _printf_int_common &rArr; _printf_post_padding
</UL>
<BR>[Calls]<UL><LI><a href="#[5e]">&gt;&gt;</a>&nbsp;&nbsp;&nbsp;_printf_longlong_dec
</UL>

<P><STRONG><a name="[60]"></a>_printf_llu</STRONG> (Thumb, 0 bytes, Stack size unknown bytes, _printf_llu.o(.ARM.Collect$$_printf_percent$$0000000F))
<BR><BR>[Stack]<UL><LI>Max Depth = 72 + Unknown Stack Size
<LI>Call Chain = _printf_llu &rArr; _printf_longlong_dec &rArr; _printf_int_common &rArr; _printf_post_padding
</UL>
<BR>[Calls]<UL><LI><a href="#[5e]">&gt;&gt;</a>&nbsp;&nbsp;&nbsp;_printf_longlong_dec
</UL>

<P><STRONG><a name="[61]"></a>_printf_llo</STRONG> (Thumb, 0 bytes, Stack size unknown bytes, _printf_llo.o(.ARM.Collect$$_printf_percent$$00000010))
<BR><BR>[Stack]<UL><LI>Max Depth = 56 + Unknown Stack Size
<LI>Call Chain = _printf_llo &rArr; _printf_ll_oct &rArr; _printf_longlong_oct &rArr; _printf_int_common &rArr; _printf_post_padding
</UL>
<BR>[Calls]<UL><LI><a href="#[62]">&gt;&gt;</a>&nbsp;&nbsp;&nbsp;_printf_ll_oct
</UL>

<P><STRONG><a name="[63]"></a>_printf_llx</STRONG> (Thumb, 0 bytes, Stack size unknown bytes, _printf_llx.o(.ARM.Collect$$_printf_percent$$00000011))
<BR><BR>[Stack]<UL><LI>Max Depth = 64 + Unknown Stack Size
<LI>Call Chain = _printf_llx &rArr; _printf_ll_hex &rArr; _printf_longlong_hex &rArr; _printf_int_common &rArr; _printf_post_padding
</UL>
<BR>[Calls]<UL><LI><a href="#[64]">&gt;&gt;</a>&nbsp;&nbsp;&nbsp;_printf_ll_hex
</UL>

<P><STRONG><a name="[1fb]"></a>_printf_l</STRONG> (Thumb, 0 bytes, Stack size unknown bytes, _printf_l.o(.ARM.Collect$$_printf_percent$$00000012))

<P><STRONG><a name="[65]"></a>_printf_c</STRONG> (Thumb, 0 bytes, Stack size unknown bytes, _printf_c.o(.ARM.Collect$$_printf_percent$$00000013))
<BR><BR>[Stack]<UL><LI>Max Depth = 40 + Unknown Stack Size
<LI>Call Chain = _printf_c &rArr; _printf_char &rArr; _printf_cs_common &rArr; _printf_str &rArr; _printf_post_padding
</UL>
<BR>[Calls]<UL><LI><a href="#[66]">&gt;&gt;</a>&nbsp;&nbsp;&nbsp;_printf_char
</UL>

<P><STRONG><a name="[67]"></a>_printf_s</STRONG> (Thumb, 0 bytes, Stack size unknown bytes, _printf_s.o(.ARM.Collect$$_printf_percent$$00000014))
<BR><BR>[Stack]<UL><LI>Max Depth = 40 + Unknown Stack Size
<LI>Call Chain = _printf_s &rArr; _printf_string &rArr; _printf_cs_common &rArr; _printf_str &rArr; _printf_post_padding
</UL>
<BR>[Calls]<UL><LI><a href="#[68]">&gt;&gt;</a>&nbsp;&nbsp;&nbsp;_printf_string
</UL>

<P><STRONG><a name="[69]"></a>_printf_lc</STRONG> (Thumb, 0 bytes, Stack size unknown bytes, _printf_lc.o(.ARM.Collect$$_printf_percent$$00000015))
<BR><BR>[Stack]<UL><LI>Max Depth = 88 + Unknown Stack Size
<LI>Call Chain = _printf_lc &rArr; _printf_wchar &rArr; _printf_lcs_common &rArr; _printf_wctomb &rArr; _wcrtomb &rArr; __rt_ctype_table
</UL>
<BR>[Calls]<UL><LI><a href="#[6a]">&gt;&gt;</a>&nbsp;&nbsp;&nbsp;_printf_wchar
</UL>

<P><STRONG><a name="[6b]"></a>_printf_ls</STRONG> (Thumb, 0 bytes, Stack size unknown bytes, _printf_ls.o(.ARM.Collect$$_printf_percent$$00000016))
<BR><BR>[Stack]<UL><LI>Max Depth = 88 + Unknown Stack Size
<LI>Call Chain = _printf_ls &rArr; _printf_wstring &rArr; _printf_lcs_common &rArr; _printf_wctomb &rArr; _wcrtomb &rArr; __rt_ctype_table
</UL>
<BR>[Calls]<UL><LI><a href="#[6c]">&gt;&gt;</a>&nbsp;&nbsp;&nbsp;_printf_wstring
</UL>

<P><STRONG><a name="[1fc]"></a>_printf_percent_end</STRONG> (Thumb, 0 bytes, Stack size unknown bytes, _printf_percent_end.o(.ARM.Collect$$_printf_percent$$00000017))

<P><STRONG><a name="[77]"></a>__rt_lib_init</STRONG> (Thumb, 0 bytes, Stack size unknown bytes, libinit.o(.ARM.Collect$$libinit$$00000000))
<BR><BR>[Called By]<UL><LI><a href="#[76]">&gt;&gt;</a>&nbsp;&nbsp;&nbsp;__rt_entry_li
</UL>

<P><STRONG><a name="[1fd]"></a>__rt_lib_init_fp_1</STRONG> (Thumb, 0 bytes, Stack size unknown bytes, libinit2.o(.ARM.Collect$$libinit$$00000002))

<P><STRONG><a name="[1fe]"></a>__rt_lib_init_heap_1</STRONG> (Thumb, 0 bytes, Stack size unknown bytes, libinit2.o(.ARM.Collect$$libinit$$0000000A))

<P><STRONG><a name="[1ff]"></a>__rt_lib_init_preinit_1</STRONG> (Thumb, 0 bytes, Stack size unknown bytes, libinit2.o(.ARM.Collect$$libinit$$00000004))

<P><STRONG><a name="[6d]"></a>__rt_lib_init_rand_2</STRONG> (Thumb, 0 bytes, Stack size unknown bytes, libinit2.o(.ARM.Collect$$libinit$$0000000D))
<BR><BR>[Stack]<UL><LI>Max Depth = 8 + Unknown Stack Size
<LI>Call Chain = __rt_lib_init_rand_2 &rArr; _rand_init &rArr; srand
</UL>
<BR>[Calls]<UL><LI><a href="#[6e]">&gt;&gt;</a>&nbsp;&nbsp;&nbsp;_rand_init
</UL>

<P><STRONG><a name="[200]"></a>__rt_lib_init_user_alloc_1</STRONG> (Thumb, 0 bytes, Stack size unknown bytes, libinit2.o(.ARM.Collect$$libinit$$0000000C))

<P><STRONG><a name="[6f]"></a>__rt_lib_init_lc_common</STRONG> (Thumb, 0 bytes, Stack size unknown bytes, libinit2.o(.ARM.Collect$$libinit$$0000000F))
<BR><BR>[Calls]<UL><LI><a href="#[70]">&gt;&gt;</a>&nbsp;&nbsp;&nbsp;__rt_locale
</UL>

<P><STRONG><a name="[201]"></a>__rt_lib_init_rand_1</STRONG> (Thumb, 0 bytes, Stack size unknown bytes, libinit2.o(.ARM.Collect$$libinit$$0000000E))

<P><STRONG><a name="[202]"></a>__rt_lib_init_lc_collate_1</STRONG> (Thumb, 0 bytes, Stack size unknown bytes, libinit2.o(.ARM.Collect$$libinit$$00000011))

<P><STRONG><a name="[71]"></a>__rt_lib_init_lc_ctype_2</STRONG> (Thumb, 0 bytes, Stack size unknown bytes, libinit2.o(.ARM.Collect$$libinit$$00000012))
<BR><BR>[Stack]<UL><LI>Max Depth = 8 + Unknown Stack Size
<LI>Call Chain = __rt_lib_init_lc_ctype_2 &rArr; _get_lc_ctype
</UL>
<BR>[Calls]<UL><LI><a href="#[3e]">&gt;&gt;</a>&nbsp;&nbsp;&nbsp;_get_lc_ctype
</UL>

<P><STRONG><a name="[203]"></a>__rt_lib_init_lc_ctype_1</STRONG> (Thumb, 0 bytes, Stack size unknown bytes, libinit2.o(.ARM.Collect$$libinit$$00000013))

<P><STRONG><a name="[204]"></a>__rt_lib_init_lc_monetary_1</STRONG> (Thumb, 0 bytes, Stack size unknown bytes, libinit2.o(.ARM.Collect$$libinit$$00000015))

<P><STRONG><a name="[72]"></a>__rt_lib_init_lc_numeric_2</STRONG> (Thumb, 0 bytes, Stack size unknown bytes, libinit2.o(.ARM.Collect$$libinit$$00000016))
<BR><BR>[Stack]<UL><LI>Max Depth = 8 + Unknown Stack Size
<LI>Call Chain = __rt_lib_init_lc_numeric_2 &rArr; _get_lc_numeric
</UL>
<BR>[Calls]<UL><LI><a href="#[73]">&gt;&gt;</a>&nbsp;&nbsp;&nbsp;_get_lc_numeric
</UL>

<P><STRONG><a name="[205]"></a>__rt_lib_init_alloca_1</STRONG> (Thumb, 0 bytes, Stack size unknown bytes, libinit2.o(.ARM.Collect$$libinit$$0000002E))

<P><STRONG><a name="[206]"></a>__rt_lib_init_argv_1</STRONG> (Thumb, 0 bytes, Stack size unknown bytes, libinit2.o(.ARM.Collect$$libinit$$0000002C))

<P><STRONG><a name="[207]"></a>__rt_lib_init_atexit_1</STRONG> (Thumb, 0 bytes, Stack size unknown bytes, libinit2.o(.ARM.Collect$$libinit$$0000001B))

<P><STRONG><a name="[208]"></a>__rt_lib_init_clock_1</STRONG> (Thumb, 0 bytes, Stack size unknown bytes, libinit2.o(.ARM.Collect$$libinit$$00000021))

<P><STRONG><a name="[209]"></a>__rt_lib_init_cpp_1</STRONG> (Thumb, 0 bytes, Stack size unknown bytes, libinit2.o(.ARM.Collect$$libinit$$00000032))

<P><STRONG><a name="[20a]"></a>__rt_lib_init_exceptions_1</STRONG> (Thumb, 0 bytes, Stack size unknown bytes, libinit2.o(.ARM.Collect$$libinit$$00000030))

<P><STRONG><a name="[20b]"></a>__rt_lib_init_fp_trap_1</STRONG> (Thumb, 0 bytes, Stack size unknown bytes, libinit2.o(.ARM.Collect$$libinit$$0000001F))

<P><STRONG><a name="[20c]"></a>__rt_lib_init_getenv_1</STRONG> (Thumb, 0 bytes, Stack size unknown bytes, libinit2.o(.ARM.Collect$$libinit$$00000023))

<P><STRONG><a name="[20d]"></a>__rt_lib_init_lc_numeric_1</STRONG> (Thumb, 0 bytes, Stack size unknown bytes, libinit2.o(.ARM.Collect$$libinit$$00000017))

<P><STRONG><a name="[20e]"></a>__rt_lib_init_lc_time_1</STRONG> (Thumb, 0 bytes, Stack size unknown bytes, libinit2.o(.ARM.Collect$$libinit$$00000019))

<P><STRONG><a name="[20f]"></a>__rt_lib_init_return</STRONG> (Thumb, 0 bytes, Stack size unknown bytes, libinit2.o(.ARM.Collect$$libinit$$00000033))

<P><STRONG><a name="[210]"></a>__rt_lib_init_signal_1</STRONG> (Thumb, 0 bytes, Stack size unknown bytes, libinit2.o(.ARM.Collect$$libinit$$0000001D))

<P><STRONG><a name="[211]"></a>__rt_lib_init_stdio_1</STRONG> (Thumb, 0 bytes, Stack size unknown bytes, libinit2.o(.ARM.Collect$$libinit$$00000025))

<P><STRONG><a name="[7c]"></a>__rt_lib_shutdown</STRONG> (Thumb, 0 bytes, Stack size unknown bytes, libshutdown.o(.ARM.Collect$$libshutdown$$00000000))
<BR><BR>[Called By]<UL><LI><a href="#[7b]">&gt;&gt;</a>&nbsp;&nbsp;&nbsp;__rt_exit_ls
</UL>

<P><STRONG><a name="[212]"></a>__rt_lib_shutdown_cpp_1</STRONG> (Thumb, 0 bytes, Stack size unknown bytes, libshutdown2.o(.ARM.Collect$$libshutdown$$00000002))

<P><STRONG><a name="[213]"></a>__rt_lib_shutdown_fp_trap_1</STRONG> (Thumb, 0 bytes, Stack size unknown bytes, libshutdown2.o(.ARM.Collect$$libshutdown$$00000007))

<P><STRONG><a name="[214]"></a>__rt_lib_shutdown_heap_1</STRONG> (Thumb, 0 bytes, Stack size unknown bytes, libshutdown2.o(.ARM.Collect$$libshutdown$$0000000F))

<P><STRONG><a name="[215]"></a>__rt_lib_shutdown_return</STRONG> (Thumb, 0 bytes, Stack size unknown bytes, libshutdown2.o(.ARM.Collect$$libshutdown$$00000010))

<P><STRONG><a name="[216]"></a>__rt_lib_shutdown_signal_1</STRONG> (Thumb, 0 bytes, Stack size unknown bytes, libshutdown2.o(.ARM.Collect$$libshutdown$$0000000A))

<P><STRONG><a name="[217]"></a>__rt_lib_shutdown_stdio_1</STRONG> (Thumb, 0 bytes, Stack size unknown bytes, libshutdown2.o(.ARM.Collect$$libshutdown$$00000004))

<P><STRONG><a name="[218]"></a>__rt_lib_shutdown_user_alloc_1</STRONG> (Thumb, 0 bytes, Stack size unknown bytes, libshutdown2.o(.ARM.Collect$$libshutdown$$0000000C))

<P><STRONG><a name="[49]"></a>__rt_entry</STRONG> (Thumb, 0 bytes, Stack size unknown bytes, __rtentry.o(.ARM.Collect$$rtentry$$00000000))
<BR><BR>[Called By]<UL><LI><a href="#[47]">&gt;&gt;</a>&nbsp;&nbsp;&nbsp;__main
<LI><a href="#[4a]">&gt;&gt;</a>&nbsp;&nbsp;&nbsp;__scatterload_rt2
</UL>

<P><STRONG><a name="[219]"></a>__rt_entry_presh_1</STRONG> (Thumb, 0 bytes, Stack size unknown bytes, __rtentry2.o(.ARM.Collect$$rtentry$$00000002))

<P><STRONG><a name="[74]"></a>__rt_entry_sh</STRONG> (Thumb, 0 bytes, Stack size unknown bytes, __rtentry4.o(.ARM.Collect$$rtentry$$00000004))
<BR><BR>[Stack]<UL><LI>Max Depth = 8 + Unknown Stack Size
<LI>Call Chain = __rt_entry_sh &rArr; __user_setup_stackheap
</UL>
<BR>[Calls]<UL><LI><a href="#[75]">&gt;&gt;</a>&nbsp;&nbsp;&nbsp;__user_setup_stackheap
</UL>

<P><STRONG><a name="[76]"></a>__rt_entry_li</STRONG> (Thumb, 0 bytes, Stack size unknown bytes, __rtentry2.o(.ARM.Collect$$rtentry$$0000000A))
<BR><BR>[Calls]<UL><LI><a href="#[77]">&gt;&gt;</a>&nbsp;&nbsp;&nbsp;__rt_lib_init
</UL>

<P><STRONG><a name="[21a]"></a>__rt_entry_postsh_1</STRONG> (Thumb, 0 bytes, Stack size unknown bytes, __rtentry2.o(.ARM.Collect$$rtentry$$00000009))

<P><STRONG><a name="[78]"></a>__rt_entry_main</STRONG> (Thumb, 0 bytes, Stack size unknown bytes, __rtentry2.o(.ARM.Collect$$rtentry$$0000000D))
<BR><BR>[Stack]<UL><LI>Max Depth = 328 + Unknown Stack Size
<LI>Call Chain = __rt_entry_main &rArr; main &rArr; vTaskStartScheduler &rArr; xTimerCreateTimerTask &rArr; prvCheckForValidListAndQueue &rArr; xQueueGenericCreateStatic &rArr; prvInitialiseNewQueue &rArr; xQueueGenericReset &rArr; xTaskRemoveFromEventList &rArr; __2printf &rArr; _printf_char_file &rArr; _printf_char_common &rArr; __printf
</UL>
<BR>[Calls]<UL><LI><a href="#[79]">&gt;&gt;</a>&nbsp;&nbsp;&nbsp;main
<LI><a href="#[7a]">&gt;&gt;</a>&nbsp;&nbsp;&nbsp;exit
</UL>

<P><STRONG><a name="[21b]"></a>__rt_entry_postli_1</STRONG> (Thumb, 0 bytes, Stack size unknown bytes, __rtentry2.o(.ARM.Collect$$rtentry$$0000000C))

<P><STRONG><a name="[b0]"></a>__rt_exit</STRONG> (Thumb, 0 bytes, Stack size unknown bytes, rtexit.o(.ARM.Collect$$rtexit$$00000000))
<BR><BR>[Called By]<UL><LI><a href="#[7a]">&gt;&gt;</a>&nbsp;&nbsp;&nbsp;exit
</UL>

<P><STRONG><a name="[7b]"></a>__rt_exit_ls</STRONG> (Thumb, 0 bytes, Stack size unknown bytes, rtexit2.o(.ARM.Collect$$rtexit$$00000003))
<BR><BR>[Calls]<UL><LI><a href="#[7c]">&gt;&gt;</a>&nbsp;&nbsp;&nbsp;__rt_lib_shutdown
</UL>

<P><STRONG><a name="[21c]"></a>__rt_exit_prels_1</STRONG> (Thumb, 0 bytes, Stack size unknown bytes, rtexit2.o(.ARM.Collect$$rtexit$$00000002))

<P><STRONG><a name="[7d]"></a>__rt_exit_exit</STRONG> (Thumb, 0 bytes, Stack size unknown bytes, rtexit2.o(.ARM.Collect$$rtexit$$00000004))
<BR><BR>[Calls]<UL><LI><a href="#[7e]">&gt;&gt;</a>&nbsp;&nbsp;&nbsp;_sys_exit
</UL>

<P><STRONG><a name="[a]"></a>SVC_Handler</STRONG> (Thumb, 32 bytes, Stack size 0 bytes, port.o(.emb_text))
<BR>[Address Reference Count : 1]<UL><LI> startup_stm32f10x_md.o(RESET)
</UL>
<P><STRONG><a name="[1c9]"></a>__asm___6_port_c_39a90d8d__prvStartFirstTask</STRONG> (Thumb, 28 bytes, Stack size 0 bytes, port.o(.emb_text))
<BR><BR>[Called By]<UL><LI><a href="#[1c6]">&gt;&gt;</a>&nbsp;&nbsp;&nbsp;xPortStartScheduler
</UL>

<P><STRONG><a name="[c]"></a>PendSV_Handler</STRONG> (Thumb, 72 bytes, Stack size 0 bytes, port.o(.emb_text))
<BR><BR>[Stack]<UL><LI>Max Depth = 160 + Unknown Stack Size
<LI>Call Chain = PendSV_Handler &rArr; vTaskSwitchContext &rArr; __2printf &rArr; _printf_char_file &rArr; _printf_char_common &rArr; __printf
</UL>
<BR>[Calls]<UL><LI><a href="#[7f]">&gt;&gt;</a>&nbsp;&nbsp;&nbsp;vTaskSwitchContext
</UL>
<BR>[Address Reference Count : 1]<UL><LI> startup_stm32f10x_md.o(RESET)
</UL>
<P><STRONG><a name="[1bd]"></a>vPortGetIPSR</STRONG> (Thumb, 6 bytes, Stack size 0 bytes, port.o(.emb_text))
<BR><BR>[Called By]<UL><LI><a href="#[1bc]">&gt;&gt;</a>&nbsp;&nbsp;&nbsp;vPortValidateInterruptPriority
</UL>

<P><STRONG><a name="[15d]"></a>rand</STRONG> (Thumb, 48 bytes, Stack size 0 bytes, rand.o(.emb_text))
<BR><BR>[Called By]<UL><LI><a href="#[130]">&gt;&gt;</a>&nbsp;&nbsp;&nbsp;Show_Barrier
</UL>

<P><STRONG><a name="[4]"></a>Reset_Handler</STRONG> (Thumb, 8 bytes, Stack size 0 bytes, startup_stm32f10x_md.o(.text))
<BR>[Address Reference Count : 1]<UL><LI> startup_stm32f10x_md.o(RESET)
</UL>
<P><STRONG><a name="[20]"></a>ADC1_2_IRQHandler</STRONG> (Thumb, 0 bytes, Stack size 0 bytes, startup_stm32f10x_md.o(.text))
<BR><BR>[Calls]<UL><LI><a href="#[20]">&gt;&gt;</a>&nbsp;&nbsp;&nbsp;ADC1_2_IRQHandler
</UL>
<BR>[Called By]<UL><LI><a href="#[20]">&gt;&gt;</a>&nbsp;&nbsp;&nbsp;ADC1_2_IRQHandler
</UL>
<BR>[Address Reference Count : 1]<UL><LI> startup_stm32f10x_md.o(RESET)
</UL>
<P><STRONG><a name="[23]"></a>CAN1_RX1_IRQHandler</STRONG> (Thumb, 0 bytes, Stack size 0 bytes, startup_stm32f10x_md.o(.text))
<BR>[Address Reference Count : 1]<UL><LI> startup_stm32f10x_md.o(RESET)
</UL>
<P><STRONG><a name="[24]"></a>CAN1_SCE_IRQHandler</STRONG> (Thumb, 0 bytes, Stack size 0 bytes, startup_stm32f10x_md.o(.text))
<BR>[Address Reference Count : 1]<UL><LI> startup_stm32f10x_md.o(RESET)
</UL>
<P><STRONG><a name="[19]"></a>DMA1_Channel1_IRQHandler</STRONG> (Thumb, 0 bytes, Stack size 0 bytes, startup_stm32f10x_md.o(.text))
<BR>[Address Reference Count : 1]<UL><LI> startup_stm32f10x_md.o(RESET)
</UL>
<P><STRONG><a name="[1a]"></a>DMA1_Channel2_IRQHandler</STRONG> (Thumb, 0 bytes, Stack size 0 bytes, startup_stm32f10x_md.o(.text))
<BR>[Address Reference Count : 1]<UL><LI> startup_stm32f10x_md.o(RESET)
</UL>
<P><STRONG><a name="[1b]"></a>DMA1_Channel3_IRQHandler</STRONG> (Thumb, 0 bytes, Stack size 0 bytes, startup_stm32f10x_md.o(.text))
<BR>[Address Reference Count : 1]<UL><LI> startup_stm32f10x_md.o(RESET)
</UL>
<P><STRONG><a name="[1c]"></a>DMA1_Channel4_IRQHandler</STRONG> (Thumb, 0 bytes, Stack size 0 bytes, startup_stm32f10x_md.o(.text))
<BR>[Address Reference Count : 1]<UL><LI> startup_stm32f10x_md.o(RESET)
</UL>
<P><STRONG><a name="[1d]"></a>DMA1_Channel5_IRQHandler</STRONG> (Thumb, 0 bytes, Stack size 0 bytes, startup_stm32f10x_md.o(.text))
<BR>[Address Reference Count : 1]<UL><LI> startup_stm32f10x_md.o(RESET)
</UL>
<P><STRONG><a name="[1e]"></a>DMA1_Channel6_IRQHandler</STRONG> (Thumb, 0 bytes, Stack size 0 bytes, startup_stm32f10x_md.o(.text))
<BR>[Address Reference Count : 1]<UL><LI> startup_stm32f10x_md.o(RESET)
</UL>
<P><STRONG><a name="[1f]"></a>DMA1_Channel7_IRQHandler</STRONG> (Thumb, 0 bytes, Stack size 0 bytes, startup_stm32f10x_md.o(.text))
<BR>[Address Reference Count : 1]<UL><LI> startup_stm32f10x_md.o(RESET)
</UL>
<P><STRONG><a name="[14]"></a>EXTI0_IRQHandler</STRONG> (Thumb, 0 bytes, Stack size 0 bytes, startup_stm32f10x_md.o(.text))
<BR>[Address Reference Count : 1]<UL><LI> startup_stm32f10x_md.o(RESET)
</UL>
<P><STRONG><a name="[36]"></a>EXTI15_10_IRQHandler</STRONG> (Thumb, 0 bytes, Stack size 0 bytes, startup_stm32f10x_md.o(.text))
<BR>[Address Reference Count : 1]<UL><LI> startup_stm32f10x_md.o(RESET)
</UL>
<P><STRONG><a name="[15]"></a>EXTI1_IRQHandler</STRONG> (Thumb, 0 bytes, Stack size 0 bytes, startup_stm32f10x_md.o(.text))
<BR>[Address Reference Count : 1]<UL><LI> startup_stm32f10x_md.o(RESET)
</UL>
<P><STRONG><a name="[16]"></a>EXTI2_IRQHandler</STRONG> (Thumb, 0 bytes, Stack size 0 bytes, startup_stm32f10x_md.o(.text))
<BR>[Address Reference Count : 1]<UL><LI> startup_stm32f10x_md.o(RESET)
</UL>
<P><STRONG><a name="[17]"></a>EXTI3_IRQHandler</STRONG> (Thumb, 0 bytes, Stack size 0 bytes, startup_stm32f10x_md.o(.text))
<BR>[Address Reference Count : 1]<UL><LI> startup_stm32f10x_md.o(RESET)
</UL>
<P><STRONG><a name="[18]"></a>EXTI4_IRQHandler</STRONG> (Thumb, 0 bytes, Stack size 0 bytes, startup_stm32f10x_md.o(.text))
<BR>[Address Reference Count : 1]<UL><LI> startup_stm32f10x_md.o(RESET)
</UL>
<P><STRONG><a name="[25]"></a>EXTI9_5_IRQHandler</STRONG> (Thumb, 0 bytes, Stack size 0 bytes, startup_stm32f10x_md.o(.text))
<BR>[Address Reference Count : 1]<UL><LI> startup_stm32f10x_md.o(RESET)
</UL>
<P><STRONG><a name="[12]"></a>FLASH_IRQHandler</STRONG> (Thumb, 0 bytes, Stack size 0 bytes, startup_stm32f10x_md.o(.text))
<BR>[Address Reference Count : 1]<UL><LI> startup_stm32f10x_md.o(RESET)
</UL>
<P><STRONG><a name="[2e]"></a>I2C1_ER_IRQHandler</STRONG> (Thumb, 0 bytes, Stack size 0 bytes, startup_stm32f10x_md.o(.text))
<BR>[Address Reference Count : 1]<UL><LI> startup_stm32f10x_md.o(RESET)
</UL>
<P><STRONG><a name="[2d]"></a>I2C1_EV_IRQHandler</STRONG> (Thumb, 0 bytes, Stack size 0 bytes, startup_stm32f10x_md.o(.text))
<BR>[Address Reference Count : 1]<UL><LI> startup_stm32f10x_md.o(RESET)
</UL>
<P><STRONG><a name="[30]"></a>I2C2_ER_IRQHandler</STRONG> (Thumb, 0 bytes, Stack size 0 bytes, startup_stm32f10x_md.o(.text))
<BR>[Address Reference Count : 1]<UL><LI> startup_stm32f10x_md.o(RESET)
</UL>
<P><STRONG><a name="[2f]"></a>I2C2_EV_IRQHandler</STRONG> (Thumb, 0 bytes, Stack size 0 bytes, startup_stm32f10x_md.o(.text))
<BR>[Address Reference Count : 1]<UL><LI> startup_stm32f10x_md.o(RESET)
</UL>
<P><STRONG><a name="[f]"></a>PVD_IRQHandler</STRONG> (Thumb, 0 bytes, Stack size 0 bytes, startup_stm32f10x_md.o(.text))
<BR>[Address Reference Count : 1]<UL><LI> startup_stm32f10x_md.o(RESET)
</UL>
<P><STRONG><a name="[13]"></a>RCC_IRQHandler</STRONG> (Thumb, 0 bytes, Stack size 0 bytes, startup_stm32f10x_md.o(.text))
<BR>[Address Reference Count : 1]<UL><LI> startup_stm32f10x_md.o(RESET)
</UL>
<P><STRONG><a name="[37]"></a>RTCAlarm_IRQHandler</STRONG> (Thumb, 0 bytes, Stack size 0 bytes, startup_stm32f10x_md.o(.text))
<BR>[Address Reference Count : 1]<UL><LI> startup_stm32f10x_md.o(RESET)
</UL>
<P><STRONG><a name="[11]"></a>RTC_IRQHandler</STRONG> (Thumb, 0 bytes, Stack size 0 bytes, startup_stm32f10x_md.o(.text))
<BR>[Address Reference Count : 1]<UL><LI> startup_stm32f10x_md.o(RESET)
</UL>
<P><STRONG><a name="[31]"></a>SPI1_IRQHandler</STRONG> (Thumb, 0 bytes, Stack size 0 bytes, startup_stm32f10x_md.o(.text))
<BR>[Address Reference Count : 1]<UL><LI> startup_stm32f10x_md.o(RESET)
</UL>
<P><STRONG><a name="[32]"></a>SPI2_IRQHandler</STRONG> (Thumb, 0 bytes, Stack size 0 bytes, startup_stm32f10x_md.o(.text))
<BR>[Address Reference Count : 1]<UL><LI> startup_stm32f10x_md.o(RESET)
</UL>
<P><STRONG><a name="[10]"></a>TAMPER_IRQHandler</STRONG> (Thumb, 0 bytes, Stack size 0 bytes, startup_stm32f10x_md.o(.text))
<BR>[Address Reference Count : 1]<UL><LI> startup_stm32f10x_md.o(RESET)
</UL>
<P><STRONG><a name="[26]"></a>TIM1_BRK_IRQHandler</STRONG> (Thumb, 0 bytes, Stack size 0 bytes, startup_stm32f10x_md.o(.text))
<BR>[Address Reference Count : 1]<UL><LI> startup_stm32f10x_md.o(RESET)
</UL>
<P><STRONG><a name="[29]"></a>TIM1_CC_IRQHandler</STRONG> (Thumb, 0 bytes, Stack size 0 bytes, startup_stm32f10x_md.o(.text))
<BR>[Address Reference Count : 1]<UL><LI> startup_stm32f10x_md.o(RESET)
</UL>
<P><STRONG><a name="[28]"></a>TIM1_TRG_COM_IRQHandler</STRONG> (Thumb, 0 bytes, Stack size 0 bytes, startup_stm32f10x_md.o(.text))
<BR>[Address Reference Count : 1]<UL><LI> startup_stm32f10x_md.o(RESET)
</UL>
<P><STRONG><a name="[27]"></a>TIM1_UP_IRQHandler</STRONG> (Thumb, 0 bytes, Stack size 0 bytes, startup_stm32f10x_md.o(.text))
<BR>[Address Reference Count : 1]<UL><LI> startup_stm32f10x_md.o(RESET)
</UL>
<P><STRONG><a name="[2b]"></a>TIM3_IRQHandler</STRONG> (Thumb, 0 bytes, Stack size 0 bytes, startup_stm32f10x_md.o(.text))
<BR>[Address Reference Count : 1]<UL><LI> startup_stm32f10x_md.o(RESET)
</UL>
<P><STRONG><a name="[2c]"></a>TIM4_IRQHandler</STRONG> (Thumb, 0 bytes, Stack size 0 bytes, startup_stm32f10x_md.o(.text))
<BR>[Address Reference Count : 1]<UL><LI> startup_stm32f10x_md.o(RESET)
</UL>
<P><STRONG><a name="[33]"></a>USART1_IRQHandler</STRONG> (Thumb, 0 bytes, Stack size 0 bytes, startup_stm32f10x_md.o(.text))
<BR>[Address Reference Count : 1]<UL><LI> startup_stm32f10x_md.o(RESET)
</UL>
<P><STRONG><a name="[34]"></a>USART2_IRQHandler</STRONG> (Thumb, 0 bytes, Stack size 0 bytes, startup_stm32f10x_md.o(.text))
<BR>[Address Reference Count : 1]<UL><LI> startup_stm32f10x_md.o(RESET)
</UL>
<P><STRONG><a name="[35]"></a>USART3_IRQHandler</STRONG> (Thumb, 0 bytes, Stack size 0 bytes, startup_stm32f10x_md.o(.text))
<BR>[Address Reference Count : 1]<UL><LI> startup_stm32f10x_md.o(RESET)
</UL>
<P><STRONG><a name="[38]"></a>USBWakeUp_IRQHandler</STRONG> (Thumb, 0 bytes, Stack size 0 bytes, startup_stm32f10x_md.o(.text))
<BR>[Address Reference Count : 1]<UL><LI> startup_stm32f10x_md.o(RESET)
</UL>
<P><STRONG><a name="[21]"></a>USB_HP_CAN1_TX_IRQHandler</STRONG> (Thumb, 0 bytes, Stack size 0 bytes, startup_stm32f10x_md.o(.text))
<BR>[Address Reference Count : 1]<UL><LI> startup_stm32f10x_md.o(RESET)
</UL>
<P><STRONG><a name="[22]"></a>USB_LP_CAN1_RX0_IRQHandler</STRONG> (Thumb, 0 bytes, Stack size 0 bytes, startup_stm32f10x_md.o(.text))
<BR>[Address Reference Count : 1]<UL><LI> startup_stm32f10x_md.o(RESET)
</UL>
<P><STRONG><a name="[e]"></a>WWDG_IRQHandler</STRONG> (Thumb, 0 bytes, Stack size 0 bytes, startup_stm32f10x_md.o(.text))
<BR>[Address Reference Count : 1]<UL><LI> startup_stm32f10x_md.o(RESET)
</UL>
<P><STRONG><a name="[af]"></a>__user_initial_stackheap</STRONG> (Thumb, 0 bytes, Stack size unknown bytes, startup_stm32f10x_md.o(.text))
<BR><BR>[Called By]<UL><LI><a href="#[75]">&gt;&gt;</a>&nbsp;&nbsp;&nbsp;__user_setup_stackheap
</UL>

<P><STRONG><a name="[21d]"></a>__use_no_semihosting</STRONG> (Thumb, 2 bytes, Stack size 0 bytes, use_no_semi_2.o(.text), UNUSED)

<P><STRONG><a name="[80]"></a>vsprintf</STRONG> (Thumb, 32 bytes, Stack size 16 bytes, vsprintf.o(.text))
<BR><BR>[Stack]<UL><LI>Max Depth = 120 + Unknown Stack Size
<LI>Call Chain = vsprintf &rArr; _printf_char_common &rArr; __printf
</UL>
<BR>[Calls]<UL><LI><a href="#[3b]">&gt;&gt;</a>&nbsp;&nbsp;&nbsp;_sputc
<LI><a href="#[81]">&gt;&gt;</a>&nbsp;&nbsp;&nbsp;_printf_char_common
</UL>
<BR>[Called By]<UL><LI><a href="#[c2]">&gt;&gt;</a>&nbsp;&nbsp;&nbsp;Serial_Printf
<LI><a href="#[11e]">&gt;&gt;</a>&nbsp;&nbsp;&nbsp;OLED_Printf
</UL>

<P><STRONG><a name="[82]"></a>__2printf</STRONG> (Thumb, 20 bytes, Stack size 24 bytes, __2printf.o(.text))
<BR><BR>[Stack]<UL><LI>Max Depth = 144 + Unknown Stack Size
<LI>Call Chain = __2printf &rArr; _printf_char_file &rArr; _printf_char_common &rArr; __printf
</UL>
<BR>[Calls]<UL><LI><a href="#[83]">&gt;&gt;</a>&nbsp;&nbsp;&nbsp;_printf_char_file
</UL>
<BR>[Called By]<UL><LI><a href="#[1ca]">&gt;&gt;</a>&nbsp;&nbsp;&nbsp;xTaskIncrementTick
<LI><a href="#[1c6]">&gt;&gt;</a>&nbsp;&nbsp;&nbsp;xPortStartScheduler
<LI><a href="#[1bc]">&gt;&gt;</a>&nbsp;&nbsp;&nbsp;vPortValidateInterruptPriority
<LI><a href="#[7f]">&gt;&gt;</a>&nbsp;&nbsp;&nbsp;vTaskSwitchContext
<LI><a href="#[44]">&gt;&gt;</a>&nbsp;&nbsp;&nbsp;prvTaskExitError
<LI><a href="#[1b0]">&gt;&gt;</a>&nbsp;&nbsp;&nbsp;xTaskResumeAll
<LI><a href="#[166]">&gt;&gt;</a>&nbsp;&nbsp;&nbsp;vPortExitCritical
<LI><a href="#[161]">&gt;&gt;</a>&nbsp;&nbsp;&nbsp;vPortEnterCritical
<LI><a href="#[19f]">&gt;&gt;</a>&nbsp;&nbsp;&nbsp;vPortFree
<LI><a href="#[1b7]">&gt;&gt;</a>&nbsp;&nbsp;&nbsp;pvPortMalloc
<LI><a href="#[190]">&gt;&gt;</a>&nbsp;&nbsp;&nbsp;vTaskStartScheduler
<LI><a href="#[1ac]">&gt;&gt;</a>&nbsp;&nbsp;&nbsp;prvProcessReceivedCommands
<LI><a href="#[1c5]">&gt;&gt;</a>&nbsp;&nbsp;&nbsp;xTimerCreateTimerTask
<LI><a href="#[cb]">&gt;&gt;</a>&nbsp;&nbsp;&nbsp;xTaskDelayUntil
<LI><a href="#[1c4]">&gt;&gt;</a>&nbsp;&nbsp;&nbsp;xTaskCreateStatic
<LI><a href="#[165]">&gt;&gt;</a>&nbsp;&nbsp;&nbsp;vTaskDelete
<LI><a href="#[c3]">&gt;&gt;</a>&nbsp;&nbsp;&nbsp;vTaskDelay
<LI><a href="#[1a4]">&gt;&gt;</a>&nbsp;&nbsp;&nbsp;prvInitialiseNewTask
<LI><a href="#[19a]">&gt;&gt;</a>&nbsp;&nbsp;&nbsp;prvDeleteTCB
<LI><a href="#[1b5]">&gt;&gt;</a>&nbsp;&nbsp;&nbsp;xTaskRemoveFromEventList
<LI><a href="#[19e]">&gt;&gt;</a>&nbsp;&nbsp;&nbsp;xTaskPriorityDisinherit
<LI><a href="#[1cc]">&gt;&gt;</a>&nbsp;&nbsp;&nbsp;xTaskCheckForTimeOut
<LI><a href="#[1c2]">&gt;&gt;</a>&nbsp;&nbsp;&nbsp;vTaskPriorityDisinheritAfterTimeout
<LI><a href="#[1be]">&gt;&gt;</a>&nbsp;&nbsp;&nbsp;vTaskPlaceOnEventListRestricted
<LI><a href="#[1c1]">&gt;&gt;</a>&nbsp;&nbsp;&nbsp;vTaskPlaceOnEventList
<LI><a href="#[b9]">&gt;&gt;</a>&nbsp;&nbsp;&nbsp;xQueueSemaphoreTake
<LI><a href="#[d2]">&gt;&gt;</a>&nbsp;&nbsp;&nbsp;xQueueReceive
<LI><a href="#[151]">&gt;&gt;</a>&nbsp;&nbsp;&nbsp;xQueueGenericSendFromISR
<LI><a href="#[ba]">&gt;&gt;</a>&nbsp;&nbsp;&nbsp;xQueueGenericSend
<LI><a href="#[1a3]">&gt;&gt;</a>&nbsp;&nbsp;&nbsp;xQueueGenericReset
<LI><a href="#[198]">&gt;&gt;</a>&nbsp;&nbsp;&nbsp;xQueueGenericCreateStatic
<LI><a href="#[163]">&gt;&gt;</a>&nbsp;&nbsp;&nbsp;xQueueGenericCreate
</UL>

<P><STRONG><a name="[84]"></a>_printf_str</STRONG> (Thumb, 82 bytes, Stack size 16 bytes, _printf_str.o(.text))
<BR><BR>[Stack]<UL><LI>Max Depth = 32<LI>Call Chain = _printf_str &rArr; _printf_post_padding
</UL>
<BR>[Calls]<UL><LI><a href="#[86]">&gt;&gt;</a>&nbsp;&nbsp;&nbsp;_printf_post_padding
<LI><a href="#[85]">&gt;&gt;</a>&nbsp;&nbsp;&nbsp;_printf_pre_padding
</UL>
<BR>[Called By]<UL><LI><a href="#[99]">&gt;&gt;</a>&nbsp;&nbsp;&nbsp;_printf_cs_common
</UL>

<P><STRONG><a name="[56]"></a>_printf_int_dec</STRONG> (Thumb, 104 bytes, Stack size 24 bytes, _printf_dec.o(.text))
<BR><BR>[Stack]<UL><LI>Max Depth = 72<LI>Call Chain = _printf_int_dec &rArr; _printf_int_common &rArr; _printf_post_padding
</UL>
<BR>[Calls]<UL><LI><a href="#[89]">&gt;&gt;</a>&nbsp;&nbsp;&nbsp;_printf_int_common
<LI><a href="#[88]">&gt;&gt;</a>&nbsp;&nbsp;&nbsp;_printf_truncate_unsigned
<LI><a href="#[87]">&gt;&gt;</a>&nbsp;&nbsp;&nbsp;_printf_truncate_signed
</UL>
<BR>[Called By]<UL><LI><a href="#[58]">&gt;&gt;</a>&nbsp;&nbsp;&nbsp;_printf_u
<LI><a href="#[57]">&gt;&gt;</a>&nbsp;&nbsp;&nbsp;_printf_d
<LI><a href="#[55]">&gt;&gt;</a>&nbsp;&nbsp;&nbsp;_printf_i
</UL>

<P><STRONG><a name="[8a]"></a>__printf</STRONG> (Thumb, 388 bytes, Stack size 40 bytes, __printf_flags_ss_wp.o(.text))
<BR><BR>[Stack]<UL><LI>Max Depth = 40 + Unknown Stack Size
<LI>Call Chain = __printf
</UL>
<BR>[Calls]<UL><LI><a href="#[8c]">&gt;&gt;</a>&nbsp;&nbsp;&nbsp;_printf_percent
<LI><a href="#[8b]">&gt;&gt;</a>&nbsp;&nbsp;&nbsp;_is_digit
</UL>
<BR>[Called By]<UL><LI><a href="#[81]">&gt;&gt;</a>&nbsp;&nbsp;&nbsp;_printf_char_common
</UL>

<P><STRONG><a name="[8d]"></a>srand</STRONG> (Thumb, 42 bytes, Stack size 8 bytes, rand.o(.text))
<BR><BR>[Stack]<UL><LI>Max Depth = 8<LI>Call Chain = srand
</UL>
<BR>[Called By]<UL><LI><a href="#[6e]">&gt;&gt;</a>&nbsp;&nbsp;&nbsp;_rand_init
</UL>

<P><STRONG><a name="[6e]"></a>_rand_init</STRONG> (Thumb, 4 bytes, Stack size 0 bytes, rand.o(.text))
<BR><BR>[Stack]<UL><LI>Max Depth = 8<LI>Call Chain = _rand_init &rArr; srand
</UL>
<BR>[Calls]<UL><LI><a href="#[8d]">&gt;&gt;</a>&nbsp;&nbsp;&nbsp;srand
</UL>
<BR>[Called By]<UL><LI><a href="#[6d]">&gt;&gt;</a>&nbsp;&nbsp;&nbsp;__rt_lib_init_rand_2
</UL>

<P><STRONG><a name="[19c]"></a>__aeabi_memcpy</STRONG> (Thumb, 0 bytes, Stack size 0 bytes, rt_memcpy_v6.o(.text))
<BR><BR>[Called By]<UL><LI><a href="#[19d]">&gt;&gt;</a>&nbsp;&nbsp;&nbsp;prvCopyDataToQueue
<LI><a href="#[19b]">&gt;&gt;</a>&nbsp;&nbsp;&nbsp;prvCopyDataFromQueue
</UL>

<P><STRONG><a name="[8e]"></a>__rt_memcpy</STRONG> (Thumb, 138 bytes, Stack size 0 bytes, rt_memcpy_v6.o(.text), UNUSED)
<BR><BR>[Calls]<UL><LI><a href="#[8f]">&gt;&gt;</a>&nbsp;&nbsp;&nbsp;__aeabi_memcpy4
</UL>

<P><STRONG><a name="[21e]"></a>_memcpy_lastbytes</STRONG> (Thumb, 0 bytes, Stack size unknown bytes, rt_memcpy_v6.o(.text), UNUSED)

<P><STRONG><a name="[8f]"></a>__aeabi_memcpy4</STRONG> (Thumb, 0 bytes, Stack size 8 bytes, rt_memcpy_w.o(.text))
<BR><BR>[Stack]<UL><LI>Max Depth = 8<LI>Call Chain = __aeabi_memcpy4
</UL>
<BR>[Called By]<UL><LI><a href="#[be]">&gt;&gt;</a>&nbsp;&nbsp;&nbsp;MyRTC_ReadTime
<LI><a href="#[8e]">&gt;&gt;</a>&nbsp;&nbsp;&nbsp;__rt_memcpy
</UL>

<P><STRONG><a name="[21f]"></a>__aeabi_memcpy8</STRONG> (Thumb, 0 bytes, Stack size 8 bytes, rt_memcpy_w.o(.text), UNUSED)

<P><STRONG><a name="[220]"></a>__rt_memcpy_w</STRONG> (Thumb, 100 bytes, Stack size 8 bytes, rt_memcpy_w.o(.text), UNUSED)

<P><STRONG><a name="[221]"></a>_memcpy_lastbytes_aligned</STRONG> (Thumb, 0 bytes, Stack size unknown bytes, rt_memcpy_w.o(.text), UNUSED)

<P><STRONG><a name="[90]"></a>__aeabi_memset</STRONG> (Thumb, 16 bytes, Stack size 0 bytes, aeabi_memset.o(.text))
<BR><BR>[Calls]<UL><LI><a href="#[91]">&gt;&gt;</a>&nbsp;&nbsp;&nbsp;_memset
</UL>
<BR>[Called By]<UL><LI><a href="#[1a4]">&gt;&gt;</a>&nbsp;&nbsp;&nbsp;prvInitialiseNewTask
</UL>

<P><STRONG><a name="[a2]"></a>__aeabi_memclr4</STRONG> (Thumb, 0 bytes, Stack size 4 bytes, rt_memclr_w.o(.text))
<BR><BR>[Stack]<UL><LI>Max Depth = 4<LI>Call Chain = __aeabi_memclr4
</UL>
<BR>[Called By]<UL><LI><a href="#[93]">&gt;&gt;</a>&nbsp;&nbsp;&nbsp;_localtime_r
</UL>

<P><STRONG><a name="[222]"></a>__aeabi_memclr8</STRONG> (Thumb, 0 bytes, Stack size 4 bytes, rt_memclr_w.o(.text), UNUSED)

<P><STRONG><a name="[223]"></a>__rt_memclr_w</STRONG> (Thumb, 78 bytes, Stack size 4 bytes, rt_memclr_w.o(.text), UNUSED)

<P><STRONG><a name="[a1]"></a>_memset_w</STRONG> (Thumb, 0 bytes, Stack size unknown bytes, rt_memclr_w.o(.text), UNUSED)
<BR><BR>[Called By]<UL><LI><a href="#[a0]">&gt;&gt;</a>&nbsp;&nbsp;&nbsp;__rt_memclr
</UL>

<P><STRONG><a name="[126]"></a>strcmp</STRONG> (Thumb, 128 bytes, Stack size 0 bytes, strcmpv7m.o(.text))
<BR><BR>[Called By]<UL><LI><a href="#[11f]">&gt;&gt;</a>&nbsp;&nbsp;&nbsp;OLED_ShowString
<LI><a href="#[3e]">&gt;&gt;</a>&nbsp;&nbsp;&nbsp;_get_lc_ctype
<LI><a href="#[73]">&gt;&gt;</a>&nbsp;&nbsp;&nbsp;_get_lc_numeric
</UL>

<P><STRONG><a name="[92]"></a>localtime</STRONG> (Thumb, 6 bytes, Stack size 0 bytes, localtime.o(.text))
<BR><BR>[Stack]<UL><LI>Max Depth = 20<LI>Call Chain = localtime &rArr; _localtime_r &rArr; __aeabi_memclr4
</UL>
<BR>[Calls]<UL><LI><a href="#[93]">&gt;&gt;</a>&nbsp;&nbsp;&nbsp;_localtime_r
</UL>
<BR>[Called By]<UL><LI><a href="#[be]">&gt;&gt;</a>&nbsp;&nbsp;&nbsp;MyRTC_ReadTime
</UL>

<P><STRONG><a name="[94]"></a>mktime</STRONG> (Thumb, 356 bytes, Stack size 40 bytes, mktime.o(.text))
<BR><BR>[Stack]<UL><LI>Max Depth = 48<LI>Call Chain = mktime &rArr; _tm_carry
</UL>
<BR>[Calls]<UL><LI><a href="#[95]">&gt;&gt;</a>&nbsp;&nbsp;&nbsp;_tm_carry
</UL>
<BR>[Called By]<UL><LI><a href="#[b7]">&gt;&gt;</a>&nbsp;&nbsp;&nbsp;MyRTC_SetTime
</UL>

<P><STRONG><a name="[224]"></a>__use_two_region_memory</STRONG> (Thumb, 2 bytes, Stack size 0 bytes, heapauxi.o(.text), UNUSED)

<P><STRONG><a name="[225]"></a>__rt_heap_escrow$2region</STRONG> (Thumb, 2 bytes, Stack size 0 bytes, heapauxi.o(.text), UNUSED)

<P><STRONG><a name="[226]"></a>__rt_heap_expand$2region</STRONG> (Thumb, 2 bytes, Stack size 0 bytes, heapauxi.o(.text), UNUSED)

<P><STRONG><a name="[227]"></a>__I$use$semihosting</STRONG> (Thumb, 0 bytes, Stack size 0 bytes, use_no_semi.o(.text), UNUSED)

<P><STRONG><a name="[228]"></a>__use_no_semihosting_swi</STRONG> (Thumb, 2 bytes, Stack size 0 bytes, use_no_semi.o(.text), UNUSED)

<P><STRONG><a name="[96]"></a>__read_errno</STRONG> (Thumb, 10 bytes, Stack size 8 bytes, _rserrno.o(.text), UNUSED)
<BR><BR>[Calls]<UL><LI><a href="#[97]">&gt;&gt;</a>&nbsp;&nbsp;&nbsp;__aeabi_errno_addr
</UL>

<P><STRONG><a name="[98]"></a>__set_errno</STRONG> (Thumb, 12 bytes, Stack size 8 bytes, _rserrno.o(.text))
<BR><BR>[Stack]<UL><LI>Max Depth = 8<LI>Call Chain = __set_errno
</UL>
<BR>[Calls]<UL><LI><a href="#[97]">&gt;&gt;</a>&nbsp;&nbsp;&nbsp;__aeabi_errno_addr
</UL>
<BR>[Called By]<UL><LI><a href="#[167]">&gt;&gt;</a>&nbsp;&nbsp;&nbsp;sqrt
<LI><a href="#[15f]">&gt;&gt;</a>&nbsp;&nbsp;&nbsp;sin
</UL>

<P><STRONG><a name="[85]"></a>_printf_pre_padding</STRONG> (Thumb, 44 bytes, Stack size 16 bytes, _printf_pad.o(.text))
<BR><BR>[Stack]<UL><LI>Max Depth = 16<LI>Call Chain = _printf_pre_padding
</UL>
<BR>[Called By]<UL><LI><a href="#[84]">&gt;&gt;</a>&nbsp;&nbsp;&nbsp;_printf_str
<LI><a href="#[aa]">&gt;&gt;</a>&nbsp;&nbsp;&nbsp;_printf_fp_infnan
<LI><a href="#[ab]">&gt;&gt;</a>&nbsp;&nbsp;&nbsp;_printf_fp_hex_real
<LI><a href="#[a8]">&gt;&gt;</a>&nbsp;&nbsp;&nbsp;_printf_fp_dec_real
<LI><a href="#[9b]">&gt;&gt;</a>&nbsp;&nbsp;&nbsp;_printf_wctomb
<LI><a href="#[89]">&gt;&gt;</a>&nbsp;&nbsp;&nbsp;_printf_int_common
</UL>

<P><STRONG><a name="[86]"></a>_printf_post_padding</STRONG> (Thumb, 34 bytes, Stack size 16 bytes, _printf_pad.o(.text))
<BR><BR>[Stack]<UL><LI>Max Depth = 16<LI>Call Chain = _printf_post_padding
</UL>
<BR>[Called By]<UL><LI><a href="#[84]">&gt;&gt;</a>&nbsp;&nbsp;&nbsp;_printf_str
<LI><a href="#[aa]">&gt;&gt;</a>&nbsp;&nbsp;&nbsp;_printf_fp_infnan
<LI><a href="#[ab]">&gt;&gt;</a>&nbsp;&nbsp;&nbsp;_printf_fp_hex_real
<LI><a href="#[a8]">&gt;&gt;</a>&nbsp;&nbsp;&nbsp;_printf_fp_dec_real
<LI><a href="#[9b]">&gt;&gt;</a>&nbsp;&nbsp;&nbsp;_printf_wctomb
<LI><a href="#[89]">&gt;&gt;</a>&nbsp;&nbsp;&nbsp;_printf_int_common
</UL>

<P><STRONG><a name="[87]"></a>_printf_truncate_signed</STRONG> (Thumb, 18 bytes, Stack size 0 bytes, _printf_truncate.o(.text))
<BR><BR>[Called By]<UL><LI><a href="#[56]">&gt;&gt;</a>&nbsp;&nbsp;&nbsp;_printf_int_dec
</UL>

<P><STRONG><a name="[88]"></a>_printf_truncate_unsigned</STRONG> (Thumb, 18 bytes, Stack size 0 bytes, _printf_truncate.o(.text))
<BR><BR>[Called By]<UL><LI><a href="#[56]">&gt;&gt;</a>&nbsp;&nbsp;&nbsp;_printf_int_dec
<LI><a href="#[5c]">&gt;&gt;</a>&nbsp;&nbsp;&nbsp;_printf_int_hex
<LI><a href="#[5a]">&gt;&gt;</a>&nbsp;&nbsp;&nbsp;_printf_int_oct
</UL>

<P><STRONG><a name="[89]"></a>_printf_int_common</STRONG> (Thumb, 178 bytes, Stack size 32 bytes, _printf_intcommon.o(.text))
<BR><BR>[Stack]<UL><LI>Max Depth = 48<LI>Call Chain = _printf_int_common &rArr; _printf_post_padding
</UL>
<BR>[Calls]<UL><LI><a href="#[86]">&gt;&gt;</a>&nbsp;&nbsp;&nbsp;_printf_post_padding
<LI><a href="#[85]">&gt;&gt;</a>&nbsp;&nbsp;&nbsp;_printf_pre_padding
</UL>
<BR>[Called By]<UL><LI><a href="#[56]">&gt;&gt;</a>&nbsp;&nbsp;&nbsp;_printf_int_dec
<LI><a href="#[9f]">&gt;&gt;</a>&nbsp;&nbsp;&nbsp;_printf_longlong_hex
<LI><a href="#[9e]">&gt;&gt;</a>&nbsp;&nbsp;&nbsp;_printf_longlong_oct
<LI><a href="#[5e]">&gt;&gt;</a>&nbsp;&nbsp;&nbsp;_printf_longlong_dec
</UL>

<P><STRONG><a name="[4c]"></a>_printf_charcount</STRONG> (Thumb, 40 bytes, Stack size 0 bytes, _printf_charcount.o(.text))
<BR><BR>[Called By]<UL><LI><a href="#[4b]">&gt;&gt;</a>&nbsp;&nbsp;&nbsp;_printf_n
</UL>

<P><STRONG><a name="[81]"></a>_printf_char_common</STRONG> (Thumb, 32 bytes, Stack size 64 bytes, _printf_char_common.o(.text))
<BR><BR>[Stack]<UL><LI>Max Depth = 104 + Unknown Stack Size
<LI>Call Chain = _printf_char_common &rArr; __printf
</UL>
<BR>[Calls]<UL><LI><a href="#[8a]">&gt;&gt;</a>&nbsp;&nbsp;&nbsp;__printf
</UL>
<BR>[Called By]<UL><LI><a href="#[80]">&gt;&gt;</a>&nbsp;&nbsp;&nbsp;vsprintf
<LI><a href="#[83]">&gt;&gt;</a>&nbsp;&nbsp;&nbsp;_printf_char_file
</UL>

<P><STRONG><a name="[3b]"></a>_sputc</STRONG> (Thumb, 10 bytes, Stack size 0 bytes, _sputc.o(.text))
<BR><BR>[Called By]<UL><LI><a href="#[80]">&gt;&gt;</a>&nbsp;&nbsp;&nbsp;vsprintf
</UL>
<BR>[Address Reference Count : 1]<UL><LI> vsprintf.o(.text)
</UL>
<P><STRONG><a name="[99]"></a>_printf_cs_common</STRONG> (Thumb, 20 bytes, Stack size 8 bytes, _printf_char.o(.text))
<BR><BR>[Stack]<UL><LI>Max Depth = 40<LI>Call Chain = _printf_cs_common &rArr; _printf_str &rArr; _printf_post_padding
</UL>
<BR>[Calls]<UL><LI><a href="#[84]">&gt;&gt;</a>&nbsp;&nbsp;&nbsp;_printf_str
</UL>
<BR>[Called By]<UL><LI><a href="#[68]">&gt;&gt;</a>&nbsp;&nbsp;&nbsp;_printf_string
<LI><a href="#[66]">&gt;&gt;</a>&nbsp;&nbsp;&nbsp;_printf_char
</UL>

<P><STRONG><a name="[66]"></a>_printf_char</STRONG> (Thumb, 16 bytes, Stack size 0 bytes, _printf_char.o(.text))
<BR><BR>[Stack]<UL><LI>Max Depth = 40<LI>Call Chain = _printf_char &rArr; _printf_cs_common &rArr; _printf_str &rArr; _printf_post_padding
</UL>
<BR>[Calls]<UL><LI><a href="#[99]">&gt;&gt;</a>&nbsp;&nbsp;&nbsp;_printf_cs_common
</UL>
<BR>[Called By]<UL><LI><a href="#[65]">&gt;&gt;</a>&nbsp;&nbsp;&nbsp;_printf_c
</UL>

<P><STRONG><a name="[68]"></a>_printf_string</STRONG> (Thumb, 8 bytes, Stack size 0 bytes, _printf_char.o(.text))
<BR><BR>[Stack]<UL><LI>Max Depth = 40<LI>Call Chain = _printf_string &rArr; _printf_cs_common &rArr; _printf_str &rArr; _printf_post_padding
</UL>
<BR>[Calls]<UL><LI><a href="#[99]">&gt;&gt;</a>&nbsp;&nbsp;&nbsp;_printf_cs_common
</UL>
<BR>[Called By]<UL><LI><a href="#[67]">&gt;&gt;</a>&nbsp;&nbsp;&nbsp;_printf_s
</UL>

<P><STRONG><a name="[83]"></a>_printf_char_file</STRONG> (Thumb, 32 bytes, Stack size 16 bytes, _printf_char_file.o(.text))
<BR><BR>[Stack]<UL><LI>Max Depth = 120 + Unknown Stack Size
<LI>Call Chain = _printf_char_file &rArr; _printf_char_common &rArr; __printf
</UL>
<BR>[Calls]<UL><LI><a href="#[9a]">&gt;&gt;</a>&nbsp;&nbsp;&nbsp;ferror
<LI><a href="#[81]">&gt;&gt;</a>&nbsp;&nbsp;&nbsp;_printf_char_common
</UL>
<BR>[Called By]<UL><LI><a href="#[82]">&gt;&gt;</a>&nbsp;&nbsp;&nbsp;__2printf
</UL>

<P><STRONG><a name="[9b]"></a>_printf_wctomb</STRONG> (Thumb, 182 bytes, Stack size 56 bytes, _printf_wctomb.o(.text))
<BR><BR>[Stack]<UL><LI>Max Depth = 80<LI>Call Chain = _printf_wctomb &rArr; _wcrtomb &rArr; __rt_ctype_table
</UL>
<BR>[Calls]<UL><LI><a href="#[9c]">&gt;&gt;</a>&nbsp;&nbsp;&nbsp;_wcrtomb
<LI><a href="#[86]">&gt;&gt;</a>&nbsp;&nbsp;&nbsp;_printf_post_padding
<LI><a href="#[85]">&gt;&gt;</a>&nbsp;&nbsp;&nbsp;_printf_pre_padding
</UL>
<BR>[Called By]<UL><LI><a href="#[ac]">&gt;&gt;</a>&nbsp;&nbsp;&nbsp;_printf_lcs_common
</UL>

<P><STRONG><a name="[5e]"></a>_printf_longlong_dec</STRONG> (Thumb, 108 bytes, Stack size 24 bytes, _printf_longlong_dec.o(.text))
<BR><BR>[Stack]<UL><LI>Max Depth = 72<LI>Call Chain = _printf_longlong_dec &rArr; _printf_int_common &rArr; _printf_post_padding
</UL>
<BR>[Calls]<UL><LI><a href="#[9d]">&gt;&gt;</a>&nbsp;&nbsp;&nbsp;_ll_udiv10
<LI><a href="#[89]">&gt;&gt;</a>&nbsp;&nbsp;&nbsp;_printf_int_common
</UL>
<BR>[Called By]<UL><LI><a href="#[60]">&gt;&gt;</a>&nbsp;&nbsp;&nbsp;_printf_llu
<LI><a href="#[5f]">&gt;&gt;</a>&nbsp;&nbsp;&nbsp;_printf_lld
<LI><a href="#[5d]">&gt;&gt;</a>&nbsp;&nbsp;&nbsp;_printf_lli
</UL>

<P><STRONG><a name="[9e]"></a>_printf_longlong_oct</STRONG> (Thumb, 66 bytes, Stack size 8 bytes, _printf_oct_int_ll.o(.text))
<BR><BR>[Stack]<UL><LI>Max Depth = 56<LI>Call Chain = _printf_longlong_oct &rArr; _printf_int_common &rArr; _printf_post_padding
</UL>
<BR>[Calls]<UL><LI><a href="#[89]">&gt;&gt;</a>&nbsp;&nbsp;&nbsp;_printf_int_common
</UL>
<BR>[Called By]<UL><LI><a href="#[62]">&gt;&gt;</a>&nbsp;&nbsp;&nbsp;_printf_ll_oct
<LI><a href="#[5a]">&gt;&gt;</a>&nbsp;&nbsp;&nbsp;_printf_int_oct
</UL>

<P><STRONG><a name="[5a]"></a>_printf_int_oct</STRONG> (Thumb, 24 bytes, Stack size 8 bytes, _printf_oct_int_ll.o(.text))
<BR><BR>[Stack]<UL><LI>Max Depth = 64<LI>Call Chain = _printf_int_oct &rArr; _printf_longlong_oct &rArr; _printf_int_common &rArr; _printf_post_padding
</UL>
<BR>[Calls]<UL><LI><a href="#[9e]">&gt;&gt;</a>&nbsp;&nbsp;&nbsp;_printf_longlong_oct
<LI><a href="#[88]">&gt;&gt;</a>&nbsp;&nbsp;&nbsp;_printf_truncate_unsigned
</UL>
<BR>[Called By]<UL><LI><a href="#[59]">&gt;&gt;</a>&nbsp;&nbsp;&nbsp;_printf_o
</UL>

<P><STRONG><a name="[62]"></a>_printf_ll_oct</STRONG> (Thumb, 12 bytes, Stack size 0 bytes, _printf_oct_int_ll.o(.text))
<BR><BR>[Stack]<UL><LI>Max Depth = 56<LI>Call Chain = _printf_ll_oct &rArr; _printf_longlong_oct &rArr; _printf_int_common &rArr; _printf_post_padding
</UL>
<BR>[Calls]<UL><LI><a href="#[9e]">&gt;&gt;</a>&nbsp;&nbsp;&nbsp;_printf_longlong_oct
</UL>
<BR>[Called By]<UL><LI><a href="#[61]">&gt;&gt;</a>&nbsp;&nbsp;&nbsp;_printf_llo
</UL>

<P><STRONG><a name="[9f]"></a>_printf_longlong_hex</STRONG> (Thumb, 86 bytes, Stack size 16 bytes, _printf_hex_int_ll_ptr.o(.text))
<BR><BR>[Stack]<UL><LI>Max Depth = 64<LI>Call Chain = _printf_longlong_hex &rArr; _printf_int_common &rArr; _printf_post_padding
</UL>
<BR>[Calls]<UL><LI><a href="#[89]">&gt;&gt;</a>&nbsp;&nbsp;&nbsp;_printf_int_common
</UL>
<BR>[Called By]<UL><LI><a href="#[4e]">&gt;&gt;</a>&nbsp;&nbsp;&nbsp;_printf_hex_ptr
<LI><a href="#[64]">&gt;&gt;</a>&nbsp;&nbsp;&nbsp;_printf_ll_hex
<LI><a href="#[5c]">&gt;&gt;</a>&nbsp;&nbsp;&nbsp;_printf_int_hex
</UL>

<P><STRONG><a name="[5c]"></a>_printf_int_hex</STRONG> (Thumb, 28 bytes, Stack size 16 bytes, _printf_hex_int_ll_ptr.o(.text))
<BR><BR>[Stack]<UL><LI>Max Depth = 80<LI>Call Chain = _printf_int_hex &rArr; _printf_longlong_hex &rArr; _printf_int_common &rArr; _printf_post_padding
</UL>
<BR>[Calls]<UL><LI><a href="#[9f]">&gt;&gt;</a>&nbsp;&nbsp;&nbsp;_printf_longlong_hex
<LI><a href="#[88]">&gt;&gt;</a>&nbsp;&nbsp;&nbsp;_printf_truncate_unsigned
</UL>
<BR>[Called By]<UL><LI><a href="#[5b]">&gt;&gt;</a>&nbsp;&nbsp;&nbsp;_printf_x
</UL>

<P><STRONG><a name="[64]"></a>_printf_ll_hex</STRONG> (Thumb, 12 bytes, Stack size 0 bytes, _printf_hex_int_ll_ptr.o(.text))
<BR><BR>[Stack]<UL><LI>Max Depth = 64<LI>Call Chain = _printf_ll_hex &rArr; _printf_longlong_hex &rArr; _printf_int_common &rArr; _printf_post_padding
</UL>
<BR>[Calls]<UL><LI><a href="#[9f]">&gt;&gt;</a>&nbsp;&nbsp;&nbsp;_printf_longlong_hex
</UL>
<BR>[Called By]<UL><LI><a href="#[63]">&gt;&gt;</a>&nbsp;&nbsp;&nbsp;_printf_llx
</UL>

<P><STRONG><a name="[4e]"></a>_printf_hex_ptr</STRONG> (Thumb, 18 bytes, Stack size 0 bytes, _printf_hex_int_ll_ptr.o(.text))
<BR><BR>[Stack]<UL><LI>Max Depth = 64<LI>Call Chain = _printf_hex_ptr &rArr; _printf_longlong_hex &rArr; _printf_int_common &rArr; _printf_post_padding
</UL>
<BR>[Calls]<UL><LI><a href="#[9f]">&gt;&gt;</a>&nbsp;&nbsp;&nbsp;_printf_longlong_hex
</UL>
<BR>[Called By]<UL><LI><a href="#[4d]">&gt;&gt;</a>&nbsp;&nbsp;&nbsp;_printf_p
</UL>

<P><STRONG><a name="[229]"></a>__aeabi_memclr</STRONG> (Thumb, 0 bytes, Stack size 0 bytes, rt_memclr.o(.text), UNUSED)

<P><STRONG><a name="[a0]"></a>__rt_memclr</STRONG> (Thumb, 68 bytes, Stack size 0 bytes, rt_memclr.o(.text), UNUSED)
<BR><BR>[Calls]<UL><LI><a href="#[a1]">&gt;&gt;</a>&nbsp;&nbsp;&nbsp;_memset_w
</UL>

<P><STRONG><a name="[91]"></a>_memset</STRONG> (Thumb, 0 bytes, Stack size unknown bytes, rt_memclr.o(.text))
<BR><BR>[Called By]<UL><LI><a href="#[90]">&gt;&gt;</a>&nbsp;&nbsp;&nbsp;__aeabi_memset
</UL>

<P><STRONG><a name="[93]"></a>_localtime_r</STRONG> (Thumb, 178 bytes, Stack size 16 bytes, localtime_internal.o(.text))
<BR><BR>[Stack]<UL><LI>Max Depth = 20<LI>Call Chain = _localtime_r &rArr; __aeabi_memclr4
</UL>
<BR>[Calls]<UL><LI><a href="#[a2]">&gt;&gt;</a>&nbsp;&nbsp;&nbsp;__aeabi_memclr4
</UL>
<BR>[Called By]<UL><LI><a href="#[92]">&gt;&gt;</a>&nbsp;&nbsp;&nbsp;localtime
</UL>

<P><STRONG><a name="[22a]"></a>_n$localtime_r</STRONG> (Thumb, 0 bytes, Stack size 16 bytes, localtime_internal.o(.text), UNUSED)

<P><STRONG><a name="[97]"></a>__aeabi_errno_addr</STRONG> (Thumb, 8 bytes, Stack size 0 bytes, rt_errno_addr_intlibspace.o(.text))
<BR><BR>[Called By]<UL><LI><a href="#[98]">&gt;&gt;</a>&nbsp;&nbsp;&nbsp;__set_errno
<LI><a href="#[96]">&gt;&gt;</a>&nbsp;&nbsp;&nbsp;__read_errno
</UL>

<P><STRONG><a name="[22b]"></a>__errno$intlibspace</STRONG> (Thumb, 0 bytes, Stack size 0 bytes, rt_errno_addr_intlibspace.o(.text), UNUSED)

<P><STRONG><a name="[22c]"></a>__rt_errno_addr$intlibspace</STRONG> (Thumb, 0 bytes, Stack size 0 bytes, rt_errno_addr_intlibspace.o(.text), UNUSED)

<P><STRONG><a name="[9d]"></a>_ll_udiv10</STRONG> (Thumb, 138 bytes, Stack size 12 bytes, lludiv10.o(.text))
<BR><BR>[Stack]<UL><LI>Max Depth = 12<LI>Call Chain = _ll_udiv10
</UL>
<BR>[Called By]<UL><LI><a href="#[a3]">&gt;&gt;</a>&nbsp;&nbsp;&nbsp;_fp_digits
<LI><a href="#[5e]">&gt;&gt;</a>&nbsp;&nbsp;&nbsp;_printf_longlong_dec
</UL>

<P><STRONG><a name="[22d]"></a>__lib_sel_fp_printf</STRONG> (Thumb, 2 bytes, Stack size 0 bytes, _printf_fp_dec.o(.text), UNUSED)

<P><STRONG><a name="[a8]"></a>_printf_fp_dec_real</STRONG> (Thumb, 620 bytes, Stack size 104 bytes, _printf_fp_dec.o(.text))
<BR><BR>[Stack]<UL><LI>Max Depth = 324<LI>Call Chain = _printf_fp_dec_real &rArr; _fp_digits &rArr; _btod_etento &rArr; _btod_emul &rArr; _e2e
</UL>
<BR>[Calls]<UL><LI><a href="#[aa]">&gt;&gt;</a>&nbsp;&nbsp;&nbsp;_printf_fp_infnan
<LI><a href="#[70]">&gt;&gt;</a>&nbsp;&nbsp;&nbsp;__rt_locale
<LI><a href="#[a9]">&gt;&gt;</a>&nbsp;&nbsp;&nbsp;__ARM_fpclassify
<LI><a href="#[a3]">&gt;&gt;</a>&nbsp;&nbsp;&nbsp;_fp_digits
<LI><a href="#[86]">&gt;&gt;</a>&nbsp;&nbsp;&nbsp;_printf_post_padding
<LI><a href="#[85]">&gt;&gt;</a>&nbsp;&nbsp;&nbsp;_printf_pre_padding
</UL>
<BR>[Called By]<UL><LI><a href="#[50]">&gt;&gt;</a>&nbsp;&nbsp;&nbsp;_printf_fp_dec
</UL>

<P><STRONG><a name="[ab]"></a>_printf_fp_hex_real</STRONG> (Thumb, 756 bytes, Stack size 72 bytes, _printf_fp_hex.o(.text))
<BR><BR>[Stack]<UL><LI>Max Depth = 112<LI>Call Chain = _printf_fp_hex_real &rArr; _printf_fp_infnan &rArr; _printf_post_padding
</UL>
<BR>[Calls]<UL><LI><a href="#[aa]">&gt;&gt;</a>&nbsp;&nbsp;&nbsp;_printf_fp_infnan
<LI><a href="#[a9]">&gt;&gt;</a>&nbsp;&nbsp;&nbsp;__ARM_fpclassify
<LI><a href="#[86]">&gt;&gt;</a>&nbsp;&nbsp;&nbsp;_printf_post_padding
<LI><a href="#[85]">&gt;&gt;</a>&nbsp;&nbsp;&nbsp;_printf_pre_padding
</UL>
<BR>[Called By]<UL><LI><a href="#[54]">&gt;&gt;</a>&nbsp;&nbsp;&nbsp;_printf_fp_hex
</UL>

<P><STRONG><a name="[ac]"></a>_printf_lcs_common</STRONG> (Thumb, 20 bytes, Stack size 8 bytes, _printf_wchar.o(.text))
<BR><BR>[Stack]<UL><LI>Max Depth = 88<LI>Call Chain = _printf_lcs_common &rArr; _printf_wctomb &rArr; _wcrtomb &rArr; __rt_ctype_table
</UL>
<BR>[Calls]<UL><LI><a href="#[9b]">&gt;&gt;</a>&nbsp;&nbsp;&nbsp;_printf_wctomb
</UL>
<BR>[Called By]<UL><LI><a href="#[6c]">&gt;&gt;</a>&nbsp;&nbsp;&nbsp;_printf_wstring
<LI><a href="#[6a]">&gt;&gt;</a>&nbsp;&nbsp;&nbsp;_printf_wchar
</UL>

<P><STRONG><a name="[6a]"></a>_printf_wchar</STRONG> (Thumb, 16 bytes, Stack size 0 bytes, _printf_wchar.o(.text))
<BR><BR>[Stack]<UL><LI>Max Depth = 88<LI>Call Chain = _printf_wchar &rArr; _printf_lcs_common &rArr; _printf_wctomb &rArr; _wcrtomb &rArr; __rt_ctype_table
</UL>
<BR>[Calls]<UL><LI><a href="#[ac]">&gt;&gt;</a>&nbsp;&nbsp;&nbsp;_printf_lcs_common
</UL>
<BR>[Called By]<UL><LI><a href="#[69]">&gt;&gt;</a>&nbsp;&nbsp;&nbsp;_printf_lc
</UL>

<P><STRONG><a name="[6c]"></a>_printf_wstring</STRONG> (Thumb, 8 bytes, Stack size 0 bytes, _printf_wchar.o(.text))
<BR><BR>[Stack]<UL><LI>Max Depth = 88<LI>Call Chain = _printf_wstring &rArr; _printf_lcs_common &rArr; _printf_wctomb &rArr; _wcrtomb &rArr; __rt_ctype_table
</UL>
<BR>[Calls]<UL><LI><a href="#[ac]">&gt;&gt;</a>&nbsp;&nbsp;&nbsp;_printf_lcs_common
</UL>
<BR>[Called By]<UL><LI><a href="#[6b]">&gt;&gt;</a>&nbsp;&nbsp;&nbsp;_printf_ls
</UL>

<P><STRONG><a name="[9a]"></a>ferror</STRONG> (Thumb, 8 bytes, Stack size 0 bytes, ferror.o(.text))
<BR><BR>[Called By]<UL><LI><a href="#[83]">&gt;&gt;</a>&nbsp;&nbsp;&nbsp;_printf_char_file
</UL>

<P><STRONG><a name="[9c]"></a>_wcrtomb</STRONG> (Thumb, 64 bytes, Stack size 16 bytes, _wcrtomb.o(.text))
<BR><BR>[Stack]<UL><LI>Max Depth = 24<LI>Call Chain = _wcrtomb &rArr; __rt_ctype_table
</UL>
<BR>[Calls]<UL><LI><a href="#[ad]">&gt;&gt;</a>&nbsp;&nbsp;&nbsp;__rt_ctype_table
</UL>
<BR>[Called By]<UL><LI><a href="#[9b]">&gt;&gt;</a>&nbsp;&nbsp;&nbsp;_printf_wctomb
</UL>

<P><STRONG><a name="[22e]"></a>__user_libspace</STRONG> (Thumb, 8 bytes, Stack size 0 bytes, libspace.o(.text), UNUSED)

<P><STRONG><a name="[ae]"></a>__user_perproc_libspace</STRONG> (Thumb, 0 bytes, Stack size 0 bytes, libspace.o(.text))
<BR><BR>[Called By]<UL><LI><a href="#[75]">&gt;&gt;</a>&nbsp;&nbsp;&nbsp;__user_setup_stackheap
</UL>

<P><STRONG><a name="[22f]"></a>__user_perthread_libspace</STRONG> (Thumb, 0 bytes, Stack size 0 bytes, libspace.o(.text), UNUSED)

<P><STRONG><a name="[75]"></a>__user_setup_stackheap</STRONG> (Thumb, 74 bytes, Stack size 8 bytes, sys_stackheap_outer.o(.text))
<BR><BR>[Stack]<UL><LI>Max Depth = 8 + Unknown Stack Size
<LI>Call Chain = __user_setup_stackheap
</UL>
<BR>[Calls]<UL><LI><a href="#[af]">&gt;&gt;</a>&nbsp;&nbsp;&nbsp;__user_initial_stackheap
<LI><a href="#[ae]">&gt;&gt;</a>&nbsp;&nbsp;&nbsp;__user_perproc_libspace
</UL>
<BR>[Called By]<UL><LI><a href="#[74]">&gt;&gt;</a>&nbsp;&nbsp;&nbsp;__rt_entry_sh
</UL>

<P><STRONG><a name="[ad]"></a>__rt_ctype_table</STRONG> (Thumb, 16 bytes, Stack size 8 bytes, rt_ctype_table.o(.text))
<BR><BR>[Stack]<UL><LI>Max Depth = 8<LI>Call Chain = __rt_ctype_table
</UL>
<BR>[Calls]<UL><LI><a href="#[70]">&gt;&gt;</a>&nbsp;&nbsp;&nbsp;__rt_locale
</UL>
<BR>[Called By]<UL><LI><a href="#[9c]">&gt;&gt;</a>&nbsp;&nbsp;&nbsp;_wcrtomb
</UL>

<P><STRONG><a name="[70]"></a>__rt_locale</STRONG> (Thumb, 8 bytes, Stack size 0 bytes, rt_locale_intlibspace.o(.text))
<BR><BR>[Called By]<UL><LI><a href="#[ad]">&gt;&gt;</a>&nbsp;&nbsp;&nbsp;__rt_ctype_table
<LI><a href="#[a8]">&gt;&gt;</a>&nbsp;&nbsp;&nbsp;_printf_fp_dec_real
<LI><a href="#[6f]">&gt;&gt;</a>&nbsp;&nbsp;&nbsp;__rt_lib_init_lc_common
</UL>

<P><STRONG><a name="[aa]"></a>_printf_fp_infnan</STRONG> (Thumb, 112 bytes, Stack size 24 bytes, _printf_fp_infnan.o(.text))
<BR><BR>[Stack]<UL><LI>Max Depth = 40<LI>Call Chain = _printf_fp_infnan &rArr; _printf_post_padding
</UL>
<BR>[Calls]<UL><LI><a href="#[86]">&gt;&gt;</a>&nbsp;&nbsp;&nbsp;_printf_post_padding
<LI><a href="#[85]">&gt;&gt;</a>&nbsp;&nbsp;&nbsp;_printf_pre_padding
</UL>
<BR>[Called By]<UL><LI><a href="#[ab]">&gt;&gt;</a>&nbsp;&nbsp;&nbsp;_printf_fp_hex_real
<LI><a href="#[a8]">&gt;&gt;</a>&nbsp;&nbsp;&nbsp;_printf_fp_dec_real
</UL>

<P><STRONG><a name="[a4]"></a>_btod_etento</STRONG> (Thumb, 224 bytes, Stack size 72 bytes, bigflt0.o(.text))
<BR><BR>[Stack]<UL><LI>Max Depth = 124<LI>Call Chain = _btod_etento &rArr; _btod_emul &rArr; _e2e
</UL>
<BR>[Calls]<UL><LI><a href="#[a7]">&gt;&gt;</a>&nbsp;&nbsp;&nbsp;_btod_emul
<LI><a href="#[a6]">&gt;&gt;</a>&nbsp;&nbsp;&nbsp;_btod_ediv
</UL>
<BR>[Called By]<UL><LI><a href="#[a3]">&gt;&gt;</a>&nbsp;&nbsp;&nbsp;_fp_digits
</UL>

<P><STRONG><a name="[7a]"></a>exit</STRONG> (Thumb, 18 bytes, Stack size 8 bytes, exit.o(.text))
<BR><BR>[Stack]<UL><LI>Max Depth = 8 + Unknown Stack Size
<LI>Call Chain = exit
</UL>
<BR>[Calls]<UL><LI><a href="#[b0]">&gt;&gt;</a>&nbsp;&nbsp;&nbsp;__rt_exit
</UL>
<BR>[Called By]<UL><LI><a href="#[78]">&gt;&gt;</a>&nbsp;&nbsp;&nbsp;__rt_entry_main
</UL>

<P><STRONG><a name="[a5]"></a>_btod_d2e</STRONG> (Thumb, 62 bytes, Stack size 0 bytes, btod.o(CL$$btod_d2e))
<BR><BR>[Calls]<UL><LI><a href="#[b1]">&gt;&gt;</a>&nbsp;&nbsp;&nbsp;_d2e_norm_op1
</UL>
<BR>[Called By]<UL><LI><a href="#[a3]">&gt;&gt;</a>&nbsp;&nbsp;&nbsp;_fp_digits
</UL>

<P><STRONG><a name="[b2]"></a>_d2e_denorm_low</STRONG> (Thumb, 70 bytes, Stack size 0 bytes, btod.o(CL$$btod_d2e_denorm_low))
<BR><BR>[Called By]<UL><LI><a href="#[b1]">&gt;&gt;</a>&nbsp;&nbsp;&nbsp;_d2e_norm_op1
</UL>

<P><STRONG><a name="[b1]"></a>_d2e_norm_op1</STRONG> (Thumb, 96 bytes, Stack size 0 bytes, btod.o(CL$$btod_d2e_norm_op1))
<BR><BR>[Calls]<UL><LI><a href="#[b2]">&gt;&gt;</a>&nbsp;&nbsp;&nbsp;_d2e_denorm_low
</UL>
<BR>[Called By]<UL><LI><a href="#[a5]">&gt;&gt;</a>&nbsp;&nbsp;&nbsp;_btod_d2e
</UL>

<P><STRONG><a name="[b3]"></a>__btod_div_common</STRONG> (Thumb, 696 bytes, Stack size 24 bytes, btod.o(CL$$btod_div_common))
<BR><BR>[Stack]<UL><LI>Max Depth = 24<LI>Call Chain = __btod_div_common
</UL>
<BR>[Called By]<UL><LI><a href="#[a6]">&gt;&gt;</a>&nbsp;&nbsp;&nbsp;_btod_ediv
</UL>

<P><STRONG><a name="[b4]"></a>_e2e</STRONG> (Thumb, 220 bytes, Stack size 24 bytes, btod.o(CL$$btod_e2e))
<BR><BR>[Stack]<UL><LI>Max Depth = 24<LI>Call Chain = _e2e
</UL>
<BR>[Called By]<UL><LI><a href="#[a7]">&gt;&gt;</a>&nbsp;&nbsp;&nbsp;_btod_emul
<LI><a href="#[a6]">&gt;&gt;</a>&nbsp;&nbsp;&nbsp;_btod_ediv
</UL>

<P><STRONG><a name="[a6]"></a>_btod_ediv</STRONG> (Thumb, 42 bytes, Stack size 28 bytes, btod.o(CL$$btod_ediv))
<BR><BR>[Stack]<UL><LI>Max Depth = 52<LI>Call Chain = _btod_ediv &rArr; _e2e
</UL>
<BR>[Calls]<UL><LI><a href="#[b4]">&gt;&gt;</a>&nbsp;&nbsp;&nbsp;_e2e
<LI><a href="#[b3]">&gt;&gt;</a>&nbsp;&nbsp;&nbsp;__btod_div_common
</UL>
<BR>[Called By]<UL><LI><a href="#[a4]">&gt;&gt;</a>&nbsp;&nbsp;&nbsp;_btod_etento
<LI><a href="#[a3]">&gt;&gt;</a>&nbsp;&nbsp;&nbsp;_fp_digits
</UL>

<P><STRONG><a name="[a7]"></a>_btod_emul</STRONG> (Thumb, 42 bytes, Stack size 28 bytes, btod.o(CL$$btod_emul))
<BR><BR>[Stack]<UL><LI>Max Depth = 52<LI>Call Chain = _btod_emul &rArr; _e2e
</UL>
<BR>[Calls]<UL><LI><a href="#[b5]">&gt;&gt;</a>&nbsp;&nbsp;&nbsp;__btod_mult_common
<LI><a href="#[b4]">&gt;&gt;</a>&nbsp;&nbsp;&nbsp;_e2e
</UL>
<BR>[Called By]<UL><LI><a href="#[a4]">&gt;&gt;</a>&nbsp;&nbsp;&nbsp;_btod_etento
<LI><a href="#[a3]">&gt;&gt;</a>&nbsp;&nbsp;&nbsp;_fp_digits
</UL>

<P><STRONG><a name="[b5]"></a>__btod_mult_common</STRONG> (Thumb, 580 bytes, Stack size 16 bytes, btod.o(CL$$btod_mult_common))
<BR><BR>[Stack]<UL><LI>Max Depth = 16<LI>Call Chain = __btod_mult_common
</UL>
<BR>[Called By]<UL><LI><a href="#[a7]">&gt;&gt;</a>&nbsp;&nbsp;&nbsp;_btod_emul
</UL>

<P><STRONG><a name="[fb]"></a>BKP_ReadBackupRegister</STRONG> (Thumb, 24 bytes, Stack size 8 bytes, stm32f10x_bkp.o(i.BKP_ReadBackupRegister))
<BR><BR>[Stack]<UL><LI>Max Depth = 8<LI>Call Chain = BKP_ReadBackupRegister
</UL>
<BR>[Called By]<UL><LI><a href="#[f8]">&gt;&gt;</a>&nbsp;&nbsp;&nbsp;MyRTC_Init
</UL>

<P><STRONG><a name="[103]"></a>BKP_WriteBackupRegister</STRONG> (Thumb, 22 bytes, Stack size 8 bytes, stm32f10x_bkp.o(i.BKP_WriteBackupRegister))
<BR><BR>[Stack]<UL><LI>Max Depth = 8<LI>Call Chain = BKP_WriteBackupRegister
</UL>
<BR>[Called By]<UL><LI><a href="#[f8]">&gt;&gt;</a>&nbsp;&nbsp;&nbsp;MyRTC_Init
</UL>

<P><STRONG><a name="[8]"></a>BusFault_Handler</STRONG> (Thumb, 4 bytes, Stack size 0 bytes, stm32f10x_it.o(i.BusFault_Handler))
<BR>[Address Reference Count : 1]<UL><LI> startup_stm32f10x_md.o(RESET)
</UL>
<P><STRONG><a name="[b8]"></a>DataCenter_GetSensorData</STRONG> (Thumb, 72 bytes, Stack size 24 bytes, datacenter.o(i.DataCenter_GetSensorData))
<BR><BR>[Stack]<UL><LI>Max Depth = 264 + Unknown Stack Size
<LI>Call Chain = DataCenter_GetSensorData &rArr; xQueueGenericSend &rArr; xTaskResumeAll &rArr; xTaskIncrementTick &rArr; __2printf &rArr; _printf_char_file &rArr; _printf_char_common &rArr; __printf
</UL>
<BR>[Calls]<UL><LI><a href="#[b9]">&gt;&gt;</a>&nbsp;&nbsp;&nbsp;xQueueSemaphoreTake
<LI><a href="#[ba]">&gt;&gt;</a>&nbsp;&nbsp;&nbsp;xQueueGenericSend
</UL>
<BR>[Called By]<UL><LI><a href="#[13c]">&gt;&gt;</a>&nbsp;&nbsp;&nbsp;Page_MPU6050_Draw
<LI><a href="#[137]">&gt;&gt;</a>&nbsp;&nbsp;&nbsp;Page_Gradienter_Draw
</UL>

<P><STRONG><a name="[14a]"></a>DataCenter_GetStopWatchData</STRONG> (Thumb, 10 bytes, Stack size 8 bytes, datacenter.o(i.DataCenter_GetStopWatchData))
<BR><BR>[Stack]<UL><LI>Max Depth = 8<LI>Call Chain = DataCenter_GetStopWatchData
</UL>
<BR>[Called By]<UL><LI><a href="#[149]">&gt;&gt;</a>&nbsp;&nbsp;&nbsp;Page_StopWatch_Draw
</UL>

<P><STRONG><a name="[bb]"></a>DataCenter_Init</STRONG> (Thumb, 34 bytes, Stack size 8 bytes, datacenter.o(i.DataCenter_Init))
<BR><BR>[Stack]<UL><LI>Max Depth = 280 + Unknown Stack Size
<LI>Call Chain = DataCenter_Init &rArr; xQueueCreateMutex &rArr; prvInitialiseMutex &rArr; xQueueGenericSend &rArr; xTaskResumeAll &rArr; xTaskIncrementTick &rArr; __2printf &rArr; _printf_char_file &rArr; _printf_char_common &rArr; __printf
</UL>
<BR>[Calls]<UL><LI><a href="#[bc]">&gt;&gt;</a>&nbsp;&nbsp;&nbsp;xQueueCreateMutex
</UL>
<BR>[Called By]<UL><LI><a href="#[43]">&gt;&gt;</a>&nbsp;&nbsp;&nbsp;StartTask
</UL>

<P><STRONG><a name="[bd]"></a>DataCenter_SetSensorData</STRONG> (Thumb, 54 bytes, Stack size 16 bytes, datacenter.o(i.DataCenter_SetSensorData))
<BR><BR>[Stack]<UL><LI>Max Depth = 256 + Unknown Stack Size
<LI>Call Chain = DataCenter_SetSensorData &rArr; xQueueGenericSend &rArr; xTaskResumeAll &rArr; xTaskIncrementTick &rArr; __2printf &rArr; _printf_char_file &rArr; _printf_char_common &rArr; __printf
</UL>
<BR>[Calls]<UL><LI><a href="#[b9]">&gt;&gt;</a>&nbsp;&nbsp;&nbsp;xQueueSemaphoreTake
<LI><a href="#[ba]">&gt;&gt;</a>&nbsp;&nbsp;&nbsp;xQueueGenericSend
</UL>
<BR>[Called By]<UL><LI><a href="#[41]">&gt;&gt;</a>&nbsp;&nbsp;&nbsp;MPU6050Task
</UL>

<P><STRONG><a name="[14d]"></a>DataCenter_StopWatch_Pause</STRONG> (Thumb, 8 bytes, Stack size 0 bytes, datacenter.o(i.DataCenter_StopWatch_Pause))
<BR><BR>[Called By]<UL><LI><a href="#[14b]">&gt;&gt;</a>&nbsp;&nbsp;&nbsp;Page_StopWatch_HandleKey
</UL>

<P><STRONG><a name="[14e]"></a>DataCenter_StopWatch_Reset</STRONG> (Thumb, 14 bytes, Stack size 0 bytes, datacenter.o(i.DataCenter_StopWatch_Reset))
<BR><BR>[Called By]<UL><LI><a href="#[14b]">&gt;&gt;</a>&nbsp;&nbsp;&nbsp;Page_StopWatch_HandleKey
</UL>

<P><STRONG><a name="[14c]"></a>DataCenter_StopWatch_Start</STRONG> (Thumb, 8 bytes, Stack size 0 bytes, datacenter.o(i.DataCenter_StopWatch_Start))
<BR><BR>[Called By]<UL><LI><a href="#[14b]">&gt;&gt;</a>&nbsp;&nbsp;&nbsp;Page_StopWatch_HandleKey
</UL>

<P><STRONG><a name="[16e]"></a>DataCenter_StopWatch_Tick</STRONG> (Thumb, 94 bytes, Stack size 0 bytes, datacenter.o(i.DataCenter_StopWatch_Tick))
<BR><BR>[Called By]<UL><LI><a href="#[2a]">&gt;&gt;</a>&nbsp;&nbsp;&nbsp;TIM2_IRQHandler
</UL>

<P><STRONG><a name="[42]"></a>DataSyncTask</STRONG> (Thumb, 94 bytes, Stack size 8 bytes, task_datasync.o(i.DataSyncTask))
<BR><BR>[Stack]<UL><LI>Max Depth = 312 + Unknown Stack Size
<LI>Call Chain = DataSyncTask &rArr; Storage_SaveDailySteps &rArr; Serial_Printf &rArr; vsprintf &rArr; _printf_char_common &rArr; __printf
</UL>
<BR>[Calls]<UL><LI><a href="#[c3]">&gt;&gt;</a>&nbsp;&nbsp;&nbsp;vTaskDelay
<LI><a href="#[be]">&gt;&gt;</a>&nbsp;&nbsp;&nbsp;MyRTC_ReadTime
<LI><a href="#[c0]">&gt;&gt;</a>&nbsp;&nbsp;&nbsp;Storage_SaveDailySteps
<LI><a href="#[c1]">&gt;&gt;</a>&nbsp;&nbsp;&nbsp;StepCounter_ResetToday
<LI><a href="#[bf]">&gt;&gt;</a>&nbsp;&nbsp;&nbsp;StepCounter_GetTodaySteps
<LI><a href="#[c2]">&gt;&gt;</a>&nbsp;&nbsp;&nbsp;Serial_Printf
</UL>
<BR>[Address Reference Count : 1]<UL><LI> task_manager.o(i.StartTask)
</UL>
<P><STRONG><a name="[b]"></a>DebugMon_Handler</STRONG> (Thumb, 2 bytes, Stack size 0 bytes, stm32f10x_it.o(i.DebugMon_Handler))
<BR>[Address Reference Count : 1]<UL><LI> startup_stm32f10x_md.o(RESET)
</UL>
<P><STRONG><a name="[c4]"></a>Delay_ms</STRONG> (Thumb, 24 bytes, Stack size 12 bytes, bsp_delay.o(i.Delay_ms))
<BR><BR>[Stack]<UL><LI>Max Depth = 28<LI>Call Chain = Delay_ms &rArr; Delay_us
</UL>
<BR>[Calls]<UL><LI><a href="#[c5]">&gt;&gt;</a>&nbsp;&nbsp;&nbsp;Delay_us
</UL>
<BR>[Called By]<UL><LI><a href="#[c6]">&gt;&gt;</a>&nbsp;&nbsp;&nbsp;Delay_s
</UL>

<P><STRONG><a name="[c6]"></a>Delay_s</STRONG> (Thumb, 24 bytes, Stack size 12 bytes, bsp_delay.o(i.Delay_s))
<BR><BR>[Stack]<UL><LI>Max Depth = 40<LI>Call Chain = Delay_s &rArr; Delay_ms &rArr; Delay_us
</UL>
<BR>[Calls]<UL><LI><a href="#[c4]">&gt;&gt;</a>&nbsp;&nbsp;&nbsp;Delay_ms
</UL>
<BR>[Called By]<UL><LI><a href="#[133]">&gt;&gt;</a>&nbsp;&nbsp;&nbsp;isColliding
</UL>

<P><STRONG><a name="[c5]"></a>Delay_us</STRONG> (Thumb, 68 bytes, Stack size 16 bytes, bsp_delay.o(i.Delay_us))
<BR><BR>[Stack]<UL><LI>Max Depth = 16<LI>Call Chain = Delay_us
</UL>
<BR>[Called By]<UL><LI><a href="#[f5]">&gt;&gt;</a>&nbsp;&nbsp;&nbsp;MyI2C_W_SDA
<LI><a href="#[f6]">&gt;&gt;</a>&nbsp;&nbsp;&nbsp;MyI2C_W_SCL
<LI><a href="#[f4]">&gt;&gt;</a>&nbsp;&nbsp;&nbsp;MyI2C_R_SDA
<LI><a href="#[c4]">&gt;&gt;</a>&nbsp;&nbsp;&nbsp;Delay_ms
</UL>

<P><STRONG><a name="[140]"></a>DinoGame_Pos_Init</STRONG> (Thumb, 24 bytes, Stack size 0 bytes, dino.o(i.DinoGame_Pos_Init))
<BR><BR>[Called By]<UL><LI><a href="#[13f]">&gt;&gt;</a>&nbsp;&nbsp;&nbsp;Page_Menu_HandleKey
</UL>

<P><STRONG><a name="[136]"></a>Dino_Jump</STRONG> (Thumb, 8 bytes, Stack size 0 bytes, dino.o(i.Dino_Jump))
<BR><BR>[Called By]<UL><LI><a href="#[135]">&gt;&gt;</a>&nbsp;&nbsp;&nbsp;Page_Game_HandleKey
</UL>

<P><STRONG><a name="[3f]"></a>DisplayTask</STRONG> (Thumb, 142 bytes, Stack size 8 bytes, task_display.o(i.DisplayTask))
<BR><BR>[Stack]<UL><LI>Max Depth = 496 + Unknown Stack Size
<LI>Call Chain = DisplayTask &rArr; UI_Refresh &rArr; Page_MPU6050_Draw &rArr; OLED_Printf &rArr; OLED_ShowString &rArr; OLED_ShowChar &rArr; OLED_ShowImage &rArr; OLED_ClearArea
</UL>
<BR>[Calls]<UL><LI><a href="#[c7]">&gt;&gt;</a>&nbsp;&nbsp;&nbsp;xTaskGetTickCount
<LI><a href="#[cb]">&gt;&gt;</a>&nbsp;&nbsp;&nbsp;xTaskDelayUntil
<LI><a href="#[c3]">&gt;&gt;</a>&nbsp;&nbsp;&nbsp;vTaskDelay
<LI><a href="#[b9]">&gt;&gt;</a>&nbsp;&nbsp;&nbsp;xQueueSemaphoreTake
<LI><a href="#[ba]">&gt;&gt;</a>&nbsp;&nbsp;&nbsp;xQueueGenericSend
<LI><a href="#[ca]">&gt;&gt;</a>&nbsp;&nbsp;&nbsp;UI_Refresh
<LI><a href="#[c9]">&gt;&gt;</a>&nbsp;&nbsp;&nbsp;OLED_Update
<LI><a href="#[c8]">&gt;&gt;</a>&nbsp;&nbsp;&nbsp;OLED_Clear
</UL>
<BR>[Address Reference Count : 1]<UL><LI> task_manager.o(i.StartTask)
</UL>
<P><STRONG><a name="[d8]"></a>GPIO_Init</STRONG> (Thumb, 278 bytes, Stack size 24 bytes, stm32f10x_gpio.o(i.GPIO_Init))
<BR><BR>[Stack]<UL><LI>Max Depth = 24<LI>Call Chain = GPIO_Init
</UL>
<BR>[Called By]<UL><LI><a href="#[df]">&gt;&gt;</a>&nbsp;&nbsp;&nbsp;LED_Init
<LI><a href="#[d6]">&gt;&gt;</a>&nbsp;&nbsp;&nbsp;Key_Init
<LI><a href="#[ec]">&gt;&gt;</a>&nbsp;&nbsp;&nbsp;MyI2C_Init
<LI><a href="#[152]">&gt;&gt;</a>&nbsp;&nbsp;&nbsp;Serial_Init
<LI><a href="#[116]">&gt;&gt;</a>&nbsp;&nbsp;&nbsp;OLED_GPIO_Init
</UL>

<P><STRONG><a name="[d5]"></a>GPIO_ReadInputDataBit</STRONG> (Thumb, 18 bytes, Stack size 0 bytes, stm32f10x_gpio.o(i.GPIO_ReadInputDataBit))
<BR><BR>[Called By]<UL><LI><a href="#[f4]">&gt;&gt;</a>&nbsp;&nbsp;&nbsp;MyI2C_R_SDA
<LI><a href="#[d4]">&gt;&gt;</a>&nbsp;&nbsp;&nbsp;Key_GetState
</UL>

<P><STRONG><a name="[de]"></a>GPIO_ResetBits</STRONG> (Thumb, 4 bytes, Stack size 0 bytes, stm32f10x_gpio.o(i.GPIO_ResetBits))
<BR><BR>[Called By]<UL><LI><a href="#[dd]">&gt;&gt;</a>&nbsp;&nbsp;&nbsp;LED1_ON
</UL>

<P><STRONG><a name="[dc]"></a>GPIO_SetBits</STRONG> (Thumb, 4 bytes, Stack size 0 bytes, stm32f10x_gpio.o(i.GPIO_SetBits))
<BR><BR>[Called By]<UL><LI><a href="#[df]">&gt;&gt;</a>&nbsp;&nbsp;&nbsp;LED_Init
<LI><a href="#[ec]">&gt;&gt;</a>&nbsp;&nbsp;&nbsp;MyI2C_Init
<LI><a href="#[db]">&gt;&gt;</a>&nbsp;&nbsp;&nbsp;LED1_OFF
</UL>

[...]
</UL>

<P><STRONG><a name="[1cf]"></a>prvGetDisinheritPriorityAfterTimeout</STRONG> (Thumb, 20 bytes, Stack size 0 bytes, queue.o(i.prvGetDisinheritPriorityAfterTimeout))
<BR><BR>[Called By]<UL><LI><a href="#[b9]">&gt;&gt;</a>&nbsp;&nbsp;&nbsp;xQueueSemaphoreTake
</UL>

<P><STRONG><a name="[1a1]"></a>prvInitialiseMutex</STRONG> (Thumb, 30 bytes, Stack size 8 bytes, queue.o(i.prvInitialiseMutex))
<BR><BR>[Stack]<UL><LI>Max Depth = 248 + Unknown Stack Size
<LI>Call Chain = prvInitialiseMutex &rArr; xQueueGenericSend &rArr; xTaskResumeAll &rArr; xTaskIncrementTick &rArr; __2printf &rArr; _printf_char_file &rArr; _printf_char_common &rArr; __printf
</UL>
<BR>[Calls]<UL><LI><a href="#[ba]">&gt;&gt;</a>&nbsp;&nbsp;&nbsp;xQueueGenericSend
</UL>
<BR>[Called By]<UL><LI><a href="#[bc]">&gt;&gt;</a>&nbsp;&nbsp;&nbsp;xQueueCreateMutex
</UL>

<P><STRONG><a name="[1a2]"></a>prvInitialiseNewQueue</STRONG> (Thumb, 42 bytes, Stack size 24 bytes, queue.o(i.prvInitialiseNewQueue))
<BR><BR>[Stack]<UL><LI>Max Depth = 208 + Unknown Stack Size
<LI>Call Chain = prvInitialiseNewQueue &rArr; xQueueGenericReset &rArr; xTaskRemoveFromEventList &rArr; __2printf &rArr; _printf_char_file &rArr; _printf_char_common &rArr; __printf
</UL>
<BR>[Calls]<UL><LI><a href="#[1a3]">&gt;&gt;</a>&nbsp;&nbsp;&nbsp;xQueueGenericReset
</UL>
<BR>[Called By]<UL><LI><a href="#[198]">&gt;&gt;</a>&nbsp;&nbsp;&nbsp;xQueueGenericCreateStatic
<LI><a href="#[163]">&gt;&gt;</a>&nbsp;&nbsp;&nbsp;xQueueGenericCreate
</UL>

<P><STRONG><a name="[1a8]"></a>prvIsQueueEmpty</STRONG> (Thumb, 26 bytes, Stack size 16 bytes, queue.o(i.prvIsQueueEmpty))
<BR><BR>[Stack]<UL><LI>Max Depth = 168 + Unknown Stack Size
<LI>Call Chain = prvIsQueueEmpty &rArr; vPortExitCritical &rArr; __2printf &rArr; _printf_char_file &rArr; _printf_char_common &rArr; __printf
</UL>
<BR>[Calls]<UL><LI><a href="#[166]">&gt;&gt;</a>&nbsp;&nbsp;&nbsp;vPortExitCritical
<LI><a href="#[161]">&gt;&gt;</a>&nbsp;&nbsp;&nbsp;vPortEnterCritical
</UL>
<BR>[Called By]<UL><LI><a href="#[b9]">&gt;&gt;</a>&nbsp;&nbsp;&nbsp;xQueueSemaphoreTake
<LI><a href="#[d2]">&gt;&gt;</a>&nbsp;&nbsp;&nbsp;xQueueReceive
</UL>

<P><STRONG><a name="[1a9]"></a>prvIsQueueFull</STRONG> (Thumb, 30 bytes, Stack size 16 bytes, queue.o(i.prvIsQueueFull))
<BR><BR>[Stack]<UL><LI>Max Depth = 168 + Unknown Stack Size
<LI>Call Chain = prvIsQueueFull &rArr; vPortExitCritical &rArr; __2printf &rArr; _printf_char_file &rArr; _printf_char_common &rArr; __printf
</UL>
<BR>[Calls]<UL><LI><a href="#[166]">&gt;&gt;</a>&nbsp;&nbsp;&nbsp;vPortExitCritical
<LI><a href="#[161]">&gt;&gt;</a>&nbsp;&nbsp;&nbsp;vPortEnterCritical
</UL>
<BR>[Called By]<UL><LI><a href="#[ba]">&gt;&gt;</a>&nbsp;&nbsp;&nbsp;xQueueGenericSend
</UL>

<P><STRONG><a name="[1b4]"></a>prvUnlockQueue</STRONG> (Thumb, 126 bytes, Stack size 16 bytes, queue.o(i.prvUnlockQueue))
<BR><BR>[Stack]<UL><LI>Max Depth = 176 + Unknown Stack Size
<LI>Call Chain = prvUnlockQueue &rArr; xTaskRemoveFromEventList &rArr; __2printf &rArr; _printf_char_file &rArr; _printf_char_common &rArr; __printf
</UL>
<BR>[Calls]<UL><LI><a href="#[166]">&gt;&gt;</a>&nbsp;&nbsp;&nbsp;vPortExitCritical
<LI><a href="#[161]">&gt;&gt;</a>&nbsp;&nbsp;&nbsp;vPortEnterCritical
<LI><a href="#[1b5]">&gt;&gt;</a>&nbsp;&nbsp;&nbsp;xTaskRemoveFromEventList
<LI><a href="#[1b6]">&gt;&gt;</a>&nbsp;&nbsp;&nbsp;vTaskMissedYield
</UL>
<BR>[Called By]<UL><LI><a href="#[b9]">&gt;&gt;</a>&nbsp;&nbsp;&nbsp;xQueueSemaphoreTake
<LI><a href="#[d2]">&gt;&gt;</a>&nbsp;&nbsp;&nbsp;xQueueReceive
<LI><a href="#[ba]">&gt;&gt;</a>&nbsp;&nbsp;&nbsp;xQueueGenericSend
<LI><a href="#[1b1]">&gt;&gt;</a>&nbsp;&nbsp;&nbsp;vQueueWaitForMessageRestricted
</UL>

<P><STRONG><a name="[191]"></a>prvAddCurrentTaskToDelayedList</STRONG> (Thumb, 174 bytes, Stack size 24 bytes, tasks.o(i.prvAddCurrentTaskToDelayedList))
<BR><BR>[Stack]<UL><LI>Max Depth = 32<LI>Call Chain = prvAddCurrentTaskToDelayedList &rArr; vListInsert
</UL>
<BR>[Calls]<UL><LI><a href="#[193]">&gt;&gt;</a>&nbsp;&nbsp;&nbsp;vListInsert
<LI><a href="#[192]">&gt;&gt;</a>&nbsp;&nbsp;&nbsp;uxListRemove
</UL>
<BR>[Called By]<UL><LI><a href="#[cb]">&gt;&gt;</a>&nbsp;&nbsp;&nbsp;xTaskDelayUntil
<LI><a href="#[c3]">&gt;&gt;</a>&nbsp;&nbsp;&nbsp;vTaskDelay
<LI><a href="#[1be]">&gt;&gt;</a>&nbsp;&nbsp;&nbsp;vTaskPlaceOnEventListRestricted
<LI><a href="#[1c1]">&gt;&gt;</a>&nbsp;&nbsp;&nbsp;vTaskPlaceOnEventList
</UL>

<P><STRONG><a name="[194]"></a>prvAddNewTaskToReadyList</STRONG> (Thumb, 206 bytes, Stack size 8 bytes, tasks.o(i.prvAddNewTaskToReadyList))
<BR><BR>[Stack]<UL><LI>Max Depth = 160 + Unknown Stack Size
<LI>Call Chain = prvAddNewTaskToReadyList &rArr; vPortExitCritical &rArr; __2printf &rArr; _printf_char_file &rArr; _printf_char_common &rArr; __printf
</UL>
<BR>[Calls]<UL><LI><a href="#[166]">&gt;&gt;</a>&nbsp;&nbsp;&nbsp;vPortExitCritical
<LI><a href="#[161]">&gt;&gt;</a>&nbsp;&nbsp;&nbsp;vPortEnterCritical
<LI><a href="#[195]">&gt;&gt;</a>&nbsp;&nbsp;&nbsp;prvInitialiseTaskLists
</UL>
<BR>[Called By]<UL><LI><a href="#[164]">&gt;&gt;</a>&nbsp;&nbsp;&nbsp;xTaskCreate
<LI><a href="#[1c4]">&gt;&gt;</a>&nbsp;&nbsp;&nbsp;xTaskCreateStatic
</UL>

<P><STRONG><a name="[199]"></a>prvCheckTasksWaitingTermination</STRONG> (Thumb, 60 bytes, Stack size 8 bytes, tasks.o(i.prvCheckTasksWaitingTermination))
<BR><BR>[Stack]<UL><LI>Max Depth = 216 + Unknown Stack Size
<LI>Call Chain = prvCheckTasksWaitingTermination &rArr; prvDeleteTCB &rArr; vPortFree &rArr; xTaskResumeAll &rArr; xTaskIncrementTick &rArr; __2printf &rArr; _printf_char_file &rArr; _printf_char_common &rArr; __printf
</UL>
<BR>[Calls]<UL><LI><a href="#[192]">&gt;&gt;</a>&nbsp;&nbsp;&nbsp;uxListRemove
<LI><a href="#[166]">&gt;&gt;</a>&nbsp;&nbsp;&nbsp;vPortExitCritical
<LI><a href="#[161]">&gt;&gt;</a>&nbsp;&nbsp;&nbsp;vPortEnterCritical
<LI><a href="#[19a]">&gt;&gt;</a>&nbsp;&nbsp;&nbsp;prvDeleteTCB
</UL>
<BR>[Called By]<UL><LI><a href="#[45]">&gt;&gt;</a>&nbsp;&nbsp;&nbsp;prvIdleTask
</UL>

<P><STRONG><a name="[19a]"></a>prvDeleteTCB</STRONG> (Thumb, 70 bytes, Stack size 8 bytes, tasks.o(i.prvDeleteTCB))
<BR><BR>[Stack]<UL><LI>Max Depth = 208 + Unknown Stack Size
<LI>Call Chain = prvDeleteTCB &rArr; vPortFree &rArr; xTaskResumeAll &rArr; xTaskIncrementTick &rArr; __2printf &rArr; _printf_char_file &rArr; _printf_char_common &rArr; __printf
</UL>
<BR>[Calls]<UL><LI><a href="#[19f]">&gt;&gt;</a>&nbsp;&nbsp;&nbsp;vPortFree
<LI><a href="#[82]">&gt;&gt;</a>&nbsp;&nbsp;&nbsp;__2printf
</UL>
<BR>[Called By]<UL><LI><a href="#[165]">&gt;&gt;</a>&nbsp;&nbsp;&nbsp;vTaskDelete
<LI><a href="#[199]">&gt;&gt;</a>&nbsp;&nbsp;&nbsp;prvCheckTasksWaitingTermination
</UL>

<P><STRONG><a name="[45]"></a>prvIdleTask</STRONG> (Thumb, 36 bytes, Stack size 0 bytes, tasks.o(i.prvIdleTask))
<BR><BR>[Stack]<UL><LI>Max Depth = 216 + Unknown Stack Size
<LI>Call Chain = prvIdleTask &rArr; prvCheckTasksWaitingTermination &rArr; prvDeleteTCB &rArr; vPortFree &rArr; xTaskResumeAll &rArr; xTaskIncrementTick &rArr; __2printf &rArr; _printf_char_file &rArr; _printf_char_common &rArr; __printf
</UL>
<BR>[Calls]<UL><LI><a href="#[1a0]">&gt;&gt;</a>&nbsp;&nbsp;&nbsp;vApplicationIdleHook
<LI><a href="#[199]">&gt;&gt;</a>&nbsp;&nbsp;&nbsp;prvCheckTasksWaitingTermination
</UL>
<BR>[Address Reference Count : 1]<UL><LI> tasks.o(i.vTaskStartScheduler)
</UL>
<P><STRONG><a name="[1a4]"></a>prvInitialiseNewTask</STRONG> (Thumb, 208 bytes, Stack size 40 bytes, tasks.o(i.prvInitialiseNewTask))
<BR><BR>[Stack]<UL><LI>Max Depth = 184 + Unknown Stack Size
<LI>Call Chain = prvInitialiseNewTask &rArr; __2printf &rArr; _printf_char_file &rArr; _printf_char_common &rArr; __printf
</UL>
<BR>[Calls]<UL><LI><a href="#[1a5]">&gt;&gt;</a>&nbsp;&nbsp;&nbsp;vListInitialiseItem
<LI><a href="#[1a6]">&gt;&gt;</a>&nbsp;&nbsp;&nbsp;pxPortInitialiseStack
<LI><a href="#[90]">&gt;&gt;</a>&nbsp;&nbsp;&nbsp;__aeabi_memset
<LI><a href="#[82]">&gt;&gt;</a>&nbsp;&nbsp;&nbsp;__2printf
</UL>
<BR>[Called By]<UL><LI><a href="#[164]">&gt;&gt;</a>&nbsp;&nbsp;&nbsp;xTaskCreate
<LI><a href="#[1c4]">&gt;&gt;</a>&nbsp;&nbsp;&nbsp;xTaskCreateStatic
</UL>

<P><STRONG><a name="[195]"></a>prvInitialiseTaskLists</STRONG> (Thumb, 70 bytes, Stack size 8 bytes, tasks.o(i.prvInitialiseTaskLists))
<BR><BR>[Stack]<UL><LI>Max Depth = 8<LI>Call Chain = prvInitialiseTaskLists
</UL>
<BR>[Calls]<UL><LI><a href="#[197]">&gt;&gt;</a>&nbsp;&nbsp;&nbsp;vListInitialise
</UL>
<BR>[Called By]<UL><LI><a href="#[194]">&gt;&gt;</a>&nbsp;&nbsp;&nbsp;prvAddNewTaskToReadyList
</UL>

<P><STRONG><a name="[1c0]"></a>prvResetNextTaskUnblockTime</STRONG> (Thumb, 40 bytes, Stack size 0 bytes, tasks.o(i.prvResetNextTaskUnblockTime))
<BR><BR>[Called By]<UL><LI><a href="#[1ca]">&gt;&gt;</a>&nbsp;&nbsp;&nbsp;xTaskIncrementTick
<LI><a href="#[1b0]">&gt;&gt;</a>&nbsp;&nbsp;&nbsp;xTaskResumeAll
<LI><a href="#[165]">&gt;&gt;</a>&nbsp;&nbsp;&nbsp;vTaskDelete
</UL>

<P><STRONG><a name="[196]"></a>prvCheckForValidListAndQueue</STRONG> (Thumb, 62 bytes, Stack size 8 bytes, timers.o(i.prvCheckForValidListAndQueue))
<BR><BR>[Stack]<UL><LI>Max Depth = 248 + Unknown Stack Size
<LI>Call Chain = prvCheckForValidListAndQueue &rArr; xQueueGenericCreateStatic &rArr; prvInitialiseNewQueue &rArr; xQueueGenericReset &rArr; xTaskRemoveFromEventList &rArr; __2printf &rArr; _printf_char_file &rArr; _printf_char_common &rArr; __printf
</UL>
<BR>[Calls]<UL><LI><a href="#[197]">&gt;&gt;</a>&nbsp;&nbsp;&nbsp;vListInitialise
<LI><a href="#[166]">&gt;&gt;</a>&nbsp;&nbsp;&nbsp;vPortExitCritical
<LI><a href="#[161]">&gt;&gt;</a>&nbsp;&nbsp;&nbsp;vPortEnterCritical
<LI><a href="#[198]">&gt;&gt;</a>&nbsp;&nbsp;&nbsp;xQueueGenericCreateStatic
</UL>
<BR>[Called By]<UL><LI><a href="#[1c5]">&gt;&gt;</a>&nbsp;&nbsp;&nbsp;xTimerCreateTimerTask
</UL>

<P><STRONG><a name="[1b3]"></a>prvGetNextExpireTime</STRONG> (Thumb, 36 bytes, Stack size 0 bytes, timers.o(i.prvGetNextExpireTime))
<BR><BR>[Called By]<UL><LI><a href="#[46]">&gt;&gt;</a>&nbsp;&nbsp;&nbsp;prvTimerTask
</UL>

<P><STRONG><a name="[1a7]"></a>prvInsertTimerInActiveList</STRONG> (Thumb, 80 bytes, Stack size 24 bytes, timers.o(i.prvInsertTimerInActiveList))
<BR><BR>[Stack]<UL><LI>Max Depth = 32<LI>Call Chain = prvInsertTimerInActiveList &rArr; vListInsert
</UL>
<BR>[Calls]<UL><LI><a href="#[193]">&gt;&gt;</a>&nbsp;&nbsp;&nbsp;vListInsert
</UL>
<BR>[Called By]<UL><LI><a href="#[1ab]">&gt;&gt;</a>&nbsp;&nbsp;&nbsp;prvReloadTimer
<LI><a href="#[1ac]">&gt;&gt;</a>&nbsp;&nbsp;&nbsp;prvProcessReceivedCommands
</UL>

<P><STRONG><a name="[1aa]"></a>prvProcessExpiredTimer</STRONG> (Thumb, 62 bytes, Stack size 16 bytes, timers.o(i.prvProcessExpiredTimer))
<BR><BR>[Stack]<UL><LI>Max Depth = 64<LI>Call Chain = prvProcessExpiredTimer &rArr; prvReloadTimer &rArr; prvInsertTimerInActiveList &rArr; vListInsert
</UL>
<BR>[Calls]<UL><LI><a href="#[192]">&gt;&gt;</a>&nbsp;&nbsp;&nbsp;uxListRemove
<LI><a href="#[1ab]">&gt;&gt;</a>&nbsp;&nbsp;&nbsp;prvReloadTimer
</UL>
<BR>[Called By]<UL><LI><a href="#[1b2]">&gt;&gt;</a>&nbsp;&nbsp;&nbsp;prvSwitchTimerLists
<LI><a href="#[1ae]">&gt;&gt;</a>&nbsp;&nbsp;&nbsp;prvProcessTimerOrBlockTask
</UL>

<P><STRONG><a name="[1ac]"></a>prvProcessReceivedCommands</STRONG> (Thumb, 306 bytes, Stack size 40 bytes, timers.o(i.prvProcessReceivedCommands))
<BR><BR>[Stack]<UL><LI>Max Depth = 272 + Unknown Stack Size
<LI>Call Chain = prvProcessReceivedCommands &rArr; xQueueReceive &rArr; xTaskResumeAll &rArr; xTaskIncrementTick &rArr; __2printf &rArr; _printf_char_file &rArr; _printf_char_common &rArr; __printf
</UL>
<BR>[Calls]<UL><LI><a href="#[192]">&gt;&gt;</a>&nbsp;&nbsp;&nbsp;uxListRemove
<LI><a href="#[19f]">&gt;&gt;</a>&nbsp;&nbsp;&nbsp;vPortFree
<LI><a href="#[1ad]">&gt;&gt;</a>&nbsp;&nbsp;&nbsp;prvSampleTimeNow
<LI><a href="#[1ab]">&gt;&gt;</a>&nbsp;&nbsp;&nbsp;prvReloadTimer
<LI><a href="#[1a7]">&gt;&gt;</a>&nbsp;&nbsp;&nbsp;prvInsertTimerInActiveList
<LI><a href="#[d2]">&gt;&gt;</a>&nbsp;&nbsp;&nbsp;xQueueReceive
<LI><a href="#[82]">&gt;&gt;</a>&nbsp;&nbsp;&nbsp;__2printf
</UL>
<BR>[Called By]<UL><LI><a href="#[46]">&gt;&gt;</a>&nbsp;&nbsp;&nbsp;prvTimerTask
</UL>

<P><STRONG><a name="[1ae]"></a>prvProcessTimerOrBlockTask</STRONG> (Thumb, 102 bytes, Stack size 24 bytes, timers.o(i.prvProcessTimerOrBlockTask))
<BR><BR>[Stack]<UL><LI>Max Depth = 224 + Unknown Stack Size
<LI>Call Chain = prvProcessTimerOrBlockTask &rArr; vQueueWaitForMessageRestricted &rArr; prvUnlockQueue &rArr; xTaskRemoveFromEventList &rArr; __2printf &rArr; _printf_char_file &rArr; _printf_char_common &rArr; __printf
</UL>
<BR>[Calls]<UL><LI><a href="#[1b0]">&gt;&gt;</a>&nbsp;&nbsp;&nbsp;xTaskResumeAll
<LI><a href="#[1af]">&gt;&gt;</a>&nbsp;&nbsp;&nbsp;vTaskSuspendAll
<LI><a href="#[1ad]">&gt;&gt;</a>&nbsp;&nbsp;&nbsp;prvSampleTimeNow
<LI><a href="#[1aa]">&gt;&gt;</a>&nbsp;&nbsp;&nbsp;prvProcessExpiredTimer
<LI><a href="#[1b1]">&gt;&gt;</a>&nbsp;&nbsp;&nbsp;vQueueWaitForMessageRestricted
</UL>
<BR>[Called By]<UL><LI><a href="#[46]">&gt;&gt;</a>&nbsp;&nbsp;&nbsp;prvTimerTask
</UL>

<P><STRONG><a name="[1ab]"></a>prvReloadTimer</STRONG> (Thumb, 40 bytes, Stack size 16 bytes, timers.o(i.prvReloadTimer))
<BR><BR>[Stack]<UL><LI>Max Depth = 48<LI>Call Chain = prvReloadTimer &rArr; prvInsertTimerInActiveList &rArr; vListInsert
</UL>
<BR>[Calls]<UL><LI><a href="#[1a7]">&gt;&gt;</a>&nbsp;&nbsp;&nbsp;prvInsertTimerInActiveList
</UL>
<BR>[Called By]<UL><LI><a href="#[1ac]">&gt;&gt;</a>&nbsp;&nbsp;&nbsp;prvProcessReceivedCommands
<LI><a href="#[1aa]">&gt;&gt;</a>&nbsp;&nbsp;&nbsp;prvProcessExpiredTimer
</UL>

<P><STRONG><a name="[1ad]"></a>prvSampleTimeNow</STRONG> (Thumb, 40 bytes, Stack size 16 bytes, timers.o(i.prvSampleTimeNow))
<BR><BR>[Stack]<UL><LI>Max Depth = 96<LI>Call Chain = prvSampleTimeNow &rArr; prvSwitchTimerLists &rArr; prvProcessExpiredTimer &rArr; prvReloadTimer &rArr; prvInsertTimerInActiveList &rArr; vListInsert
</UL>
<BR>[Calls]<UL><LI><a href="#[1b2]">&gt;&gt;</a>&nbsp;&nbsp;&nbsp;prvSwitchTimerLists
<LI><a href="#[c7]">&gt;&gt;</a>&nbsp;&nbsp;&nbsp;xTaskGetTickCount
</UL>
<BR>[Called By]<UL><LI><a href="#[1ae]">&gt;&gt;</a>&nbsp;&nbsp;&nbsp;prvProcessTimerOrBlockTask
<LI><a href="#[1ac]">&gt;&gt;</a>&nbsp;&nbsp;&nbsp;prvProcessReceivedCommands
</UL>

<P><STRONG><a name="[1b2]"></a>prvSwitchTimerLists</STRONG> (Thumb, 58 bytes, Stack size 16 bytes, timers.o(i.prvSwitchTimerLists))
<BR><BR>[Stack]<UL><LI>Max Depth = 80<LI>Call Chain = prvSwitchTimerLists &rArr; prvProcessExpiredTimer &rArr; prvReloadTimer &rArr; prvInsertTimerInActiveList &rArr; vListInsert
</UL>
<BR>[Calls]<UL><LI><a href="#[1aa]">&gt;&gt;</a>&nbsp;&nbsp;&nbsp;prvProcessExpiredTimer
</UL>
<BR>[Called By]<UL><LI><a href="#[1ad]">&gt;&gt;</a>&nbsp;&nbsp;&nbsp;prvSampleTimeNow
</UL>

<P><STRONG><a name="[46]"></a>prvTimerTask</STRONG> (Thumb, 26 bytes, Stack size 8 bytes, timers.o(i.prvTimerTask))
<BR><BR>[Stack]<UL><LI>Max Depth = 280 + Unknown Stack Size
<LI>Call Chain = prvTimerTask &rArr; prvProcessReceivedCommands &rArr; xQueueReceive &rArr; xTaskResumeAll &rArr; xTaskIncrementTick &rArr; __2printf &rArr; _printf_char_file &rArr; _printf_char_common &rArr; __printf
</UL>
<BR>[Calls]<UL><LI><a href="#[1ae]">&gt;&gt;</a>&nbsp;&nbsp;&nbsp;prvProcessTimerOrBlockTask
<LI><a href="#[1ac]">&gt;&gt;</a>&nbsp;&nbsp;&nbsp;prvProcessReceivedCommands
<LI><a href="#[1b3]">&gt;&gt;</a>&nbsp;&nbsp;&nbsp;prvGetNextExpireTime
</UL>
<BR>[Address Reference Count : 1]<UL><LI> timers.o(i.xTimerCreateTimerTask)
</UL>
<P><STRONG><a name="[159]"></a>SetSysClock</STRONG> (Thumb, 8 bytes, Stack size 8 bytes, system_stm32f10x.o(i.SetSysClock))
<BR><BR>[Stack]<UL><LI>Max Depth = 20<LI>Call Chain = SetSysClock &rArr; SetSysClockTo72
</UL>
<BR>[Calls]<UL><LI><a href="#[15a]">&gt;&gt;</a>&nbsp;&nbsp;&nbsp;SetSysClockTo72
</UL>
<BR>[Called By]<UL><LI><a href="#[39]">&gt;&gt;</a>&nbsp;&nbsp;&nbsp;SystemInit
</UL>

<P><STRONG><a name="[15a]"></a>SetSysClockTo72</STRONG> (Thumb, 214 bytes, Stack size 12 bytes, system_stm32f10x.o(i.SetSysClockTo72))
<BR><BR>[Stack]<UL><LI>Max Depth = 12<LI>Call Chain = SetSysClockTo72
</UL>
<BR>[Called By]<UL><LI><a href="#[159]">&gt;&gt;</a>&nbsp;&nbsp;&nbsp;SetSysClock
</UL>

<P><STRONG><a name="[b6]"></a>Adjust_RTC_Value</STRONG> (Thumb, 136 bytes, Stack size 16 bytes, settime.o(i.Adjust_RTC_Value))
<BR><BR>[Stack]<UL><LI>Max Depth = 120<LI>Call Chain = Adjust_RTC_Value &rArr; MyRTC_SetTime &rArr; mktime &rArr; _tm_carry
</UL>
<BR>[Calls]<UL><LI><a href="#[b7]">&gt;&gt;</a>&nbsp;&nbsp;&nbsp;MyRTC_SetTime
</UL>
<BR>[Called By]<UL><LI><a href="#[145]">&gt;&gt;</a>&nbsp;&nbsp;&nbsp;SetTime_HandleKey
</UL>

<P><STRONG><a name="[15c]"></a>Show_SetClock_UI</STRONG> (Thumb, 74 bytes, Stack size 8 bytes, settime.o(i.Show_SetClock_UI))
<BR><BR>[Stack]<UL><LI>Max Depth = 456 + Unknown Stack Size
<LI>Call Chain = Show_SetClock_UI &rArr; OLED_Printf &rArr; OLED_ShowString &rArr; OLED_ShowChar &rArr; OLED_ShowImage &rArr; OLED_ClearArea
</UL>
<BR>[Calls]<UL><LI><a href="#[122]">&gt;&gt;</a>&nbsp;&nbsp;&nbsp;OLED_ShowImage
<LI><a href="#[11e]">&gt;&gt;</a>&nbsp;&nbsp;&nbsp;OLED_Printf
</UL>
<BR>[Called By]<UL><LI><a href="#[142]">&gt;&gt;</a>&nbsp;&nbsp;&nbsp;SetTime_RefreshDisplay
</UL>

<P><STRONG><a name="[15b]"></a>Show_SetDate_UI</STRONG> (Thumb, 74 bytes, Stack size 8 bytes, settime.o(i.Show_SetDate_UI))
<BR><BR>[Stack]<UL><LI>Max Depth = 456 + Unknown Stack Size
<LI>Call Chain = Show_SetDate_UI &rArr; OLED_Printf &rArr; OLED_ShowString &rArr; OLED_ShowChar &rArr; OLED_ShowImage &rArr; OLED_ClearArea
</UL>
<BR>[Calls]<UL><LI><a href="#[122]">&gt;&gt;</a>&nbsp;&nbsp;&nbsp;OLED_ShowImage
<LI><a href="#[11e]">&gt;&gt;</a>&nbsp;&nbsp;&nbsp;OLED_Printf
</UL>
<BR>[Called By]<UL><LI><a href="#[142]">&gt;&gt;</a>&nbsp;&nbsp;&nbsp;SetTime_RefreshDisplay
</UL>

<P><STRONG><a name="[95]"></a>_tm_carry</STRONG> (Thumb, 62 bytes, Stack size 8 bytes, mktime.o(.text))
<BR><BR>[Stack]<UL><LI>Max Depth = 8<LI>Call Chain = _tm_carry
</UL>
<BR>[Called By]<UL><LI><a href="#[94]">&gt;&gt;</a>&nbsp;&nbsp;&nbsp;mktime
</UL>

<P><STRONG><a name="[1e2]"></a>_dadd1</STRONG> (Thumb, 0 bytes, Stack size unknown bytes, daddsub_clz.o(x$fpl$dadd), UNUSED)
<BR><BR>[Called By]<UL><LI><a href="#[1e3]">&gt;&gt;</a>&nbsp;&nbsp;&nbsp;_dsub
<LI><a href="#[1e1]">&gt;&gt;</a>&nbsp;&nbsp;&nbsp;_drsb
</UL>

<P><STRONG><a name="[1d5]"></a>_dsub1</STRONG> (Thumb, 0 bytes, Stack size unknown bytes, daddsub_clz.o(x$fpl$dsub), UNUSED)
<BR><BR>[Called By]<UL><LI><a href="#[1e1]">&gt;&gt;</a>&nbsp;&nbsp;&nbsp;_drsb
<LI><a href="#[1d4]">&gt;&gt;</a>&nbsp;&nbsp;&nbsp;_dadd
</UL>

<P><STRONG><a name="[1f2]"></a>_fadd1</STRONG> (Thumb, 0 bytes, Stack size unknown bytes, faddsub_clz.o(x$fpl$fadd), UNUSED)
<BR><BR>[Called By]<UL><LI><a href="#[1f3]">&gt;&gt;</a>&nbsp;&nbsp;&nbsp;_fsub
<LI><a href="#[1f1]">&gt;&gt;</a>&nbsp;&nbsp;&nbsp;_frsb
</UL>

<P><STRONG><a name="[1e7]"></a>_fsub1</STRONG> (Thumb, 0 bytes, Stack size unknown bytes, faddsub_clz.o(x$fpl$fsub), UNUSED)
<BR><BR>[Called By]<UL><LI><a href="#[1f1]">&gt;&gt;</a>&nbsp;&nbsp;&nbsp;_frsb
<LI><a href="#[1e6]">&gt;&gt;</a>&nbsp;&nbsp;&nbsp;_fadd
</UL>

<P><STRONG><a name="[3c]"></a>_printf_input_char</STRONG> (Thumb, 10 bytes, Stack size 0 bytes, _printf_char_common.o(.text))
<BR>[Address Reference Count : 1]<UL><LI> _printf_char_common.o(.text)
</UL>
<P><STRONG><a name="[a3]"></a>_fp_digits</STRONG> (Thumb, 432 bytes, Stack size 96 bytes, _printf_fp_dec.o(.text))
<BR><BR>[Stack]<UL><LI>Max Depth = 220<LI>Call Chain = _fp_digits &rArr; _btod_etento &rArr; _btod_emul &rArr; _e2e
</UL>
<BR>[Calls]<UL><LI><a href="#[a7]">&gt;&gt;</a>&nbsp;&nbsp;&nbsp;_btod_emul
<LI><a href="#[a6]">&gt;&gt;</a>&nbsp;&nbsp;&nbsp;_btod_ediv
<LI><a href="#[a5]">&gt;&gt;</a>&nbsp;&nbsp;&nbsp;_btod_d2e
<LI><a href="#[a4]">&gt;&gt;</a>&nbsp;&nbsp;&nbsp;_btod_etento
<LI><a href="#[9d]">&gt;&gt;</a>&nbsp;&nbsp;&nbsp;_ll_udiv10
</UL>
<BR>[Called By]<UL><LI><a href="#[a8]">&gt;&gt;</a>&nbsp;&nbsp;&nbsp;_printf_fp_dec_real
</UL>
<P>
<H3>
Undefined Global Symbols
</H3><HR></body></html>
