Component: ARM Compiler 5.06 update 5 (build 528) Tool: armlink [4d35e2]

==============================================================================

Section Cross References

    main.o(i.main) refers to misc.o(i.NVIC_PriorityGroupConfig) for NVIC_PriorityGroupConfig
    main.o(i.main) refers to bsp_delay.o(i.SysTick_Init) for SysTick_Init
    main.o(i.main) refers to bsp_oled.o(i.OLED_Init) for OLED_Init
    main.o(i.main) refers to bsp_key.o(i.Key_Init) for Key_Init
    main.o(i.main) refers to bsp_led.o(i.LED_Init) for LED_Init
    main.o(i.main) refers to bsp_timer.o(i.Timer_Init) for Timer_Init
    main.o(i.main) refers to bsp_rtc.o(i.MyRTC_Init) for MyRTC_Init
    main.o(i.main) refers to bsp_mpu6050.o(i.MPU6050_Init) for MPU6050_Init
    main.o(i.main) refers to tasks.o(i.xTaskCreate) for xTaskCreate
    main.o(i.main) refers to main.o(i.NVIC_SetPriority) for NVIC_SetPriority
    main.o(i.main) refers to tasks.o(i.vTaskStartScheduler) for vTaskStartScheduler
    main.o(i.main) refers to task_sensor.o(.data) for MPU6050_Available
    main.o(i.main) refers to task_manager.o(.data) for StartTaskHandle
    main.o(i.main) refers to task_manager.o(i.StartTask) for StartTask
    freertos_debug.o(i.Check_SystemHealth) refers to _printf_percent.o(.ARM.Collect$$_printf_percent$$00000000) for _printf_percent
    freertos_debug.o(i.Check_SystemHealth) refers to _printf_d.o(.ARM.Collect$$_printf_percent$$00000009) for _printf_d
    freertos_debug.o(i.Check_SystemHealth) refers to _printf_dec.o(.text) for _printf_int_dec
    freertos_debug.o(i.Check_SystemHealth) refers to freertos_debug.o(i.Get_FreeHeapSize) for Get_FreeHeapSize
    freertos_debug.o(i.Check_SystemHealth) refers to __2printf.o(.text) for __2printf
    freertos_debug.o(i.Check_SystemHealth) refers to freertos_debug.o(i.Get_TaskStackHighWaterMark) for Get_TaskStackHighWaterMark
    freertos_debug.o(i.Check_SystemHealth) refers to task_manager.o(.data) for DisplayTaskHandle
    freertos_debug.o(i.Get_FreeHeapSize) refers to heap_4.o(i.xPortGetFreeHeapSize) for xPortGetFreeHeapSize
    freertos_debug.o(i.Get_MinimumEverFreeHeapSize) refers to heap_4.o(i.xPortGetMinimumEverFreeHeapSize) for xPortGetMinimumEverFreeHeapSize
    freertos_debug.o(i.Get_TaskList) refers to tasks.o(i.vTaskList) for vTaskList
    freertos_debug.o(i.Get_TaskRunTimeStats) refers to __2snprintf.o(.text) for __2snprintf
    freertos_debug.o(i.Get_TaskStackHighWaterMark) refers to tasks.o(i.uxTaskGetStackHighWaterMark) for uxTaskGetStackHighWaterMark
    freertos_debug.o(i.Print_MemoryStats) refers to _printf_percent.o(.ARM.Collect$$_printf_percent$$00000000) for _printf_percent
    freertos_debug.o(i.Print_MemoryStats) refers to _printf_d.o(.ARM.Collect$$_printf_percent$$00000009) for _printf_d
    freertos_debug.o(i.Print_MemoryStats) refers to _printf_dec.o(.text) for _printf_int_dec
    freertos_debug.o(i.Print_MemoryStats) refers to __2printf.o(.text) for __2printf
    freertos_debug.o(i.Print_MemoryStats) refers to freertos_debug.o(i.Get_FreeHeapSize) for Get_FreeHeapSize
    freertos_debug.o(i.Print_MemoryStats) refers to freertos_debug.o(i.Get_MinimumEverFreeHeapSize) for Get_MinimumEverFreeHeapSize
    freertos_debug.o(i.Print_SystemDiagnostics) refers to __2printf.o(.text) for __2printf
    freertos_debug.o(i.Print_SystemDiagnostics) refers to freertos_debug.o(i.Print_MemoryStats) for Print_MemoryStats
    freertos_debug.o(i.Print_SystemDiagnostics) refers to freertos_debug.o(i.Print_TaskStackStats) for Print_TaskStackStats
    freertos_debug.o(i.Print_SystemDiagnostics) refers to freertos_debug.o(i.Print_TaskList) for Print_TaskList
    freertos_debug.o(i.Print_SystemDiagnostics) refers to freertos_debug.o(i.Print_TaskRunTimeStats) for Print_TaskRunTimeStats
    freertos_debug.o(i.Print_TaskList) refers to _printf_percent.o(.ARM.Collect$$_printf_percent$$00000000) for _printf_percent
    freertos_debug.o(i.Print_TaskList) refers to _printf_s.o(.ARM.Collect$$_printf_percent$$00000014) for _printf_s
    freertos_debug.o(i.Print_TaskList) refers to _printf_str.o(.text) for _printf_str
    freertos_debug.o(i.Print_TaskList) refers to __2printf.o(.text) for __2printf
    freertos_debug.o(i.Print_TaskList) refers to freertos_debug.o(i.Get_TaskList) for Get_TaskList
    freertos_debug.o(i.Print_TaskRunTimeStats) refers to __2printf.o(.text) for __2printf
    freertos_debug.o(i.Print_TaskStackStats) refers to _printf_percent.o(.ARM.Collect$$_printf_percent$$00000000) for _printf_percent
    freertos_debug.o(i.Print_TaskStackStats) refers to _printf_d.o(.ARM.Collect$$_printf_percent$$00000009) for _printf_d
    freertos_debug.o(i.Print_TaskStackStats) refers to _printf_dec.o(.text) for _printf_int_dec
    freertos_debug.o(i.Print_TaskStackStats) refers to __2printf.o(.text) for __2printf
    freertos_debug.o(i.Print_TaskStackStats) refers to freertos_debug.o(i.Get_TaskStackHighWaterMark) for Get_TaskStackHighWaterMark
[...]
    StepCounter_GetTotalSteps                0x0800504d   Thumb Code     6  step_algo.o(i.StepCounter_GetTotalSteps)
    StepCounter_ResetToday                   0x08005059   Thumb Code     8  step_algo.o(i.StepCounter_ResetToday)
    StepCounter_Update                       0x08005065   Thumb Code   156  step_algo.o(i.StepCounter_Update)
    Storage_SaveDailySteps                   0x08005115   Thumb Code   154  storage.o(i.Storage_SaveDailySteps)
    SysTick_Handler                          0x080051dd   Thumb Code    16  bsp_delay.o(i.SysTick_Handler)
    SysTick_Init                             0x080051ed   Thumb Code    78  bsp_delay.o(i.SysTick_Init)
    SystemInit                               0x08005241   Thumb Code    78  system_stm32f10x.o(i.SystemInit)
    TIM2_IRQHandler                          0x080052a1   Thumb Code    46  bsp_timer.o(i.TIM2_IRQHandler)
    TIM_ClearFlag                            0x080052d5   Thumb Code     6  stm32f10x_tim.o(i.TIM_ClearFlag)
    TIM_ClearITPendingBit                    0x080052db   Thumb Code     6  stm32f10x_tim.o(i.TIM_ClearITPendingBit)
    TIM_Cmd                                  0x080052e1   Thumb Code    24  stm32f10x_tim.o(i.TIM_Cmd)
    TIM_GetITStatus                          0x080052f9   Thumb Code    34  stm32f10x_tim.o(i.TIM_GetITStatus)
    TIM_ITConfig                             0x0800531b   Thumb Code    18  stm32f10x_tim.o(i.TIM_ITConfig)
    TIM_InternalClockConfig                  0x0800532d   Thumb Code    12  stm32f10x_tim.o(i.TIM_InternalClockConfig)
    TIM_TimeBaseInit                         0x08005339   Thumb Code   122  stm32f10x_tim.o(i.TIM_TimeBaseInit)
    Timer_Init                               0x080053dd   Thumb Code   116  bsp_timer.o(i.Timer_Init)
    UI_GetCurrentPage                        0x08005451   Thumb Code     6  ui_manager.o(i.UI_GetCurrentPage)
    UI_HandleKey                             0x0800545d   Thumb Code   110  ui_manager.o(i.UI_HandleKey)
    UI_Init                                  0x080054d1   Thumb Code     8  ui_manager.o(i.UI_Init)
    UI_Refresh                               0x080054dd   Thumb Code    96  ui_manager.o(i.UI_Refresh)
    UI_SwitchPage                            0x08005541   Thumb Code    60  ui_manager.o(i.UI_SwitchPage)
    USART_Cmd                                0x08005585   Thumb Code    24  stm32f10x_usart.o(i.USART_Cmd)
    USART_GetFlagStatus                      0x0800559d   Thumb Code    26  stm32f10x_usart.o(i.USART_GetFlagStatus)
    USART_Init                               0x080055b9   Thumb Code   210  stm32f10x_usart.o(i.USART_Init)
    USART_SendData                           0x08005691   Thumb Code     8  stm32f10x_usart.o(i.USART_SendData)
    UsageFault_Handler                       0x08005699   Thumb Code     4  stm32f10x_it.o(i.UsageFault_Handler)
    W25Q64_PageProgram                       0x0800569d   Thumb Code    76  bsp_flash.o(i.W25Q64_PageProgram)
    W25Q64_ReadData                          0x080056e9   Thumb Code    68  bsp_flash.o(i.W25Q64_ReadData)
    W25Q64_WaitBusy                          0x0800572d   Thumb Code    44  bsp_flash.o(i.W25Q64_WaitBusy)
    W25Q64_WriteEnable                       0x0800575d   Thumb Code    18  bsp_flash.o(i.W25Q64_WriteEnable)
    __ARM_fpclassify                         0x0800576f   Thumb Code    40  fpclassify.o(i.__ARM_fpclassify)
    __ARM_fpclassifyf                        0x08005797   Thumb Code    38  fpclassifyf.o(i.__ARM_fpclassifyf)
    __ieee754_rem_pio2                       0x080057bd   Thumb Code   828  rred.o(i.__ieee754_rem_pio2)
    __kernel_cos                             0x08005b45   Thumb Code   230  cos_i.o(i.__kernel_cos)
    __kernel_poly                            0x08005c41   Thumb Code   170  poly.o(i.__kernel_poly)
    __kernel_sin                             0x08005ced   Thumb Code   224  sin_i.o(i.__kernel_sin)
    __mathlib_dbl_infnan                     0x08005dd9   Thumb Code     6  dunder.o(i.__mathlib_dbl_infnan)
    __mathlib_dbl_invalid                    0x08005ddf   Thumb Code    12  dunder.o(i.__mathlib_dbl_invalid)
    __mathlib_dbl_underflow                  0x08005ded   Thumb Code    10  dunder.o(i.__mathlib_dbl_underflow)
    __mathlib_flt_infnan2                    0x08005dfd   Thumb Code     4  funder.o(i.__mathlib_flt_infnan2)
    __mathlib_flt_underflow                  0x08005e01   Thumb Code    10  funder.o(i.__mathlib_flt_underflow)
    _is_digit                                0x08005e0b   Thumb Code    14  __printf_wp.o(i._is_digit)
    _sys_exit                                0x08005e19   Thumb Code     4  bsp_usart.o(i._sys_exit)
    atan2f                                   0x08005e1d   Thumb Code   528  atan2f.o(i.atan2f)
    fputc                                    0x08006079   Thumb Code    24  bsp_usart.o(i.fputc)
    isColliding                              0x08006095   Thumb Code    80  dino.o(i.isColliding)
    main                                     0x080060f1   Thumb Code   102  main.o(i.main)
    pvPortMalloc                             0x08006c3d   Thumb Code   312  heap_4.o(i.pvPortMalloc)
    pvTaskIncrementMutexHeldCount            0x08006db5   Thumb Code    26  tasks.o(i.pvTaskIncrementMutexHeldCount)
    pxPortInitialiseStack                    0x08006dd5   Thumb Code    30  port.o(i.pxPortInitialiseStack)
    sin                                      0x08006df9   Thumb Code   150  sin.o(i.sin)
    sqrt                                     0x08006e99   Thumb Code    76  sqrt.o(i.sqrt)
    uxListRemove                             0x08006ee5   Thumb Code    40  list.o(i.uxListRemove)
    vApplicationGetIdleTaskMemory            0x08006f0d   Thumb Code    14  task_manager.o(i.vApplicationGetIdleTaskMemory)
    vApplicationGetTimerTaskMemory           0x08006f25   Thumb Code    14  task_manager.o(i.vApplicationGetTimerTaskMemory)
    vApplicationIdleHook                     0x08006f3d   Thumb Code     4  task_manager.o(i.vApplicationIdleHook)
    vApplicationMallocFailedHook             0x08006f41   Thumb Code     4  task_manager.o(i.vApplicationMallocFailedHook)
    vApplicationStackOverflowHook            0x08006f45   Thumb Code     4  task_manager.o(i.vApplicationStackOverflowHook)
    vListInitialise                          0x08006f49   Thumb Code    26  list.o(i.vListInitialise)
    vListInitialiseItem                      0x08006f63   Thumb Code     6  list.o(i.vListInitialiseItem)
    vListInsert                              0x08006f69   Thumb Code    52  list.o(i.vListInsert)
    vListInsertEnd                           0x08006f9d   Thumb Code    24  list.o(i.vListInsertEnd)
    vPortEnterCritical                       0x08006fb5   Thumb Code    68  port.o(i.vPortEnterCritical)
    vPortExitCritical                        0x08007029   Thumb Code    48  port.o(i.vPortExitCritical)
    vPortFree                                0x08007085   Thumb Code   130  heap_4.o(i.vPortFree)
    vPortSetupTimerInterrupt                 0x0800713d   Thumb Code    38  port.o(i.vPortSetupTimerInterrupt)
    vPortValidateInterruptPriority           0x08007169   Thumb Code    86  port.o(i.vPortValidateInterruptPriority)
    vQueueWaitForMessageRestricted           0x080071f5   Thumb Code    74  queue.o(i.vQueueWaitForMessageRestricted)
    vTaskDelay                               0x08007241   Thumb Code    72  tasks.o(i.vTaskDelay)
    vTaskDelete                              0x080072b9   Thumb Code   200  tasks.o(i.vTaskDelete)
    vTaskInternalSetTimeOutState             0x080073d1   Thumb Code    14  tasks.o(i.vTaskInternalSetTimeOutState)
    vTaskMissedYield                         0x080073e9   Thumb Code     8  tasks.o(i.vTaskMissedYield)
    vTaskPlaceOnEventList                    0x080073f5   Thumb Code    42  tasks.o(i.vTaskPlaceOnEventList)
    vTaskPlaceOnEventListRestricted          0x0800744d   Thumb Code    84  tasks.o(i.vTaskPlaceOnEventListRestricted)
    vTaskPriorityDisinheritAfterTimeout      0x080074cd   Thumb Code   248  tasks.o(i.vTaskPriorityDisinheritAfterTimeout)
    vTaskStartScheduler                      0x080075f9   Thumb Code   150  tasks.o(i.vTaskStartScheduler)
    vTaskSuspendAll                          0x080076d9   Thumb Code    12  tasks.o(i.vTaskSuspendAll)
    vTaskSwitchContext                       0x080076e9   Thumb Code   164  tasks.o(i.vTaskSwitchContext)
    xPortStartScheduler                      0x080077c9   Thumb Code   240  port.o(i.xPortStartScheduler)
    xPortSysTickHandler                      0x080078f5   Thumb Code    46  port.o(i.xPortSysTickHandler)
    xQueueCreateMutex                        0x08007929   Thumb Code    34  queue.o(i.xQueueCreateMutex)
    xQueueGenericCreate                      0x0800794d   Thumb Code    98  queue.o(i.xQueueGenericCreate)
    xQueueGenericCreateStatic                0x080079d9   Thumb Code   124  queue.o(i.xQueueGenericCreateStatic)
    xQueueGenericReset                       0x08007a7d   Thumb Code   194  queue.o(i.xQueueGenericReset)
    xQueueGenericSend                        0x08007b6d   Thumb Code   380  queue.o(i.xQueueGenericSend)
    xQueueGenericSendFromISR                 0x08007d15   Thumb Code   248  queue.o(i.xQueueGenericSendFromISR)
    xQueueReceive                            0x08007e35   Thumb Code   326  queue.o(i.xQueueReceive)
    xQueueSemaphoreTake                      0x08007fa9   Thumb Code   394  queue.o(i.xQueueSemaphoreTake)
    xTaskCheckForTimeOut                     0x08008161   Thumb Code   140  tasks.o(i.xTaskCheckForTimeOut)
    xTaskCreate                              0x08008221   Thumb Code   100  tasks.o(i.xTaskCreate)
    xTaskCreateStatic                        0x08008285   Thumb Code   154  tasks.o(i.xTaskCreateStatic)
    xTaskDelayUntil                          0x08008349   Thumb Code   172  tasks.o(i.xTaskDelayUntil)
    xTaskGetSchedulerState                   0x08008429   Thumb Code    24  tasks.o(i.xTaskGetSchedulerState)
    xTaskGetTickCount                        0x08008449   Thumb Code     6  tasks.o(i.xTaskGetTickCount)
    xTaskIncrementTick                       0x08008455   Thumb Code   388  tasks.o(i.xTaskIncrementTick)
    xTaskPriorityDisinherit                  0x0800862d   Thumb Code   206  tasks.o(i.xTaskPriorityDisinherit)
    xTaskPriorityInherit                     0x08008731   Thumb Code   224  tasks.o(i.xTaskPriorityInherit)
    xTaskRemoveFromEventList                 0x0800881d   Thumb Code   254  tasks.o(i.xTaskRemoveFromEventList)
    xTaskResumeAll                           0x0800895d   Thumb Code   328  tasks.o(i.xTaskResumeAll)
    xTimerCreateTimerTask                    0x08008af1   Thumb Code    90  timers.o(i.xTimerCreateTimerTask)
    _get_lc_numeric                          0x08008b89   Thumb Code    44  lc_numeric_c.o(locale$$code)
    _get_lc_ctype                            0x08008bb5   Thumb Code    44  lc_ctype_c.o(locale$$code)
    __aeabi_d2f                              0x08008be1   Thumb Code     0  d2f.o(x$fpl$d2f)
    _d2f                                     0x08008be1   Thumb Code    98  d2f.o(x$fpl$d2f)
    __aeabi_dadd                             0x08008c45   Thumb Code     0  daddsub_clz.o(x$fpl$dadd)
    _dadd                                    0x08008c45   Thumb Code   332  daddsub_clz.o(x$fpl$dadd)
    __fpl_dcheck_NaN1                        0x08008d95   Thumb Code    10  dcheck1.o(x$fpl$dcheck1)
    __fpl_dcmp_Inf                           0x08008da5   Thumb Code    24  dcmpi.o(x$fpl$dcmpinf)
    __aeabi_ddiv                             0x08008dbd   Thumb Code     0  ddiv.o(x$fpl$ddiv)
    _ddiv                                    0x08008dbd   Thumb Code   552  ddiv.o(x$fpl$ddiv)
    __aeabi_d2iz                             0x0800906d   Thumb Code     0  dfix.o(x$fpl$dfix)
    _dfix                                    0x0800906d   Thumb Code    94  dfix.o(x$fpl$dfix)
    __aeabi_d2uiz                            0x080090cd   Thumb Code     0  dfixu.o(x$fpl$dfixu)
    _dfixu                                   0x080090cd   Thumb Code    90  dfixu.o(x$fpl$dfixu)
    __aeabi_i2d                              0x08009127   Thumb Code     0  dflt_clz.o(x$fpl$dflt)
    _dflt                                    0x08009127   Thumb Code    46  dflt_clz.o(x$fpl$dflt)
    __aeabi_ui2d                             0x08009155   Thumb Code     0  dflt_clz.o(x$fpl$dfltu)
    _dfltu                                   0x08009155   Thumb Code    38  dflt_clz.o(x$fpl$dfltu)
    __aeabi_cdcmple                          0x0800917d   Thumb Code     0  dleqf.o(x$fpl$dleqf)
    _dcmple                                  0x0800917d   Thumb Code   120  dleqf.o(x$fpl$dleqf)
    __fpl_dcmple_InfNaN                      0x080091df   Thumb Code     0  dleqf.o(x$fpl$dleqf)
    __aeabi_dmul                             0x080091f5   Thumb Code     0  dmul.o(x$fpl$dmul)
    _dmul                                    0x080091f5   Thumb Code   332  dmul.o(x$fpl$dmul)
    __fpl_dnaninf                            0x08009349   Thumb Code   156  dnaninf.o(x$fpl$dnaninf)
    __fpl_dretinf                            0x080093e5   Thumb Code    12  dretinf.o(x$fpl$dretinf)
    __aeabi_cdrcmple                         0x080093f1   Thumb Code     0  drleqf.o(x$fpl$drleqf)
    _drcmple                                 0x080093f1   Thumb Code   108  drleqf.o(x$fpl$drleqf)
    __aeabi_drsub                            0x0800945d   Thumb Code     0  daddsub_clz.o(x$fpl$drsb)
    _drsb                                    0x0800945d   Thumb Code    22  daddsub_clz.o(x$fpl$drsb)
    _dsqrt                                   0x08009475   Thumb Code   456  dsqrt_noumaal.o(x$fpl$dsqrt)
    __aeabi_dsub                             0x08009641   Thumb Code     0  daddsub_clz.o(x$fpl$dsub)
    _dsub                                    0x08009641   Thumb Code   464  daddsub_clz.o(x$fpl$dsub)
    __aeabi_f2d                              0x08009815   Thumb Code     0  f2d.o(x$fpl$f2d)
    _f2d                                     0x08009815   Thumb Code    86  f2d.o(x$fpl$f2d)
    __aeabi_fadd                             0x0800986d   Thumb Code     0  faddsub_clz.o(x$fpl$fadd)
    _fadd                                    0x0800986d   Thumb Code   196  faddsub_clz.o(x$fpl$fadd)
    __fpl_fcheck_NaN1                        0x08009931   Thumb Code     6  fcheck1.o(x$fpl$fcheck1)
    __fpl_fcmp_Inf                           0x0800993d   Thumb Code    24  fcmpi.o(x$fpl$fcmpinf)
    __aeabi_fdiv                             0x08009955   Thumb Code     0  fdiv.o(x$fpl$fdiv)
    _fdiv                                    0x08009955   Thumb Code   384  fdiv.o(x$fpl$fdiv)
    __aeabi_cfcmpeq                          0x08009ad9   Thumb Code     0  feqf.o(x$fpl$feqf)
    _fcmpeq                                  0x08009ad9   Thumb Code   104  feqf.o(x$fpl$feqf)
    __aeabi_f2iz                             0x08009b41   Thumb Code     0  ffix.o(x$fpl$ffix)
    _ffix                                    0x08009b41   Thumb Code    54  ffix.o(x$fpl$ffix)
    __aeabi_i2f                              0x08009b79   Thumb Code     0  fflt_clz.o(x$fpl$fflt)
    _fflt                                    0x08009b79   Thumb Code    48  fflt_clz.o(x$fpl$fflt)
    __aeabi_ui2f                             0x08009ba9   Thumb Code     0  fflt_clz.o(x$fpl$ffltu)
    _ffltu                                   0x08009ba9   Thumb Code    38  fflt_clz.o(x$fpl$ffltu)
    __aeabi_cfcmple                          0x08009bd1   Thumb Code     0  fleqf.o(x$fpl$fleqf)
    _fcmple                                  0x08009bd1   Thumb Code   104  fleqf.o(x$fpl$fleqf)
    __fpl_fcmple_InfNaN                      0x08009c23   Thumb Code     0  fleqf.o(x$fpl$fleqf)
    __aeabi_fmul                             0x08009c39   Thumb Code     0  fmul.o(x$fpl$fmul)
    _fmul                                    0x08009c39   Thumb Code   258  fmul.o(x$fpl$fmul)
    __fpl_fnaninf                            0x08009d3b   Thumb Code   140  fnaninf.o(x$fpl$fnaninf)
    __fpl_fretinf                            0x08009dc7   Thumb Code    10  fretinf.o(x$fpl$fretinf)
    __aeabi_cfrcmple                         0x08009dd1   Thumb Code     0  frleqf.o(x$fpl$frleqf)
    _frcmple                                 0x08009dd1   Thumb Code    98  frleqf.o(x$fpl$frleqf)
    __aeabi_frsub                            0x08009e33   Thumb Code     0  faddsub_clz.o(x$fpl$frsb)
    _frsb                                    0x08009e33   Thumb Code    20  faddsub_clz.o(x$fpl$frsb)
    __aeabi_fsub                             0x08009e49   Thumb Code     0  faddsub_clz.o(x$fpl$fsub)
    _fsub                                    0x08009e49   Thumb Code   234  faddsub_clz.o(x$fpl$fsub)
    _printf_fp_dec                           0x08009f33   Thumb Code     4  printf1.o(x$fpl$printf1)
    _printf_fp_hex                           0x08009f37   Thumb Code     4  printf2.o(x$fpl$printf2)
    __fpl_return_NaN                         0x08009f3b   Thumb Code   100  retnan.o(x$fpl$retnan)
    __ARM_scalbn                             0x08009f9f   Thumb Code    92  scalbn.o(x$fpl$scalbn)
    __ARM_scalbnf                            0x08009ffb   Thumb Code    76  scalbnf.o(x$fpl$scalbnf)
    __fpl_cmpreturn                          0x0800a047   Thumb Code    48  trapv.o(x$fpl$trapveneer)
    OLED_F8x16                               0x0800a076   Data        1520  oled_data.o(.constdata)
    __I$use$fp                               0x0800a076   Number         0  usenofp.o(x$fpl$usenofp)
    OLED_F6x8                                0x0800a666   Data         570  oled_data.o(.constdata)
    OLED_F12x24                              0x0800a8a0   Data        3420  oled_data.o(.constdata)
    OLED_CF16x16                             0x0800b5fc   Data        1260  oled_data.o(.constdata)
    Diode                                    0x0800bae8   Data          32  oled_data.o(.constdata)
    Return                                   0x0800bb08   Data          32  oled_data.o(.constdata)
    Menu_Group                               0x0800bb28   Data        1024  oled_data.o(.constdata)
    Frame                                    0x0800bf28   Data         264  oled_data.o(.constdata)
    Ground                                   0x0800c030   Data         256  oled_data.o(.constdata)
    Barrier                                  0x0800c130   Data         144  oled_data.o(.constdata)
    cloud                                    0x0800c1c0   Data          16  oled_data.o(.constdata)
    Dino                                     0x0800c1d0   Data         144  oled_data.o(.constdata)
    Eye_Brow                                 0x0800c260   Data          64  oled_data.o(.constdata)
    Mouth                                    0x0800c2a0   Data          60  oled_data.o(.constdata)
    _monlen                                  0x0800c320   Data          12  _monlen.o(.constdata)
    Region$$Table$$Base                      0x0800c550   Number         0  anon$$obj.o(Region$$Table)
    Region$$Table$$Limit                     0x0800c570   Number         0  anon$$obj.o(Region$$Table)
    __ctype                                  0x0800c599   Data           0  lc_ctype_c.o(locale$$data)
    pxCurrentTCB                             0x2000002c   Data           4  tasks.o(.data)
    uxTopUsedPriority                        0x20000064   Data           4  tasks.o(.data)
    MyRTC_Time                               0x20000094   Data          24  bsp_rtc.o(.data)
    __stdout                                 0x200000ac   Data           4  bsp_usart.o(.data)
    FreeRTOSRunTimeTicks                     0x200000b0   Data           4  bsp_timer.o(.data)
    Key_Num                                  0x200000b4   Data           1  bsp_key.o(.data)
    SystemCoreClock                          0x200000bc   Data           4  system_stm32f10x.o(.data)
    AHBPrescTable                            0x200000c0   Data          16  system_stm32f10x.o(.data)
    LastActionTime                           0x200000e4   Data           4  task_display.o(.data)
    IsScreenOn                               0x200000e8   Data           1  task_display.o(.data)
    StartTaskHandle                          0x200000ec   Data           4  task_manager.o(.data)
    DisplayTaskHandle                        0x200000f0   Data           4  task_manager.o(.data)
    KeyTaskHandle                            0x200000f4   Data           4  task_manager.o(.data)
    MPU6050TaskHandle                        0x200000f8   Data           4  task_manager.o(.data)
    DataSyncTaskHandle                       0x200000fc   Data           4  task_manager.o(.data)
    KeyQueue                                 0x20000100   Data           4  task_manager.o(.data)
    OLEDMutex                                0x20000104   Data           4  task_manager.o(.data)
    MPU6050_Available                        0x20000108   Data           1  task_sensor.o(.data)
    barrier                                  0x20000140   Data           4  dino.o(.data)
    dino                                     0x20000144   Data           4  dino.o(.data)
    Score                                    0x20000148   Data           4  dino.o(.data)
    barrier_flag                             0x2000014c   Data           1  dino.o(.data)
    Barrier_Pos                              0x2000014d   Data           1  dino.o(.data)
    cloud_pos                                0x2000014e   Data           1  dino.o(.data)
    dino_jump_flag                           0x2000014f   Data           1  dino.o(.data)
    KeyNum                                   0x20000150   Data           1  dino.o(.data)
    jump_t                                   0x20000152   Data           2  dino.o(.data)
    Jump_Pos                                 0x20000154   Data           1  dino.o(.data)
    pi                                       0x20000158   Data           8  dino.o(.data)
    Groud_Pos                                0x20000160   Data           2  dino.o(.data)
    OLED_DisplayBuf                          0x20001b44   Data        1024  bsp_oled.o(.bss)
    _random_number_data                      0x20002318   Data         228  rand.o(.bss)
    __libspace_start                         0x20002428   Data          96  libspace.o(.bss)
    __temporary_stack_top$libspace           0x20002488   Data           0  libspace.o(.bss)



==============================================================================

Memory Map of the image

  Image Entry point : 0x080000ed

  Load Region LR_IROM1 (Base: 0x08000000, Size: 0x0000c814, Max: 0x00010000, ABSOLUTE, COMPRESSED[0x0000c6e0])

    Execution Region ER_IROM1 (Exec base: 0x08000000, Load base: 0x08000000, Size: 0x0000c69c, Max: 0x00010000, ABSOLUTE)

    Exec Addr    Load Addr    Size         Type   Attr      Idx    E Section Name        Object

    0x08000000   0x08000000   0x000000ec   Data   RO         5402    RESET               startup_stm32f10x_md.o
    0x080000ec   0x080000ec   0x00000008   Code   RO         6231  * !!!main             c_w.l(__main.o)
    0x080000f4   0x080000f4   0x00000034   Code   RO         6720    !!!scatter          c_w.l(__scatter.o)
    0x08000128   0x08000128   0x0000005a   Code   RO         6718    !!dczerorl2         c_w.l(__dczerorl2.o)
    0x08000182   0x08000182   0x00000002   PAD
    0x08000184   0x08000184   0x0000001c   Code   RO         6722    !!handler_zi        c_w.l(__scatter_zi.o)
    0x080001a0   0x080001a0   0x00000000   Code   RO         6202    .ARM.Collect$$_printf_percent$$00000000  c_w.l(_printf_percent.o)
    0x080001a0   0x080001a0   0x00000006   Code   RO         6384    .ARM.Collect$$_printf_percent$$00000001  c_w.l(_printf_n.o)
    0x080001a6   0x080001a6   0x00000006   Code   RO         6386    .ARM.Collect$$_printf_percent$$00000002  c_w.l(_printf_p.o)
    0x080001ac   0x080001ac   0x00000006   Code   RO         6389    .ARM.Collect$$_printf_percent$$00000003  c_w.l(_printf_f.o)
    0x080001b2   0x080001b2   0x00000006   Code   RO         6390    .ARM.Collect$$_printf_percent$$00000004  c_w.l(_printf_e.o)
    0x080001b8   0x080001b8   0x00000006   Code   RO         6391    .ARM.Collect$$_printf_percent$$00000005  c_w.l(_printf_g.o)
    0x080001be   0x080001be   0x00000006   Code   RO         6392    .ARM.Collect$$_printf_percent$$00000006  c_w.l(_printf_a.o)
    0x080001c4   0x080001c4   0x0000000a   Code   RO         6397    .ARM.Collect$$_printf_percent$$00000007  c_w.l(_printf_ll.o)
    0x080001ce   0x080001ce   0x00000006   Code   RO         6388    .ARM.Collect$$_printf_percent$$00000008  c_w.l(_printf_i.o)
    0x080001d4   0x080001d4   0x00000006   Code   RO         6200    .ARM.Collect$$_printf_percent$$00000009  c_w.l(_printf_d.o)
    0x080001da   0x080001da   0x00000006   Code   RO         6201    .ARM.Collect$$_printf_percent$$0000000A  c_w.l(_printf_u.o)
    0x080001e0   0x080001e0   0x00000006   Code   RO         6387    .ARM.Collect$$_printf_percent$$0000000B  c_w.l(_printf_o.o)
    0x080001e6   0x080001e6   0x00000006   Code   RO         6385    .ARM.Collect$$_printf_percent$$0000000C  c_w.l(_printf_x.o)
    0x080001ec   0x080001ec   0x00000006   Code   RO         6394    .ARM.Collect$$_printf_percent$$0000000D  c_w.l(_printf_lli.o)
    0x080001f2   0x080001f2   0x00000006   Code   RO         6395    .ARM.Collect$$_printf_percent$$0000000E  c_w.l(_printf_lld.o)
    0x080001f8   0x080001f8   0x00000006   Code   RO         6396    .ARM.Collect$$_printf_percent$$0000000F  c_w.l(_printf_llu.o)
    0x080001fe   0x080001fe   0x00000006   Code   RO         6401    .ARM.Collect$$_printf_percent$$00000010  c_w.l(_printf_llo.o)
    0x08000204   0x08000204   0x00000006   Code   RO         6402    .ARM.Collect$$_printf_percent$$00000011  c_w.l(_printf_llx.o)
    0x0800020a   0x0800020a   0x0000000a   Code   RO         6398    .ARM.Collect$$_printf_percent$$00000012  c_w.l(_printf_l.o)
    0x08000214   0x08000214   0x00000006   Code   RO         6198    .ARM.Collect$$_printf_percent$$00000013  c_w.l(_printf_c.o)
    0x0800021a   0x0800021a   0x00000006   Code   RO         6199    .ARM.Collect$$_printf_percent$$00000014  c_w.l(_printf_s.o)
    0x08000220   0x08000220   0x00000006   Code   RO         6399    .ARM.Collect$$_printf_percent$$00000015  c_w.l(_printf_lc.o)
    0x08000226   0x08000226   0x00000006   Code   RO         6400    .ARM.Collect$$_printf_percent$$00000016  c_w.l(_printf_ls.o)
    0x0800022c   0x0800022c   0x00000004   Code   RO         6393    .ARM.Collect$$_printf_percent$$00000017  c_w.l(_printf_percent_end.o)
    0x08000230   0x08000230   0x00000002   Code   RO         6635    .ARM.Collect$$libinit$$00000000  c_w.l(libinit.o)
    0x08000232   0x08000232   0x00000000   Code   RO         6409    .ARM.Collect$$libinit$$00000002  c_w.l(libinit2.o)
    0x08000232   0x08000232   0x00000000   Code   RO         6411    .ARM.Collect$$libinit$$00000004  c_w.l(libinit2.o)
    0x08000232   0x08000232   0x00000000   Code   RO         6414    .ARM.Collect$$libinit$$0000000A  c_w.l(libinit2.o)
    0x08000232   0x08000232   0x00000000   Code   RO         6416    .ARM.Collect$$libinit$$0000000C  c_w.l(libinit2.o)
    0x08000232   0x08000232   0x00000004   Code   RO         6417    .ARM.Collect$$libinit$$0000000D  c_w.l(libinit2.o)
    0x08000236   0x08000236   0x00000000   Code   RO         6418    .ARM.Collect$$libinit$$0000000E  c_w.l(libinit2.o)
    0x08000236   0x08000236   0x00000006   Code   RO         6419    .ARM.Collect$$libinit$$0000000F  c_w.l(libinit2.o)
    0x0800023c   0x0800023c   0x00000000   Code   RO         6421    .ARM.Collect$$libinit$$00000011  c_w.l(libinit2.o)
    0x0800023c   0x0800023c   0x0000000c   Code   RO         6422    .ARM.Collect$$libinit$$00000012  c_w.l(libinit2.o)
    0x08000248   0x08000248   0x00000000   Code   RO         6423    .ARM.Collect$$libinit$$00000013  c_w.l(libinit2.o)
    0x08000248   0x08000248   0x00000000   Code   RO         6425    .ARM.Collect$$libinit$$00000015  c_w.l(libinit2.o)
    0x08000248   0x08000248   0x0000000a   Code   RO         6426    .ARM.Collect$$libinit$$00000016  c_w.l(libinit2.o)
    0x08000252   0x08000252   0x00000000   Code   RO         6427    .ARM.Collect$$libinit$$00000017  c_w.l(libinit2.o)
    0x08000252   0x08000252   0x00000000   Code   RO         6429    .ARM.Collect$$libinit$$00000019  c_w.l(libinit2.o)
    0x08000252   0x08000252   0x00000000   Code   RO         6431    .ARM.Collect$$libinit$$0000001B  c_w.l(libinit2.o)
    0x08000252   0x08000252   0x00000000   Code   RO         6433    .ARM.Collect$$libinit$$0000001D  c_w.l(libinit2.o)
    0x08000252   0x08000252   0x00000000   Code   RO         6435    .ARM.Collect$$libinit$$0000001F  c_w.l(libinit2.o)
    0x08000252   0x08000252   0x00000000   Code   RO         6437    .ARM.Collect$$libinit$$00000021  c_w.l(libinit2.o)
    0x08000252   0x08000252   0x00000000   Code   RO         6439    .ARM.Collect$$libinit$$00000023  c_w.l(libinit2.o)
    0x08000252   0x08000252   0x00000000   Code   RO         6441    .ARM.Collect$$libinit$$00000025  c_w.l(libinit2.o)
    0x08000252   0x08000252   0x00000000   Code   RO         6445    .ARM.Collect$$libinit$$0000002C  c_w.l(libinit2.o)
    0x08000252   0x08000252   0x00000000   Code   RO         6447    .ARM.Collect$$libinit$$0000002E  c_w.l(libinit2.o)
    0x08000252   0x08000252   0x00000000   Code   RO         6449    .ARM.Collect$$libinit$$00000030  c_w.l(libinit2.o)
    0x08000252   0x08000252   0x00000000   Code   RO         6451    .ARM.Collect$$libinit$$00000032  c_w.l(libinit2.o)
    0x08000252   0x08000252   0x00000002   Code   RO         6452    .ARM.Collect$$libinit$$00000033  c_w.l(libinit2.o)
    0x08000254   0x08000254   0x00000002   Code   RO         6679    .ARM.Collect$$libshutdown$$00000000  c_w.l(libshutdown.o)
    0x08000256   0x08000256   0x00000000   Code   RO         6685    .ARM.Collect$$libshutdown$$00000002  c_w.l(libshutdown2.o)
    0x08000256   0x08000256   0x00000000   Code   RO         6687    .ARM.Collect$$libshutdown$$00000004  c_w.l(libshutdown2.o)
    0x08000256   0x08000256   0x00000000   Code   RO         6690    .ARM.Collect$$libshutdown$$00000007  c_w.l(libshutdown2.o)
    0x08000256   0x08000256   0x00000000   Code   RO         6693    .ARM.Collect$$libshutdown$$0000000A  c_w.l(libshutdown2.o)
    0x08000256   0x08000256   0x00000000   Code   RO         6695    .ARM.Collect$$libshutdown$$0000000C  c_w.l(libshutdown2.o)
    0x08000256   0x08000256   0x00000000   Code   RO         6698    .ARM.Collect$$libshutdown$$0000000F  c_w.l(libshutdown2.o)
    0x08000256   0x08000256   0x00000002   Code   RO         6699    .ARM.Collect$$libshutdown$$00000010  c_w.l(libshutdown2.o)
    0x08000258   0x08000258   0x00000000   Code   RO         6331    .ARM.Collect$$rtentry$$00000000  c_w.l(__rtentry.o)
    0x08000258   0x08000258   0x00000000   Code   RO         6534    .ARM.Collect$$rtentry$$00000002  c_w.l(__rtentry2.o)
    0x08000258   0x08000258   0x00000006   Code   RO         6546    .ARM.Collect$$rtentry$$00000004  c_w.l(__rtentry4.o)
    0x0800025e   0x0800025e   0x00000000   Code   RO         6536    .ARM.Collect$$rtentry$$00000009  c_w.l(__rtentry2.o)
    0x0800025e   0x0800025e   0x00000004   Code   RO         6537    .ARM.Collect$$rtentry$$0000000A  c_w.l(__rtentry2.o)
    0x08000262   0x08000262   0x00000000   Code   RO         6539    .ARM.Collect$$rtentry$$0000000C  c_w.l(__rtentry2.o)
    0x08000262   0x08000262   0x00000008   Code   RO         6540    .ARM.Collect$$rtentry$$0000000D  c_w.l(__rtentry2.o)
    0x0800026a   0x0800026a   0x00000002   Code   RO         6644    .ARM.Collect$$rtexit$$00000000  c_w.l(rtexit.o)
    0x0800026c   0x0800026c   0x00000000   Code   RO         6659    .ARM.Collect$$rtexit$$00000002  c_w.l(rtexit2.o)
    0x0800026c   0x0800026c   0x00000004   Code   RO         6660    .ARM.Collect$$rtexit$$00000003  c_w.l(rtexit2.o)
    0x08000270   0x08000270   0x00000006   Code   RO         6661    .ARM.Collect$$rtexit$$00000004  c_w.l(rtexit2.o)
    0x08000276   0x08000276   0x00000002   PAD
    0x08000278   0x08000278   0x00000096   Code   RO          386    .emb_text           port.o
    0x0800030e   0x0800030e   0x00000002   PAD
    0x08000310   0x08000310   0x00000034   Code   RO         6203    .emb_text           c_w.l(rand.o)
    0x08000344   0x08000344   0x00000040   Code   RO         5403    .text               startup_stm32f10x_md.o
    0x08000384   0x08000384   0x00000002   Code   RO         6156    .text               c_w.l(use_no_semi_2.o)
    0x08000386   0x08000386   0x00000002   PAD
    0x08000388   0x08000388   0x00000024   Code   RO         6158    .text               c_w.l(vsprintf.o)
    0x080003ac   0x080003ac   0x00000018   Code   RO         6160    .text               c_w.l(__2printf.o)
    0x080003c4   0x080003c4   0x00000052   Code   RO         6174    .text               c_w.l(_printf_str.o)
    0x08000416   0x08000416   0x00000002   PAD
    0x08000418   0x08000418   0x00000078   Code   RO         6176    .text               c_w.l(_printf_dec.o)
    0x08000490   0x08000490   0x00000188   Code   RO         6195    .text               c_w.l(__printf_flags_ss_wp.o)
    0x08000618   0x08000618   0x0000003c   Code   RO         6204    .text               c_w.l(rand.o)
    0x08000654   0x08000654   0x0000008a   Code   RO         6212    .text               c_w.l(rt_memcpy_v6.o)
    0x080006de   0x080006de   0x00000064   Code   RO         6214    .text               c_w.l(rt_memcpy_w.o)
    0x08000742   0x08000742   0x00000010   Code   RO         6218    .text               c_w.l(aeabi_memset.o)
    0x08000752   0x08000752   0x0000004e   Code   RO         6220    .text               c_w.l(rt_memclr_w.o)
    0x080007a0   0x080007a0   0x00000080   Code   RO         6222    .text               c_w.l(strcmpv7m.o)
    0x08000820   0x08000820   0x0000000c   Code   RO         6224    .text               c_w.l(localtime.o)
    0x0800082c   0x0800082c   0x000001ac   Code   RO         6227    .text               c_w.l(mktime.o)
    0x080009d8   0x080009d8   0x00000006   Code   RO         6229    .text               c_w.l(heapauxi.o)
    0x080009de   0x080009de   0x00000002   Code   RO         6329    .text               c_w.l(use_no_semi.o)
    0x080009e0   0x080009e0   0x00000016   Code   RO         6332    .text               c_w.l(_rserrno.o)
    0x080009f6   0x080009f6   0x0000004e   Code   RO         6334    .text               c_w.l(_printf_pad.o)
    0x08000a44   0x08000a44   0x00000024   Code   RO         6336    .text               c_w.l(_printf_truncate.o)
    0x08000a68   0x08000a68   0x000000b2   Code   RO         6338    .text               c_w.l(_printf_intcommon.o)
    0x08000b1a   0x08000b1a   0x00000028   Code   RO         6340    .text               c_w.l(_printf_charcount.o)
    0x08000b42   0x08000b42   0x00000002   PAD
    0x08000b44   0x08000b44   0x00000030   Code   RO         6342    .text               c_w.l(_printf_char_common.o)
    0x08000b74   0x08000b74   0x0000000a   Code   RO         6344    .text               c_w.l(_sputc.o)
    0x08000b7e   0x08000b7e   0x0000002c   Code   RO         6348    .text               c_w.l(_printf_char.o)
    0x08000baa   0x08000baa   0x00000002   PAD
    0x08000bac   0x08000bac   0x00000024   Code   RO         6350    .text               c_w.l(_printf_char_file.o)
    0x08000bd0   0x08000bd0   0x000000bc   Code   RO         6352    .text               c_w.l(_printf_wctomb.o)
    0x08000c8c   0x08000c8c   0x0000007c   Code   RO         6355    .text               c_w.l(_printf_longlong_dec.o)
    0x08000d08   0x08000d08   0x00000070   Code   RO         6361    .text               c_w.l(_printf_oct_int_ll.o)
    0x08000d78   0x08000d78   0x00000094   Code   RO         6381    .text               c_w.l(_printf_hex_int_ll_ptr.o)
    0x08000e0c   0x08000e0c   0x00000044   Code   RO         6403    .text               c_w.l(rt_memclr.o)
    0x08000e50   0x08000e50   0x000000b8   Code   RO         6406    .text               c_w.l(localtime_internal.o)
    0x08000f08   0x08000f08   0x00000008   Code   RO         6551    .text               c_w.l(rt_errno_addr_intlibspace.o)
    0x08000f10   0x08000f10   0x0000008a   Code   RO         6553    .text               c_w.l(lludiv10.o)
    0x08000f9a   0x08000f9a   0x0000041e   Code   RO         6555    .text               c_w.l(_printf_fp_dec.o)
    0x080013b8   0x080013b8   0x000002fc   Code   RO         6557    .text               c_w.l(_printf_fp_hex.o)
    0x080016b4   0x080016b4   0x0000002c   Code   RO         6562    .text               c_w.l(_printf_wchar.o)
    0x080016e0   0x080016e0   0x00000008   Code   RO         6564    .text               c_w.l(ferror.o)
    0x080016e8   0x080016e8   0x00000040   Code   RO         6568    .text               c_w.l(_wcrtomb.o)
    0x08001728   0x08001728   0x00000008   Code   RO         6582    .text               c_w.l(libspace.o)
    0x08001730   0x08001730   0x0000004a   Code   RO         6585    .text               c_w.l(sys_stackheap_outer.o)
    0x0800177a   0x0800177a   0x00000002   PAD
    0x0800177c   0x0800177c   0x00000010   Code   RO         6587    .text               c_w.l(rt_ctype_table.o)
    0x0800178c   0x0800178c   0x00000008   Code   RO         6592    .text               c_w.l(rt_locale_intlibspace.o)
    0x08001794   0x08001794   0x00000080   Code   RO         6594    .text               c_w.l(_printf_fp_infnan.o)
    0x08001814   0x08001814   0x000000e4   Code   RO         6596    .text               c_w.l(bigflt0.o)
    0x080018f8   0x080018f8   0x00000012   Code   RO         6624    .text               c_w.l(exit.o)
    0x0800190a   0x0800190a   0x0000003e   Code   RO         6599    CL$$btod_d2e        c_w.l(btod.o)
    0x08001948   0x08001948   0x00000046   Code   RO         6601    CL$$btod_d2e_denorm_low  c_w.l(btod.o)
    0x0800198e   0x0800198e   0x00000060   Code   RO         6600    CL$$btod_d2e_norm_op1  c_w.l(btod.o)
    0x080019ee   0x080019ee   0x00000338   Code   RO         6609    CL$$btod_div_common  c_w.l(btod.o)
    0x08001d26   0x08001d26   0x000000dc   Code   RO         6606    CL$$btod_e2e        c_w.l(btod.o)
    0x08001e02   0x08001e02   0x0000002a   Code   RO         6603    CL$$btod_ediv       c_w.l(btod.o)
    0x08001e2c   0x08001e2c   0x0000002a   Code   RO         6602    CL$$btod_emul       c_w.l(btod.o)
    0x08001e56   0x08001e56   0x00000244   Code   RO         6608    CL$$btod_mult_common  c_w.l(btod.o)
    0x0800209a   0x0800209a   0x00000002   PAD
    0x0800209c   0x0800209c   0x0000008c   Code   RO         5770    i.Adjust_RTC_Value  settime.o
    0x08002128   0x08002128   0x0000001c   Code   RO         1841    i.BKP_ReadBackupRegister  stm32f10x_bkp.o
    0x08002144   0x08002144   0x0000001c   Code   RO         1845    i.BKP_WriteBackupRegister  stm32f10x_bkp.o
    0x08002160   0x08002160   0x00000004   Code   RO          190    i.BusFault_Handler  stm32f10x_it.o
    0x08002164   0x08002164   0x00000050   Code   RO         5710    i.DataCenter_GetSensorData  datacenter.o
    0x080021b4   0x080021b4   0x00000010   Code   RO         5711    i.DataCenter_GetStopWatchData  datacenter.o
    0x080021c4   0x080021c4   0x00000030   Code   RO         5712    i.DataCenter_Init   datacenter.o
    0x080021f4   0x080021f4   0x00000040   Code   RO         5713    i.DataCenter_SetSensorData  datacenter.o
    0x08002234   0x08002234   0x0000000c   Code   RO         5714    i.DataCenter_StopWatch_Pause  datacenter.o
    0x08002240   0x08002240   0x00000014   Code   RO         5715    i.DataCenter_StopWatch_Reset  datacenter.o
    0x08002254   0x08002254   0x0000000c   Code   RO         5716    i.DataCenter_StopWatch_Start  datacenter.o
    0x08002260   0x08002260   0x00000068   Code   RO         5717    i.DataCenter_StopWatch_Tick  datacenter.o
    0x080022c8   0x080022c8   0x0000008c   Code   RO         5574    i.DataSyncTask      task_datasync.o
    0x08002354   0x08002354   0x00000002   Code   RO          191    i.DebugMon_Handler  stm32f10x_it.o
    0x08002356   0x08002356   0x00000018   Code   RO         5246    i.Delay_ms          bsp_delay.o
    0x0800236e   0x0800236e   0x00000018   Code   RO         5247    i.Delay_s           bsp_delay.o
    0x08002386   0x08002386   0x00000002   PAD
    0x08002388   0x08002388   0x00000048   Code   RO         5248    i.Delay_us          bsp_delay.o
    0x080023d0   0x080023d0   0x0000002c   Code   RO         5895    i.DinoGame_Pos_Init  dino.o
    0x080023fc   0x080023fc   0x0000000c   Code   RO         5897    i.Dino_Jump         dino.o
    0x08002408   0x08002408   0x000000a0   Code   RO         5597    i.DisplayTask       task_display.o
    0x080024a8   0x080024a8   0x00000116   Code   RO         2757    i.GPIO_Init         stm32f10x_gpio.o
    0x080025be   0x080025be   0x00000012   Code   RO         2761    i.GPIO_ReadInputDataBit  stm32f10x_gpio.o
    0x080025d0   0x080025d0   0x00000004   Code   RO         2764    i.GPIO_ResetBits    stm32f10x_gpio.o
    0x080025d4   0x080025d4   0x00000004   Code   RO         2765    i.GPIO_SetBits      stm32f10x_gpio.o
    0x080025d8   0x080025d8   0x0000000a   Code   RO         2768    i.GPIO_WriteBit     stm32f10x_gpio.o
    0x080025e2   0x080025e2   0x00000004   Code   RO          192    i.HardFault_Handler  stm32f10x_it.o
    0x080025e6   0x080025e6   0x00000136   Code   RO         5407    i.Kalman_GetAngle   kalman.o
    0x0800271c   0x0800271c   0x0000002c   Code   RO         5408    i.Kalman_Init       kalman.o
    0x08002748   0x08002748   0x00000040   Code   RO         5619    i.KeyProcessTask    task_input.o
    0x08002788   0x08002788   0x00000038   Code   RO         4731    i.Key_GetState      bsp_key.o
    0x080027c0   0x080027c0   0x00000044   Code   RO         4732    i.Key_Init          bsp_key.o
    0x08002804   0x08002804   0x00000058   Code   RO         4733    i.Key_Tick          bsp_key.o
    0x0800285c   0x0800285c   0x00000014   Code   RO         4769    i.LED1_OFF          bsp_led.o
    0x08002870   0x08002870   0x00000014   Code   RO         4770    i.LED1_ON           bsp_led.o
    0x08002884   0x08002884   0x00000034   Code   RO         4772    i.LED_Init          bsp_led.o
    0x080028b8   0x080028b8   0x000002d4   Code   RO         5687    i.MPU6050Task       task_sensor.o
    0x08002b8c   0x08002b8c   0x000000ac   Code   RO         4802    i.MPU6050_GetData   bsp_mpu6050.o
    0x08002c38   0x08002c38   0x0000003a   Code   RO         4804    i.MPU6050_Init      bsp_mpu6050.o
    0x08002c72   0x08002c72   0x0000003e   Code   RO         4805    i.MPU6050_ReadReg   bsp_mpu6050.o
    0x08002cb0   0x08002cb0   0x0000002e   Code   RO         4806    i.MPU6050_WriteReg  bsp_mpu6050.o
    0x08002cde   0x08002cde   0x00000004   Code   RO          193    i.MemManage_Handler  stm32f10x_it.o
    0x08002ce2   0x08002ce2   0x00000002   PAD
    0x08002ce4   0x08002ce4   0x00000038   Code   RO         4847    i.MyI2C_Init        bsp_i2c.o
    0x08002d1c   0x08002d1c   0x0000001c   Code   RO         4848    i.MyI2C_R_SDA       bsp_i2c.o
    0x08002d38   0x08002d38   0x0000001e   Code   RO         4849    i.MyI2C_ReceiveAck  bsp_i2c.o
    0x08002d56   0x08002d56   0x00000032   Code   RO         4850    i.MyI2C_ReceiveByte  bsp_i2c.o
    0x08002d88   0x08002d88   0x00000018   Code   RO         4851    i.MyI2C_SendAck     bsp_i2c.o
    0x08002da0   0x08002da0   0x00000032   Code   RO         4852    i.MyI2C_SendByte    bsp_i2c.o
    0x08002dd2   0x08002dd2   0x0000001c   Code   RO         4853    i.MyI2C_Start       bsp_i2c.o
    0x08002dee   0x08002dee   0x00000016   Code   RO         4854    i.MyI2C_Stop        bsp_i2c.o
    0x08002e04   0x08002e04   0x0000001c   Code   RO         4855    i.MyI2C_W_SCL       bsp_i2c.o
    0x08002e20   0x08002e20   0x0000001c   Code   RO         4856    i.MyI2C_W_SDA       bsp_i2c.o
    0x08002e3c   0x08002e3c   0x00000072   Code   RO         4606    i.MyRTC_Init        bsp_rtc.o
    0x08002eae   0x08002eae   0x00000002   PAD
    0x08002eb0   0x08002eb0   0x00000048   Code   RO         4607    i.MyRTC_ReadTime    bsp_rtc.o
    0x08002ef8   0x08002ef8   0x0000004c   Code   RO         4608    i.MyRTC_SetTime     bsp_rtc.o
    0x08002f44   0x08002f44   0x0000000a   Code   RO         5157    i.MySPI_Start       bsp_spi.o
    0x08002f4e   0x08002f4e   0x0000000a   Code   RO         5158    i.MySPI_Stop        bsp_spi.o
    0x08002f58   0x08002f58   0x00000038   Code   RO         5159    i.MySPI_SwapByte    bsp_spi.o
    0x08002f90   0x08002f90   0x00000018   Code   RO         5160    i.MySPI_W_SS        bsp_spi.o
    0x08002fa8   0x08002fa8   0x00000002   Code   RO          194    i.NMI_Handler       stm32f10x_it.o
    0x08002faa   0x08002faa   0x00000002   PAD
    0x08002fac   0x08002fac   0x00000070   Code   RO         1570    i.NVIC_Init         misc.o
    0x0800301c   0x0800301c   0x00000014   Code   RO         1571    i.NVIC_PriorityGroupConfig  misc.o
    0x08003030   0x08003030   0x00000028   Code   RO            1    i.NVIC_SetPriority  main.o
    0x08003058   0x08003058   0x00000028   Code   RO         4913    i.OLED_Clear        bsp_oled.o
    0x08003080   0x08003080   0x00000090   Code   RO         4914    i.OLED_ClearArea    bsp_oled.o
    0x08003110   0x08003110   0x00000160   Code   RO         4916    i.OLED_DrawCircle   bsp_oled.o
    0x08003270   0x08003270   0x0000032c   Code   RO         4917    i.OLED_DrawEllipse  bsp_oled.o
    0x0800359c   0x0800359c   0x00000050   Code   RO         4919    i.OLED_DrawPoint    bsp_oled.o
    0x080035ec   0x080035ec   0x00000060   Code   RO         4922    i.OLED_GPIO_Init    bsp_oled.o
    0x0800364c   0x0800364c   0x0000003e   Code   RO         4924    i.OLED_I2C_SendByte  bsp_oled.o
    0x0800368a   0x0800368a   0x0000001c   Code   RO         4925    i.OLED_I2C_Start    bsp_oled.o
    0x080036a6   0x080036a6   0x00000016   Code   RO         4926    i.OLED_I2C_Stop     bsp_oled.o
    0x080036bc   0x080036bc   0x0000009a   Code   RO         4927    i.OLED_Init         bsp_oled.o
    0x08003756   0x08003756   0x00000014   Code   RO         4929    i.OLED_Pow          bsp_oled.o
    0x0800376a   0x0800376a   0x00000032   Code   RO         4930    i.OLED_Printf       bsp_oled.o
    0x0800379c   0x0800379c   0x00000090   Code   RO         4932    i.OLED_ReverseArea  bsp_oled.o
    0x0800382c   0x0800382c   0x00000026   Code   RO         4933    i.OLED_SetCursor    bsp_oled.o
    0x08003852   0x08003852   0x00000002   PAD
    0x08003854   0x08003854   0x00000078   Code   RO         4935    i.OLED_ShowChar     bsp_oled.o
    0x080038cc   0x080038cc   0x000000fc   Code   RO         4938    i.OLED_ShowImage    bsp_oled.o
    0x080039c8   0x080039c8   0x0000004c   Code   RO         4939    i.OLED_ShowNum      bsp_oled.o
    0x08003a14   0x08003a14   0x00000110   Code   RO         4941    i.OLED_ShowString   bsp_oled.o
    0x08003b24   0x08003b24   0x00000028   Code   RO         4942    i.OLED_Update       bsp_oled.o
    0x08003b4c   0x08003b4c   0x00000018   Code   RO         4944    i.OLED_W_SCL        bsp_oled.o
    0x08003b64   0x08003b64   0x00000018   Code   RO         4945    i.OLED_W_SDA        bsp_oled.o
    0x08003b7c   0x08003b7c   0x00000020   Code   RO         4946    i.OLED_WriteCommand  bsp_oled.o
    0x08003b9c   0x08003b9c   0x0000002e   Code   RO         4947    i.OLED_WriteData    bsp_oled.o
    0x08003bca   0x08003bca   0x00000002   PAD
    0x08003bcc   0x08003bcc   0x0000000c   Code   RO         3120    i.PWR_BackupAccessCmd  stm32f10x_pwr.o
    0x08003bd8   0x08003bd8   0x000000b8   Code   RO         6102    i.Page_Clock_Draw   page_clock.o
    0x08003c90   0x08003c90   0x0000005c   Code   RO         6103    i.Page_Clock_HandleKey  page_clock.o
    0x08003cec   0x08003cec   0x0000010c   Code   RO         5970    i.Page_Emoji_Draw   page_apps.o
    0x08003df8   0x08003df8   0x00000010   Code   RO         5971    i.Page_Emoji_HandleKey  page_apps.o
    0x08003e08   0x08003e08   0x0000004c   Code   RO         5972    i.Page_Game_Draw    page_apps.o
    0x08003e54   0x08003e54   0x0000001a   Code   RO         5973    i.Page_Game_HandleKey  page_apps.o
    0x08003e6e   0x08003e6e   0x0000003e   Code   RO         5974    i.Page_Gradienter_Draw  page_apps.o
    0x08003eac   0x08003eac   0x00000010   Code   RO         5975    i.Page_Gradienter_HandleKey  page_apps.o
    0x08003ebc   0x08003ebc   0x00000080   Code   RO         5976    i.Page_LED_Draw     page_apps.o
    0x08003f3c   0x08003f3c   0x00000070   Code   RO         5977    i.Page_LED_HandleKey  page_apps.o
    0x08003fac   0x08003fac   0x0000000c   Code   RO         5978    i.Page_LED_Reset    page_apps.o
    0x08003fb8   0x08003fb8   0x00000098   Code   RO         5979    i.Page_MPU6050_Draw  page_apps.o
    0x08004050   0x08004050   0x00000010   Code   RO         5980    i.Page_MPU6050_HandleKey  page_apps.o
    0x08004060   0x08004060   0x000001d8   Code   RO         6125    i.Page_Menu_Draw    page_menu.o
    0x08004238   0x08004238   0x000000a4   Code   RO         6126    i.Page_Menu_HandleKey  page_menu.o
    0x080042dc   0x080042dc   0x00000054   Code   RO         5981    i.Page_Setting_Draw  page_apps.o
    0x08004330   0x08004330   0x00000030   Code   RO         5982    i.Page_Setting_HandleKey  page_apps.o
    0x08004360   0x08004360   0x0000000c   Code   RO         5983    i.Page_Setting_Reset  page_apps.o
    0x0800436c   0x0800436c   0x00000080   Code   RO         5984    i.Page_Steps_Draw   page_apps.o
    0x080043ec   0x080043ec   0x00000010   Code   RO         5985    i.Page_Steps_HandleKey  page_apps.o
    0x080043fc   0x080043fc   0x000000e0   Code   RO         5986    i.Page_StopWatch_Draw  page_apps.o
    0x080044dc   0x080044dc   0x00000078   Code   RO         5987    i.Page_StopWatch_HandleKey  page_apps.o
    0x08004554   0x08004554   0x0000000c   Code   RO         5988    i.Page_StopWatch_Reset  page_apps.o
    0x08004560   0x08004560   0x00000020   Code   RO         3185    i.RCC_APB1PeriphClockCmd  stm32f10x_rcc.o
    0x08004580   0x08004580   0x00000020   Code   RO         3187    i.RCC_APB2PeriphClockCmd  stm32f10x_rcc.o
    0x080045a0   0x080045a0   0x000000d4   Code   RO         3195    i.RCC_GetClocksFreq  stm32f10x_rcc.o
    0x08004674   0x08004674   0x0000003c   Code   RO         3196    i.RCC_GetFlagStatus  stm32f10x_rcc.o
    0x080046b0   0x080046b0   0x00000034   Code   RO         3203    i.RCC_LSEConfig     stm32f10x_rcc.o
    0x080046e4   0x080046e4   0x0000000c   Code   RO         3210    i.RCC_RTCCLKCmd     stm32f10x_rcc.o
    0x080046f0   0x080046f0   0x00000010   Code   RO         3211    i.RCC_RTCCLKConfig  stm32f10x_rcc.o
    0x08004700   0x08004700   0x00000014   Code   RO         3388    i.RTC_EnterConfigMode  stm32f10x_rtc.o
    0x08004714   0x08004714   0x00000014   Code   RO         3389    i.RTC_ExitConfigMode  stm32f10x_rtc.o
    0x08004728   0x08004728   0x00000014   Code   RO         3390    i.RTC_GetCounter    stm32f10x_rtc.o
    0x0800473c   0x0800473c   0x0000001c   Code   RO         3396    i.RTC_SetCounter    stm32f10x_rtc.o
    0x08004758   0x08004758   0x00000020   Code   RO         3397    i.RTC_SetPrescaler  stm32f10x_rtc.o
    0x08004778   0x08004778   0x00000014   Code   RO         3398    i.RTC_WaitForLastTask  stm32f10x_rtc.o
    0x0800478c   0x0800478c   0x00000024   Code   RO         3399    i.RTC_WaitForSynchro  stm32f10x_rtc.o
    0x080047b0   0x080047b0   0x00000012   Code   RO         3681    i.SPI_I2S_GetFlagStatus  stm32f10x_spi.o
    0x080047c2   0x080047c2   0x00000006   Code   RO         3684    i.SPI_I2S_ReceiveData  stm32f10x_spi.o
    0x080047c8   0x080047c8   0x00000004   Code   RO         3685    i.SPI_I2S_SendData  stm32f10x_spi.o
    0x080047cc   0x080047cc   0x000000e4   Code   RO         5898    i.Score_Tick        dino.o
    0x080048b0   0x080048b0   0x0000001c   Code   RO         5620    i.SendKeyToQueue    task_input.o
    0x080048cc   0x080048cc   0x00000088   Code   RO         5522    i.Serial_Init       debug_serial.o
    0x08004954   0x08004954   0x00000024   Code   RO         5524    i.Serial_Printf     debug_serial.o
    0x08004978   0x08004978   0x00000020   Code   RO         5526    i.Serial_SendByte   debug_serial.o
    0x08004998   0x08004998   0x0000001a   Code   RO         5528    i.Serial_SendString  debug_serial.o
    0x080049b2   0x080049b2   0x00000008   Code   RO         5347    i.SetSysClock       system_stm32f10x.o
    0x080049ba   0x080049ba   0x00000002   PAD
    0x080049bc   0x080049bc   0x000000e0   Code   RO         5348    i.SetSysClockTo72   system_stm32f10x.o
    0x08004a9c   0x08004a9c   0x000000a4   Code   RO         5771    i.SetTime_HandleKey  settime.o
    0x08004b40   0x08004b40   0x00000014   Code   RO         5772    i.SetTime_Init      settime.o
    0x08004b54   0x08004b54   0x00000128   Code   RO         5773    i.SetTime_RefreshDisplay  settime.o
    0x08004c7c   0x08004c7c   0x00000070   Code   RO         5899    i.Show_Barrier      dino.o
    0x08004cec   0x08004cec   0x00000024   Code   RO         5900    i.Show_Cloud        dino.o
    0x08004d10   0x08004d10   0x000000e0   Code   RO         5901    i.Show_Dino         dino.o
    0x08004df0   0x08004df0   0x0000007c   Code   RO         5902    i.Show_Groud        dino.o
    0x08004e6c   0x08004e6c   0x0000006c   Code   RO         5774    i.Show_SetClock_UI  settime.o
    0x08004ed8   0x08004ed8   0x0000006c   Code   RO         5775    i.Show_SetDate_UI   settime.o
    0x08004f44   0x08004f44   0x000000fc   Code   RO         5637    i.StartTask         task_manager.o
    0x08005040   0x08005040   0x0000000c   Code   RO         5481    i.StepCounter_GetTodaySteps  step_algo.o
    0x0800504c   0x0800504c   0x0000000c   Code   RO         5482    i.StepCounter_GetTotalSteps  step_algo.o
    0x08005058   0x08005058   0x0000000c   Code   RO         5484    i.StepCounter_ResetToday  step_algo.o
    0x08005064   0x08005064   0x000000b0   Code   RO         5485    i.StepCounter_Update  step_algo.o
    0x08005114   0x08005114   0x000000c8   Code   RO         5814    i.Storage_SaveDailySteps  storage.o
    0x080051dc   0x080051dc   0x00000010   Code   RO         5249    i.SysTick_Handler   bsp_delay.o
    0x080051ec   0x080051ec   0x00000054   Code   RO         5250    i.SysTick_Init      bsp_delay.o
    0x08005240   0x08005240   0x00000060   Code   RO         5350    i.SystemInit        system_stm32f10x.o
    0x080052a0   0x080052a0   0x00000034   Code   RO         4677    i.TIM2_IRQHandler   bsp_timer.o
    0x080052d4   0x080052d4   0x00000006   Code   RO         3825    i.TIM_ClearFlag     stm32f10x_tim.o
    0x080052da   0x080052da   0x00000006   Code   RO         3826    i.TIM_ClearITPendingBit  stm32f10x_tim.o
    0x080052e0   0x080052e0   0x00000018   Code   RO         3831    i.TIM_Cmd           stm32f10x_tim.o
    0x080052f8   0x080052f8   0x00000022   Code   RO         3852    i.TIM_GetITStatus   stm32f10x_tim.o
    0x0800531a   0x0800531a   0x00000012   Code   RO         3856    i.TIM_ITConfig      stm32f10x_tim.o
    0x0800532c   0x0800532c   0x0000000c   Code   RO         3858    i.TIM_InternalClockConfig  stm32f10x_tim.o
    0x08005338   0x08005338   0x000000a4   Code   RO         3902    i.TIM_TimeBaseInit  stm32f10x_tim.o
    0x080053dc   0x080053dc   0x00000074   Code   RO         4678    i.Timer_Init        bsp_timer.o
    0x08005450   0x08005450   0x0000000c   Code   RO         5845    i.UI_GetCurrentPage  ui_manager.o
    0x0800545c   0x0800545c   0x00000074   Code   RO         5846    i.UI_HandleKey      ui_manager.o
    0x080054d0   0x080054d0   0x0000000c   Code   RO         5847    i.UI_Init           ui_manager.o
    0x080054dc   0x080054dc   0x00000064   Code   RO         5848    i.UI_Refresh        ui_manager.o
    0x08005540   0x08005540   0x00000044   Code   RO         5849    i.UI_SwitchPage     ui_manager.o
    0x08005584   0x08005584   0x00000018   Code   RO         4370    i.USART_Cmd         stm32f10x_usart.o
    0x0800559c   0x0800559c   0x0000001a   Code   RO         4373    i.USART_GetFlagStatus  stm32f10x_usart.o
    0x080055b6   0x080055b6   0x00000002   PAD
    0x080055b8   0x080055b8   0x000000d8   Code   RO         4377    i.USART_Init        stm32f10x_usart.o
    0x08005690   0x08005690   0x00000008   Code   RO         4387    i.USART_SendData    stm32f10x_usart.o
    0x08005698   0x08005698   0x00000004   Code   RO          195    i.UsageFault_Handler  stm32f10x_it.o
    0x0800569c   0x0800569c   0x0000004c   Code   RO         5196    i.W25Q64_PageProgram  bsp_flash.o
    0x080056e8   0x080056e8   0x00000044   Code   RO         5197    i.W25Q64_ReadData   bsp_flash.o
    0x0800572c   0x0800572c   0x00000030   Code   RO         5200    i.W25Q64_WaitBusy   bsp_flash.o
    0x0800575c   0x0800575c   0x00000012   Code   RO         5201    i.W25Q64_WriteEnable  bsp_flash.o
    0x0800576e   0x0800576e   0x00000028   Code   RO         6578    i.__ARM_fpclassify  m_ws.l(fpclassify.o)
    0x08005796   0x08005796   0x00000026   Code   RO         6505    i.__ARM_fpclassifyf  m_ws.l(fpclassifyf.o)
    0x080057bc   0x080057bc   0x00000388   Code   RO         6522    i.__ieee754_rem_pio2  m_ws.l(rred.o)
    0x08005b44   0x08005b44   0x000000fc   Code   RO         6488    i.__kernel_cos      m_ws.l(cos_i.o)
    0x08005c40   0x08005c40   0x000000aa   Code   RO         6580    i.__kernel_poly     m_ws.l(poly.o)
    0x08005cea   0x08005cea   0x00000002   PAD
    0x08005cec   0x08005cec   0x000000ec   Code   RO         6527    i.__kernel_sin      m_ws.l(sin_i.o)
    0x08005dd8   0x08005dd8   0x00000006   Code   RO         6492    i.__mathlib_dbl_infnan  m_ws.l(dunder.o)
    0x08005dde   0x08005dde   0x0000000c   Code   RO         6494    i.__mathlib_dbl_invalid  m_ws.l(dunder.o)
    0x08005dea   0x08005dea   0x00000002   PAD
    0x08005dec   0x08005dec   0x00000010   Code   RO         6497    i.__mathlib_dbl_underflow  m_ws.l(dunder.o)
    0x08005dfc   0x08005dfc   0x00000004   Code   RO         6509    i.__mathlib_flt_infnan2  m_ws.l(funder.o)
    0x08005e00   0x08005e00   0x0000000a   Code   RO         6513    i.__mathlib_flt_underflow  m_ws.l(funder.o)
    0x08005e0a   0x08005e0a   0x0000000e   Code   RO         6188    i._is_digit         c_w.l(__printf_wp.o)
    0x08005e18   0x08005e18   0x00000004   Code   RO         4640    i._sys_exit         bsp_usart.o
    0x08005e1c   0x08005e1c   0x0000025c   Code   RO         6304    i.atan2f            m_ws.l(atan2f.o)
    0x08006078   0x08006078   0x0000001c   Code   RO         4641    i.fputc             bsp_usart.o
    0x08006094   0x08006094   0x0000005c   Code   RO         5904    i.isColliding       dino.o
    0x080060f0   0x080060f0   0x00000080   Code   RO            2    i.main              main.o
    0x08006170   0x08006170   0x000000cc   Code   RO          983    i.prvAddCurrentTaskToDelayedList  tasks.o
    0x0800623c   0x0800623c   0x000000ec   Code   RO          984    i.prvAddNewTaskToReadyList  tasks.o
    0x08006328   0x08006328   0x0000005c   Code   RO         1402    i.prvCheckForValidListAndQueue  timers.o
    0x08006384   0x08006384   0x00000048   Code   RO          985    i.prvCheckTasksWaitingTermination  tasks.o
    0x080063cc   0x080063cc   0x0000002a   Code   RO          622    i.prvCopyDataFromQueue  queue.o
    0x080063f6   0x080063f6   0x0000007e   Code   RO          623    i.prvCopyDataToQueue  queue.o
    0x08006474   0x08006474   0x00000070   Code   RO          986    i.prvDeleteTCB      tasks.o
    0x080064e4   0x080064e4   0x00000014   Code   RO          624    i.prvGetDisinheritPriorityAfterTimeout  queue.o
    0x080064f8   0x080064f8   0x00000028   Code   RO         1403    i.prvGetNextExpireTime  timers.o
    0x08006520   0x08006520   0x0000007c   Code   RO          315    i.prvHeapInit       heap_4.o
    0x0800659c   0x0800659c   0x0000002c   Code   RO          987    i.prvIdleTask       tasks.o
    0x080065c8   0x080065c8   0x0000001e   Code   RO          625    i.prvInitialiseMutex  queue.o
    0x080065e6   0x080065e6   0x0000002a   Code   RO          626    i.prvInitialiseNewQueue  queue.o
    0x08006610   0x08006610   0x000000f8   Code   RO          988    i.prvInitialiseNewTask  tasks.o
    0x08006708   0x08006708   0x00000068   Code   RO          989    i.prvInitialiseTaskLists  tasks.o
    0x08006770   0x08006770   0x00000068   Code   RO          316    i.prvInsertBlockIntoFreeList  heap_4.o
    0x080067d8   0x080067d8   0x00000058   Code   RO         1405    i.prvInsertTimerInActiveList  timers.o
    0x08006830   0x08006830   0x0000001a   Code   RO          627    i.prvIsQueueEmpty   queue.o
    0x0800684a   0x0800684a   0x0000001e   Code   RO          628    i.prvIsQueueFull    queue.o
    0x08006868   0x08006868   0x00000044   Code   RO         1406    i.prvProcessExpiredTimer  timers.o
    0x080068ac   0x080068ac   0x00000160   Code   RO         1407    i.prvProcessReceivedCommands  timers.o
    0x08006a0c   0x08006a0c   0x00000074   Code   RO         1408    i.prvProcessTimerOrBlockTask  timers.o
    0x08006a80   0x08006a80   0x00000028   Code   RO         1409    i.prvReloadTimer    timers.o
    0x08006aa8   0x08006aa8   0x00000030   Code   RO          991    i.prvResetNextTaskUnblockTime  tasks.o
    0x08006ad8   0x08006ad8   0x0000002c   Code   RO         1410    i.prvSampleTimeNow  timers.o
    0x08006b04   0x08006b04   0x00000044   Code   RO         1411    i.prvSwitchTimerLists  timers.o
    0x08006b48   0x08006b48   0x0000005c   Code   RO          387    i.prvTaskExitError  port.o
    0x08006ba4   0x08006ba4   0x0000001a   Code   RO         1412    i.prvTimerTask      timers.o
    0x08006bbe   0x08006bbe   0x0000007e   Code   RO          629    i.prvUnlockQueue    queue.o
    0x08006c3c   0x08006c3c   0x00000178   Code   RO          317    i.pvPortMalloc      heap_4.o
    0x08006db4   0x08006db4   0x00000020   Code   RO          996    i.pvTaskIncrementMutexHeldCount  tasks.o
    0x08006dd4   0x08006dd4   0x00000024   Code   RO          388    i.pxPortInitialiseStack  port.o
    0x08006df8   0x08006df8   0x000000a0   Code   RO         6314    i.sin               m_ws.l(sin.o)
    0x08006e98   0x08006e98   0x0000004c   Code   RO         6322    i.sqrt              m_ws.l(sqrt.o)
    0x08006ee4   0x08006ee4   0x00000028   Code   RO          586    i.uxListRemove      list.o
    0x08006f0c   0x08006f0c   0x00000018   Code   RO         5638    i.vApplicationGetIdleTaskMemory  task_manager.o
    0x08006f24   0x08006f24   0x00000018   Code   RO         5639    i.vApplicationGetTimerTaskMemory  task_manager.o
    0x08006f3c   0x08006f3c   0x00000004   Code   RO         5640    i.vApplicationIdleHook  task_manager.o
    0x08006f40   0x08006f40   0x00000004   Code   RO         5641    i.vApplicationMallocFailedHook  task_manager.o
    0x08006f44   0x08006f44   0x00000004   Code   RO         5642    i.vApplicationStackOverflowHook  task_manager.o
    0x08006f48   0x08006f48   0x0000001a   Code   RO          587    i.vListInitialise   list.o
    0x08006f62   0x08006f62   0x00000006   Code   RO          588    i.vListInitialiseItem  list.o
    0x08006f68   0x08006f68   0x00000034   Code   RO          589    i.vListInsert       list.o
    0x08006f9c   0x08006f9c   0x00000018   Code   RO          590    i.vListInsertEnd    list.o
    0x08006fb4   0x08006fb4   0x00000074   Code   RO          390    i.vPortEnterCritical  port.o
    0x08007028   0x08007028   0x0000005c   Code   RO          391    i.vPortExitCritical  port.o
    0x08007084   0x08007084   0x000000b8   Code   RO          318    i.vPortFree         heap_4.o
    0x0800713c   0x0800713c   0x0000002c   Code   RO          392    i.vPortSetupTimerInterrupt  port.o
    0x08007168   0x08007168   0x0000008c   Code   RO          393    i.vPortValidateInterruptPriority  port.o
    0x080071f4   0x080071f4   0x0000004a   Code   RO          637    i.vQueueWaitForMessageRestricted  queue.o
    0x0800723e   0x0800723e   0x00000002   PAD
    0x08007240   0x08007240   0x00000078   Code   RO         1006    i.vTaskDelay        tasks.o
    0x080072b8   0x080072b8   0x00000118   Code   RO         1007    i.vTaskDelete       tasks.o
    0x080073d0   0x080073d0   0x00000018   Code   RO         1011    i.vTaskInternalSetTimeOutState  tasks.o
    0x080073e8   0x080073e8   0x0000000c   Code   RO         1013    i.vTaskMissedYield  tasks.o
    0x080073f4   0x080073f4   0x00000058   Code   RO         1014    i.vTaskPlaceOnEventList  tasks.o
    0x0800744c   0x0800744c   0x00000080   Code   RO         1015    i.vTaskPlaceOnEventListRestricted  tasks.o
    0x080074cc   0x080074cc   0x0000012c   Code   RO         1017    i.vTaskPriorityDisinheritAfterTimeout  tasks.o
    0x080075f8   0x080075f8   0x000000e0   Code   RO         1023    i.vTaskStartScheduler  tasks.o
    0x080076d8   0x080076d8   0x00000010   Code   RO         1025    i.vTaskSuspendAll   tasks.o
    0x080076e8   0x080076e8   0x000000e0   Code   RO         1026    i.vTaskSwitchContext  tasks.o
    0x080077c8   0x080077c8   0x0000012c   Code   RO          394    i.xPortStartScheduler  port.o
    0x080078f4   0x080078f4   0x00000034   Code   RO          395    i.xPortSysTickHandler  port.o
    0x08007928   0x08007928   0x00000022   Code   RO          638    i.xQueueCreateMutex  queue.o
    0x0800794a   0x0800794a   0x00000002   PAD
    0x0800794c   0x0800794c   0x0000008c   Code   RO          640    i.xQueueGenericCreate  queue.o
    0x080079d8   0x080079d8   0x000000a4   Code   RO          641    i.xQueueGenericCreateStatic  queue.o
    0x08007a7c   0x08007a7c   0x000000f0   Code   RO          642    i.xQueueGenericReset  queue.o
    0x08007b6c   0x08007b6c   0x000001a8   Code   RO          643    i.xQueueGenericSend  queue.o
    0x08007d14   0x08007d14   0x00000120   Code   RO          644    i.xQueueGenericSendFromISR  queue.o
    0x08007e34   0x08007e34   0x00000174   Code   RO          650    i.xQueueReceive     queue.o
    0x08007fa8   0x08007fa8   0x000001b8   Code   RO          652    i.xQueueSemaphoreTake  queue.o
    0x08008160   0x08008160   0x000000c0   Code   RO         1029    i.xTaskCheckForTimeOut  tasks.o
    0x08008220   0x08008220   0x00000064   Code   RO         1030    i.xTaskCreate       tasks.o
    0x08008284   0x08008284   0x000000c4   Code   RO         1031    i.xTaskCreateStatic  tasks.o
    0x08008348   0x08008348   0x000000e0   Code   RO         1032    i.xTaskDelayUntil   tasks.o
    0x08008428   0x08008428   0x00000020   Code   RO         1040    i.xTaskGetSchedulerState  tasks.o
    0x08008448   0x08008448   0x0000000c   Code   RO         1041    i.xTaskGetTickCount  tasks.o
    0x08008454   0x08008454   0x000001d8   Code   RO         1043    i.xTaskIncrementTick  tasks.o
    0x0800862c   0x0800862c   0x00000104   Code   RO         1044    i.xTaskPriorityDisinherit  tasks.o
    0x08008730   0x08008730   0x000000ec   Code   RO         1045    i.xTaskPriorityInherit  tasks.o
    0x0800881c   0x0800881c   0x00000140   Code   RO         1046    i.xTaskRemoveFromEventList  tasks.o
    0x0800895c   0x0800895c   0x00000194   Code   RO         1047    i.xTaskResumeAll    tasks.o
    0x08008af0   0x08008af0   0x00000098   Code   RO         1421    i.xTimerCreateTimerTask  timers.o
    0x08008b88   0x08008b88   0x0000002c   Code   RO         6622    locale$$code        c_w.l(lc_numeric_c.o)
    0x08008bb4   0x08008bb4   0x0000002c   Code   RO         6649    locale$$code        c_w.l(lc_ctype_c.o)
    0x08008be0   0x08008be0   0x00000062   Code   RO         6233    x$fpl$d2f           fz_ws.l(d2f.o)
    0x08008c42   0x08008c42   0x00000002   PAD
    0x08008c44   0x08008c44   0x00000150   Code   RO         6235    x$fpl$dadd          fz_ws.l(daddsub_clz.o)
    0x08008d94   0x08008d94   0x00000010   Code   RO         6636    x$fpl$dcheck1       fz_ws.l(dcheck1.o)
    0x08008da4   0x08008da4   0x00000018   Code   RO         6453    x$fpl$dcmpinf       fz_ws.l(dcmpi.o)
    0x08008dbc   0x08008dbc   0x000002b0   Code   RO         6242    x$fpl$ddiv          fz_ws.l(ddiv.o)
    0x0800906c   0x0800906c   0x0000005e   Code   RO         6245    x$fpl$dfix          fz_ws.l(dfix.o)
    0x080090ca   0x080090ca   0x00000002   PAD
    0x080090cc   0x080090cc   0x0000005a   Code   RO         6249    x$fpl$dfixu         fz_ws.l(dfixu.o)
    0x08009126   0x08009126   0x0000002e   Code   RO         6254    x$fpl$dflt          fz_ws.l(dflt_clz.o)
    0x08009154   0x08009154   0x00000026   Code   RO         6253    x$fpl$dfltu         fz_ws.l(dflt_clz.o)
    0x0800917a   0x0800917a   0x00000002   PAD
    0x0800917c   0x0800917c   0x00000078   Code   RO         6259    x$fpl$dleqf         fz_ws.l(dleqf.o)
    0x080091f4   0x080091f4   0x00000154   Code   RO         6261    x$fpl$dmul          fz_ws.l(dmul.o)
    0x08009348   0x08009348   0x0000009c   Code   RO         6455    x$fpl$dnaninf       fz_ws.l(dnaninf.o)
    0x080093e4   0x080093e4   0x0000000c   Code   RO         6457    x$fpl$dretinf       fz_ws.l(dretinf.o)
    0x080093f0   0x080093f0   0x0000006c   Code   RO         6263    x$fpl$drleqf        fz_ws.l(drleqf.o)
    0x0800945c   0x0800945c   0x00000016   Code   RO         6236    x$fpl$drsb          fz_ws.l(daddsub_clz.o)
    0x08009472   0x08009472   0x00000002   PAD
    0x08009474   0x08009474   0x000001cc   Code   RO         6461    x$fpl$dsqrt         fz_ws.l(dsqrt_noumaal.o)
    0x08009640   0x08009640   0x000001d4   Code   RO         6237    x$fpl$dsub          fz_ws.l(daddsub_clz.o)
    0x08009814   0x08009814   0x00000056   Code   RO         6265    x$fpl$f2d           fz_ws.l(f2d.o)
    0x0800986a   0x0800986a   0x00000002   PAD
    0x0800986c   0x0800986c   0x000000c4   Code   RO         6267    x$fpl$fadd          fz_ws.l(faddsub_clz.o)
    0x08009930   0x08009930   0x0000000c   Code   RO         6638    x$fpl$fcheck1       fz_ws.l(fcheck1.o)
    0x0800993c   0x0800993c   0x00000018   Code   RO         6463    x$fpl$fcmpinf       fz_ws.l(fcmpi.o)
    0x08009954   0x08009954   0x00000184   Code   RO         6274    x$fpl$fdiv          fz_ws.l(fdiv.o)
    0x08009ad8   0x08009ad8   0x00000068   Code   RO         6277    x$fpl$feqf          fz_ws.l(feqf.o)
    0x08009b40   0x08009b40   0x00000036   Code   RO         6279    x$fpl$ffix          fz_ws.l(ffix.o)
    0x08009b76   0x08009b76   0x00000002   PAD
    0x08009b78   0x08009b78   0x00000030   Code   RO         6284    x$fpl$fflt          fz_ws.l(fflt_clz.o)
    0x08009ba8   0x08009ba8   0x00000026   Code   RO         6283    x$fpl$ffltu         fz_ws.l(fflt_clz.o)
    0x08009bce   0x08009bce   0x00000002   PAD
    0x08009bd0   0x08009bd0   0x00000068   Code   RO         6289    x$fpl$fleqf         fz_ws.l(fleqf.o)
    0x08009c38   0x08009c38   0x00000102   Code   RO         6291    x$fpl$fmul          fz_ws.l(fmul.o)
    0x08009d3a   0x08009d3a   0x0000008c   Code   RO         6465    x$fpl$fnaninf       fz_ws.l(fnaninf.o)
    0x08009dc6   0x08009dc6   0x0000000a   Code   RO         6467    x$fpl$fretinf       fz_ws.l(fretinf.o)
    0x08009dd0   0x08009dd0   0x00000062   Code   RO         6293    x$fpl$frleqf        fz_ws.l(frleqf.o)
    0x08009e32   0x08009e32   0x00000014   Code   RO         6268    x$fpl$frsb          fz_ws.l(faddsub_clz.o)
    0x08009e46   0x08009e46   0x00000002   PAD
    0x08009e48   0x08009e48   0x000000ea   Code   RO         6269    x$fpl$fsub          fz_ws.l(faddsub_clz.o)
    0x08009f32   0x08009f32   0x00000004   Code   RO         6469    x$fpl$printf1       fz_ws.l(printf1.o)
    0x08009f36   0x08009f36   0x00000004   Code   RO         6471    x$fpl$printf2       fz_ws.l(printf2.o)
    0x08009f3a   0x08009f3a   0x00000064   Code   RO         6655    x$fpl$retnan        fz_ws.l(retnan.o)
    0x08009f9e   0x08009f9e   0x0000005c   Code   RO         6574    x$fpl$scalbn        fz_ws.l(scalbn.o)
    0x08009ffa   0x08009ffa   0x0000004c   Code   RO         6576    x$fpl$scalbnf       fz_ws.l(scalbnf.o)
    0x0800a046   0x0800a046   0x00000030   Code   RO         6671    x$fpl$trapveneer    fz_ws.l(trapv.o)
    0x0800a076   0x0800a076   0x00000000   Code   RO         6477    x$fpl$usenofp       fz_ws.l(usenofp.o)
    0x0800a076   0x0800a076   0x00002266   Data   RO         5325    .constdata          oled_data.o
    0x0800c2dc   0x0800c2dc   0x00000011   Data   RO         6196    .constdata          c_w.l(__printf_flags_ss_wp.o)
    0x0800c2ed   0x0800c2ed   0x00000003   PAD
    0x0800c2f0   0x0800c2f0   0x00000008   Data   RO         6353    .constdata          c_w.l(_printf_wctomb.o)
    0x0800c2f8   0x0800c2f8   0x00000028   Data   RO         6382    .constdata          c_w.l(_printf_hex_int_ll_ptr.o)
    0x0800c320   0x0800c320   0x0000000c   Data   RO         6405    .constdata          c_w.l(_monlen.o)
    0x0800c32c   0x0800c32c   0x00000004   PAD
    0x0800c330   0x0800c330   0x00000030   Data   RO         6489    .constdata          m_ws.l(cos_i.o)
    0x0800c360   0x0800c360   0x000000c8   Data   RO         6524    .constdata          m_ws.l(rred.o)
    0x0800c428   0x0800c428   0x00000028   Data   RO         6528    .constdata          m_ws.l(sin_i.o)
    0x0800c450   0x0800c450   0x00000026   Data   RO         6558    .constdata          c_w.l(_printf_fp_hex.o)
    0x0800c476   0x0800c476   0x00000002   PAD
    0x0800c478   0x0800c478   0x00000094   Data   RO         6597    .constdata          c_w.l(bigflt0.o)
    0x0800c50c   0x0800c50c   0x00000044   Data   RO         5815    .conststring        storage.o
    0x0800c550   0x0800c550   0x00000020   Data   RO         6716    Region$$Table       anon$$obj.o
    0x0800c570   0x0800c570   0x0000001c   Data   RO         6621    locale$$data        c_w.l(lc_numeric_c.o)
    0x0800c58c   0x0800c58c   0x00000110   Data   RO         6648    locale$$data        c_w.l(lc_ctype_c.o)


    Execution Region RW_IRAM1 (Exec base: 0x20000000, Load base: 0x0800c69c, Size: 0x00002a88, Max: 0x00005000, ABSOLUTE, COMPRESSED[0x00000044])

    Exec Addr    Load Addr    Size         Type   Attr      Idx    E Section Name        Object

    0x20000000   COMPRESSED   0x00000020   Data   RW          324    .data               heap_4.o
    0x20000020   COMPRESSED   0x0000000c   Data   RW          396    .data               port.o
    0x2000002c   COMPRESSED   0x00000040   Data   RW         1050    .data               tasks.o
    0x2000006c   COMPRESSED   0x00000014   Data   RW         1430    .data               timers.o
    0x20000080   COMPRESSED   0x00000014   Data   RW         3215    .data               stm32f10x_rcc.o
    0x20000094   COMPRESSED   0x00000018   Data   RW         4609    .data               bsp_rtc.o
    0x200000ac   COMPRESSED   0x00000004   Data   RW         4642    .data               bsp_usart.o
    0x200000b0   COMPRESSED   0x00000004   Data   RW         4679    .data               bsp_timer.o
    0x200000b4   COMPRESSED   0x00000004   Data   RW         4734    .data               bsp_key.o
    0x200000b8   COMPRESSED   0x00000002   Data   RW         5251    .data               bsp_delay.o
    0x200000ba   COMPRESSED   0x00000002   PAD
    0x200000bc   COMPRESSED   0x00000014   Data   RW         5351    .data               system_stm32f10x.o
    0x200000d0   COMPRESSED   0x00000010   Data   RW         5486    .data               step_algo.o
    0x200000e0   COMPRESSED   0x00000001   Data   RW         5575    .data               task_datasync.o
    0x200000e1   COMPRESSED   0x00000003   PAD
    0x200000e4   COMPRESSED   0x00000005   Data   RW         5598    .data               task_display.o
    0x200000e9   COMPRESSED   0x00000003   PAD
    0x200000ec   COMPRESSED   0x0000001c   Data   RW         5644    .data               task_manager.o
    0x20000108   COMPRESSED   0x00000025   Data   RW         5689    .data               task_sensor.o
    0x2000012d   COMPRESSED   0x00000003   PAD
    0x20000130   COMPRESSED   0x0000000a   Data   RW         5719    .data               datacenter.o
    0x2000013a   COMPRESSED   0x00000002   Data   RW         5776    .data               settime.o
    0x2000013c   COMPRESSED   0x00000002   Data   RW         5850    .data               ui_manager.o
    0x2000013e   COMPRESSED   0x00000002   PAD
    0x20000140   COMPRESSED   0x00000025   Data   RW         5905    .data               dino.o
    0x20000165   COMPRESSED   0x00000003   PAD
    0x20000168   COMPRESSED   0x00000008   Data   RW         5989    .data               page_apps.o
    0x20000170   COMPRESSED   0x00000001   Data   RW         6104    .data               page_clock.o
    0x20000171   COMPRESSED   0x00000006   Data   RW         6128    .data               page_menu.o
    0x20000177   COMPRESSED   0x00000001   PAD
    0x20000178        -       0x00001800   Zero   RW          323    .bss                heap_4.o
    0x20001978        -       0x00000104   Zero   RW         1049    .bss                tasks.o
    0x20001a7c        -       0x000000c8   Zero   RW         1429    .bss                timers.o
    0x20001b44        -       0x00000400   Zero   RW         4949    .bss                bsp_oled.o
    0x20001f44        -       0x00000378   Zero   RW         5643    .bss                task_manager.o
    0x200022bc        -       0x00000050   Zero   RW         5688    .bss                task_sensor.o
    0x2000230c        -       0x0000000c   Zero   RW         5718    .bss                datacenter.o
    0x20002318        -       0x000000e4   Zero   RW         6205    .bss                c_w.l(rand.o)
    0x200023fc        -       0x0000002c   Zero   RW         6225    .bss                c_w.l(localtime.o)
    0x20002428        -       0x00000060   Zero   RW         6583    .bss                c_w.l(libspace.o)
    0x20002488        -       0x00000200   Zero   RW         5401    HEAP                startup_stm32f10x_md.o
    0x20002688        -       0x00000400   Zero   RW         5400    STACK               startup_stm32f10x_md.o


==============================================================================

Image component sizes


      Code (inc. data)   RO Data    RW Data    ZI Data      Debug   Object Name

       220         10          0          2          0       2657   bsp_delay.o
       210          4          0          0          0       2514   bsp_flash.o
       344         18          0          0          0       4682   bsp_i2c.o
       212         34          0          4          0       1647   bsp_key.o
        92         16          0          0          0       1252   bsp_led.o
       338          0          0          0          0       2754   bsp_mpu6050.o
      2928         68          0          0       1024      15192   bsp_oled.o
       262         10          0         24          0       2975   bsp_rtc.o
       100         12          0          0          0       1801   bsp_spi.o
       168          6          0          4          0       1630   bsp_timer.o
        32          4          0          4          0       2574   bsp_usart.o
       356         62          0         10         12       4785   datacenter.o
       230         12          0          0          0       2188   debug_serial.o
       872        152          0         37          0       5023   dino.o
         0          0          0          0          0      19820   event_groups.o
       788        152          0         32       6144      13867   heap_4.o
       354         14          0          0          0       1992   kalman.o
       148          0          0          0          0       2910   list.o
       168         34          0          0          0     279675   main.o
       132         22          0          0          0       3195   misc.o
         0          0       8806          0          0       1471   oled_data.o
      1528        212          0          8          0       9545   page_apps.o
       276         60          0          1          0       1189   page_clock.o
       636         50          0          6          0       1479   page_menu.o
      1022        280          0         12          0       9293   port.o
      2618        304          0          0          0      16777   queue.o
       836        120          0          2          0       3648   settime.o
        64         26        236          0       1536        776   startup_stm32f10x_md.o
       212         36          0         16          0       2774   step_algo.o
        56         10          0          0          0       2187   stm32f10x_bkp.o
       314          0          0          0          0      12548   stm32f10x_gpio.o
        20          0          0          0          0       2333   stm32f10x_it.o
        12          6          0          0          0        502   stm32f10x_pwr.o
       416         52          0         20          0      15289   stm32f10x_rcc.o
       176         34          0          0          0       3447   stm32f10x_rtc.o
        28          0          0          0          0       9593   stm32f10x_spi.o
       264         42          0          0          0      24880   stm32f10x_tim.o
       274          6          0          0          0      10020   stm32f10x_usart.o
       200         46         68          0          0       1249   storage.o
       328         28          0         20          0       2045   system_stm32f10x.o
       140         46          0          1          0        527   task_datasync.o
       160         18          0          5          0       1218   task_display.o
        92         16          0          0          0        954   task_input.o
       312        112          0         28        888       4077   task_manager.o
       724        100          0         37         80       1746   task_sensor.o
      4964       1084          0         64        260      43617   tasks.o
      1086        194          0         20        200      10500   timers.o
       308         48          0          2          0       2894   ui_manager.o

    ----------------------------------------------------------------------
     25042       3560       9142        376      10144     569711   Object Totals
         0          0         32          0          0          0   (incl. Generated)
        22          0          0         17          0          0   (incl. Padding)

    ----------------------------------------------------------------------

      Code (inc. data)   RO Data    RW Data    ZI Data      Debug   Library Member Name

        24          4          0          0          0         84   __2printf.o
        90          0          0          0          0          0   __dczerorl2.o
         8          0          0          0          0         68   __main.o
       392          4         17          0          0         92   __printf_flags_ss_wp.o
        14          0          0          0          0         68   __printf_wp.o
         0          0          0          0          0          0   __rtentry.o
        12          0          0          0          0          0   __rtentry2.o
         6          0          0          0          0          0   __rtentry4.o
        52          8          0          0          0          0   __scatter.o
        28          0          0          0          0          0   __scatter_zi.o
         0          0         12          0          0          0   _monlen.o
         6          0          0          0          0          0   _printf_a.o
         6          0          0          0          0          0   _printf_c.o
        44          0          0          0          0        108   _printf_char.o
        48          6          0          0          0         96   _printf_char_common.o
        36          4          0          0          0         80   _printf_char_file.o
        40          0          0          0          0         68   _printf_charcount.o
         6          0          0          0          0          0   _printf_d.o
       120         16          0          0          0         92   _printf_dec.o
         6          0          0          0          0          0   _printf_e.o
         6          0          0          0          0          0   _printf_f.o
      1054          0          0          0          0        216   _printf_fp_dec.o
       764          8         38          0          0        100   _printf_fp_hex.o
       128         16          0          0          0         84   _printf_fp_infnan.o
         6          0          0          0          0          0   _printf_g.o
       148          4         40          0          0        160   _printf_hex_int_ll_ptr.o
         6          0          0          0          0          0   _printf_i.o
       178          0          0          0          0         88   _printf_intcommon.o
        10          0          0          0          0          0   _printf_l.o
         6          0          0          0          0          0   _printf_lc.o
        10          0          0          0          0          0   _printf_ll.o
         6          0          0          0          0          0   _printf_lld.o
         6          0          0          0          0          0   _printf_lli.o
         6          0          0          0          0          0   _printf_llo.o
         6          0          0          0          0          0   _printf_llu.o
         6          0          0          0          0          0   _printf_llx.o
       124         16          0          0          0         92   _printf_longlong_dec.o
         6          0          0          0          0          0   _printf_ls.o
         6          0          0          0          0          0   _printf_n.o
         6          0          0          0          0          0   _printf_o.o
       112         10          0          0          0        124   _printf_oct_int_ll.o
         6          0          0          0          0          0   _printf_p.o
        78          0          0          0          0        108   _printf_pad.o
         0          0          0          0          0          0   _printf_percent.o
         4          0          0          0          0          0   _printf_percent_end.o
         6          0          0          0          0          0   _printf_s.o
        82          0          0          0          0         80   _printf_str.o
        36          0          0          0          0         84   _printf_truncate.o
         6          0          0          0          0          0   _printf_u.o
        44          0          0          0          0        108   _printf_wchar.o
       188          6          8          0          0         92   _printf_wctomb.o
         6          0          0          0          0          0   _printf_x.o
        22          0          0          0          0        100   _rserrno.o
        10          0          0          0          0         68   _sputc.o
        64          0          0          0          0         92   _wcrtomb.o
        16          0          0          0          0         68   aeabi_memset.o
       228          4        148          0          0         96   bigflt0.o
      1936        128          0          0          0        672   btod.o
        18          0          0          0          0         80   exit.o
         8          0          0          0          0         68   ferror.o
         6          0          0          0          0        152   heapauxi.o
        44         10        272          0          0         76   lc_ctype_c.o
        44         10         28          0          0         76   lc_numeric_c.o
         2          0          0          0          0          0   libinit.o
        34          0          0          0          0          0   libinit2.o
         2          0          0          0          0          0   libshutdown.o
         2          0          0          0          0          0   libshutdown2.o
         8          4          0          0         96         68   libspace.o
       138          0          0          0          0         80   lludiv10.o
        12          6          0          0         44         68   localtime.o
       184          6          0          0          0         80   localtime_internal.o
       428         10          0          0          0        116   mktime.o
       112         18          0          0        228        160   rand.o
        16          4          0          0          0         76   rt_ctype_table.o
         8          4          0          0          0         68   rt_errno_addr_intlibspace.o
         8          4          0          0          0         68   rt_locale_intlibspace.o
        68          0          0          0          0         68   rt_memclr.o
        78          0          0          0          0         80   rt_memclr_w.o
       138          0          0          0          0         68   rt_memcpy_v6.o
       100          0          0          0          0         80   rt_memcpy_w.o
         2          0          0          0          0          0   rtexit.o
        10          0          0          0          0          0   rtexit2.o
       128          0          0          0          0         68   strcmpv7m.o
        74          0          0          0          0         80   sys_stackheap_outer.o
         2          0          0          0          0         68   use_no_semi.o
         2          0          0          0          0         68   use_no_semi_2.o
        36          4          0          0          0         76   vsprintf.o
        98          4          0          0          0         92   d2f.o
       826         16          0          0          0        348   daddsub_clz.o
        16          4          0          0          0         68   dcheck1.o
        24          0          0          0          0         68   dcmpi.o
       688        140          0          0          0        208   ddiv.o
        94          4          0          0          0         92   dfix.o
        90          4          0          0          0         92   dfixu.o
        84          0          0          0          0        136   dflt_clz.o
       120          4          0          0          0         92   dleqf.o
       340         12          0          0          0        104   dmul.o
       156          4          0          0          0         92   dnaninf.o
        12          0          0          0          0         68   dretinf.o
       108          0          0          0          0         80   drleqf.o
       460         56          0          0          0        120   dsqrt_noumaal.o
        86          4          0          0          0         84   f2d.o
       450          8          0          0          0        236   faddsub_clz.o
        12          4          0          0          0         68   fcheck1.o
        24          0          0          0          0         68   fcmpi.o
       388         76          0          0          0         96   fdiv.o
       104          4          0          0          0         84   feqf.o
        54          4          0          0          0         84   ffix.o
        86          0          0          0          0        136   fflt_clz.o
       104          4          0          0          0         84   fleqf.o
       258          4          0          0          0         84   fmul.o
       140          4          0          0          0         84   fnaninf.o
        10          0          0          0          0         68   fretinf.o
        98          0          0          0          0         68   frleqf.o
         4          0          0          0          0         68   printf1.o
         4          0          0          0          0         68   printf2.o
       100          0          0          0          0         68   retnan.o
        92          0          0          0          0         68   scalbn.o
        76          0          0          0          0         68   scalbnf.o
        48          0          0          0          0         68   trapv.o
         0          0          0          0          0          0   usenofp.o
       604         76          0          0          0        116   atan2f.o
       252         22         48          0          0        124   cos_i.o
        34          6          0          0          0        204   dunder.o
        40          0          0          0          0         68   fpclassify.o
        38          0          0          0          0         68   fpclassifyf.o
        14          0          0          0          0        136   funder.o
       170          0          0          0          0         96   poly.o
       904         76        200          0          0        140   rred.o
       160         10          0          0          0        108   sin.o
       236         12         40          0          0        128   sin_i.o
        76          0          0          0          0         84   sqrt.o

    ----------------------------------------------------------------------
     15800        876        860          0        368       9664   Library Totals
        36          0          9          0          0          0   (incl. Padding)

    ----------------------------------------------------------------------

      Code (inc. data)   RO Data    RW Data    ZI Data      Debug   Library Name

      7982        314        563          0        368       5080   c_w.l
      5254        360          0          0          0       3312   fz_ws.l
      2528        202        288          0          0       1272   m_ws.l

    ----------------------------------------------------------------------
     15800        876        860          0        368       9664   Library Totals

    ----------------------------------------------------------------------

==============================================================================


      Code (inc. data)   RO Data    RW Data    ZI Data      Debug   

     40842       4436      10002        376      10512     560599   Grand Totals
     40842       4436      10002         68      10512     560599   ELF Image Totals (compressed)
     40842       4436      10002         68          0          0   ROM Totals

==============================================================================

    Total RO  Size (Code + RO Data)                50844 (  49.65kB)
    Total RW  Size (RW Data + ZI Data)             10888 (  10.63kB)
    Total ROM Size (Code + RO Data + RW Data)      50912 (  49.72kB)

==============================================================================

